Archive member included to satisfy reference by file (symbol)

c:/users/nrasheed/open-amp-master/libs/open_amp\libopen_amp.a(remoteproc.o)
                              tests/remote/baremetal/echo_test/echo_test.o (remoteproc_resource_init)
c:/users/nrasheed/open-amp-master/libs/open_amp\libopen_amp.a(remoteproc_loader.o)
                              c:/users/nrasheed/open-amp-master/libs/open_amp\libopen_amp.a(remoteproc.o) (remoteproc_loader_init)
c:/users/nrasheed/open-amp-master/libs/open_amp\libopen_amp.a(rsc_table_parser.o)
                              c:/users/nrasheed/open-amp-master/libs/open_amp\libopen_amp.a(remoteproc.o) (handle_rsc_table)
c:/users/nrasheed/open-amp-master/libs/open_amp\libopen_amp.a(rpmsg.o)
                              c:/users/nrasheed/open-amp-master/libs/open_amp\libopen_amp.a(remoteproc.o) (rpmsg_init)
c:/users/nrasheed/open-amp-master/libs/open_amp\libopen_amp.a(rpmsg_core.o)
                              c:/users/nrasheed/open-amp-master/libs/open_amp\libopen_amp.a(rpmsg.o) (rpmsg_start_ipc)
c:/users/nrasheed/open-amp-master/libs/open_amp\libopen_amp.a(virtqueue.o)
                              c:/users/nrasheed/open-amp-master/libs/open_amp\libopen_amp.a(rpmsg_core.o) (virtqueue_add_buffer)
c:/users/nrasheed/open-amp-master/libs/open_amp\libopen_amp.a(hil.o)
                              c:/users/nrasheed/open-amp-master/libs/open_amp\libopen_amp.a(remoteproc.o) (hil_create_proc)
c:/users/nrasheed/open-amp-master/libs/open_amp\libopen_amp.a(llist.o)
                              c:/users/nrasheed/open-amp-master/libs/open_amp\libopen_amp.a(rpmsg_core.o) (add_to_list)
c:/users/nrasheed/open-amp-master/libs/open_amp\libopen_amp.a(sh_mem.o)
                              c:/users/nrasheed/open-amp-master/libs/open_amp\libopen_amp.a(rpmsg_core.o) (sh_mem_get_buffer)
c:/users/nrasheed/open-amp-master/libs/open_amp\libopen_amp.a(config.o)
                              c:/users/nrasheed/open-amp-master/libs/open_amp\libopen_amp.a(hil.o) (config_get_firmware)
c:/users/nrasheed/open-amp-master/libs/open_amp\libopen_amp.a(platform_info.o)
                              c:/users/nrasheed/open-amp-master/libs/open_amp\libopen_amp.a(hil.o) (platform_get_processor_info)
c:/users/nrasheed/open-amp-master/libs/open_amp\libopen_amp.a(bm_env.o)
                              c:/users/nrasheed/open-amp-master/libs/open_amp\libopen_amp.a(remoteproc.o) (env_init)
c:/users/nrasheed/open-amp-master/libs/open_amp\libopen_amp.a(elf_loader.o)
                              c:/users/nrasheed/open-amp-master/libs/open_amp\libopen_amp.a(remoteproc_loader.o) (elf_loader_init)
c:/users/nrasheed/open-amp-master/libs/open_amp\libopen_amp.a(remote_device.o)
                              c:/users/nrasheed/open-amp-master/libs/open_amp\libopen_amp.a(rpmsg.o) (rpmsg_rdev_init)
c:/users/nrasheed/open-amp-master/libs/open_amp\libopen_amp.a(platform.o)
                              c:/users/nrasheed/open-amp-master/libs/open_amp\libopen_amp.a(platform_info.o) (proc_ops)
c:/users/nrasheed/open-amp-master/libs/open_amp\libopen_amp.a(cyclone_trampoline.o)
                              c:/users/nrasheed/open-amp-master/libs/open_amp\libopen_amp.a(platform.o) (cyclone_trampoline)
c:/users/nrasheed/open-amp-master/libs/system/cyclone_v_soc_dk/baremetal\libbaremetal_remote.a(baremetal.o)
                              tests/remote/baremetal/echo_test/echo_test.o (ARM_AR_ISR_SYS_Stack)
c:/mgc/embedded201406/readystart-arm/codebench/bin/../lib/gcc/arm-none-eabi/4.8.3/../../../../arm-none-eabi/lib\libc.a(lib_a-asm-memcpy.o)
                              c:/users/nrasheed/open-amp-master/libs/open_amp\libopen_amp.a(bm_env.o) (memcpy)
c:/mgc/embedded201406/readystart-arm/codebench/bin/../lib/gcc/arm-none-eabi/4.8.3/../../../../arm-none-eabi/lib\libc.a(lib_a-malloc.o)
                              c:/users/nrasheed/open-amp-master/libs/open_amp\libopen_amp.a(bm_env.o) (malloc)
c:/mgc/embedded201406/readystart-arm/codebench/bin/../lib/gcc/arm-none-eabi/4.8.3/../../../../arm-none-eabi/lib\libc.a(lib_a-mallocr.o)
                              c:/mgc/embedded201406/readystart-arm/codebench/bin/../lib/gcc/arm-none-eabi/4.8.3/../../../../arm-none-eabi/lib\libc.a(lib_a-malloc.o) (_malloc_r)
c:/mgc/embedded201406/readystart-arm/codebench/bin/../lib/gcc/arm-none-eabi/4.8.3/../../../../arm-none-eabi/lib\libc.a(lib_a-memset.o)
                              c:/users/nrasheed/open-amp-master/libs/open_amp\libopen_amp.a(bm_env.o) (memset)
c:/mgc/embedded201406/readystart-arm/codebench/bin/../lib/gcc/arm-none-eabi/4.8.3/../../../../arm-none-eabi/lib\libc.a(lib_a-mlock.o)
                              c:/mgc/embedded201406/readystart-arm/codebench/bin/../lib/gcc/arm-none-eabi/4.8.3/../../../../arm-none-eabi/lib\libc.a(lib_a-mallocr.o) (__malloc_lock)
c:/mgc/embedded201406/readystart-arm/codebench/bin/../lib/gcc/arm-none-eabi/4.8.3/../../../../arm-none-eabi/lib\libc.a(lib_a-printf.o)
[...]
Memory Configuration

Name             Origin             Length             Attributes
boot_rom         0xfffd0000         0x00010000         xr
oc_ram           0xffff0000         0x00010000         xrw
ram              0x01000000         0x1f000000         xrw
*default*        0x00000000         0xffffffff

Linker script and memory map

LOAD c:/mgc/embedded201406/readystart-arm/codebench/bin/../lib/gcc/arm-none-eabi/4.8.3/crti.o
LOAD c:/mgc/embedded201406/readystart-arm/codebench/bin/../lib/gcc/arm-none-eabi/4.8.3/crtbegin.o
START GROUP
LOAD tests/remote/baremetal/echo_test/echo_test.o
LOAD tests/remote/baremetal/echo_test/rsc_table.o
LOAD c:/users/nrasheed/open-amp-master/libs/open_amp\libopen_amp.a
LOAD c:/users/nrasheed/open-amp-master/libs/system/cyclone_v_soc_dk/baremetal\libbaremetal_remote.a
LOAD c:/mgc/embedded201406/readystart-arm/codebench/bin/../lib/gcc/arm-none-eabi/4.8.3/../../../../arm-none-eabi/lib\libc.a
LOAD c:/mgc/embedded201406/readystart-arm/codebench/bin/../lib/gcc/arm-none-eabi/4.8.3/../../../../arm-none-eabi/lib\libm.a
LOAD c:/mgc/embedded201406/readystart-arm/codebench/bin/../lib/gcc/arm-none-eabi/4.8.3/../../../../arm-none-eabi/lib\libstdc++.a
LOAD c:/mgc/embedded201406/readystart-arm/codebench/bin/../lib/gcc/arm-none-eabi/4.8.3/../../../../arm-none-eabi/lib\libcs3.a
LOAD c:/mgc/embedded201406/readystart-arm/codebench/bin/../lib/gcc/arm-none-eabi/4.8.3/../../../../arm-none-eabi/lib\libcs3arm.a
LOAD c:/mgc/embedded201406/readystart-arm/codebench/bin/../lib/gcc/arm-none-eabi/4.8.3/../../../../arm-none-eabi/lib\libcs3unhosted.a
END GROUP
START GROUP
LOAD c:/mgc/embedded201406/readystart-arm/codebench/bin/../lib/gcc/arm-none-eabi/4.8.3\libgcc.a
LOAD c:/mgc/embedded201406/readystart-arm/codebench/bin/../lib/gcc/arm-none-eabi/4.8.3/../../../../arm-none-eabi/lib\libc.a
END GROUP
LOAD c:/mgc/embedded201406/readystart-arm/codebench/bin/../lib/gcc/arm-none-eabi/4.8.3/crtend.o
LOAD c:/mgc/embedded201406/readystart-arm/codebench/bin/../lib/gcc/arm-none-eabi/4.8.3/crtn.o
START GROUP
LOAD c:/mgc/embedded201406/readystart-arm/codebench/bin/../lib/gcc/arm-none-eabi/4.8.3\libgcc.a
LOAD c:/mgc/embedded201406/readystart-arm/codebench/bin/../lib/gcc/arm-none-eabi/4.8.3/../../../../arm-none-eabi/lib\libc.a
LOAD c:/mgc/embedded201406/readystart-arm/codebench/bin/../lib/gcc/arm-none-eabi/4.8.3/../../../../arm-none-eabi/lib\libcs3.a
LOAD c:/mgc/embedded201406/readystart-arm/codebench/bin/../lib/gcc/arm-none-eabi/4.8.3/../../../../arm-none-eabi/lib\libcs3unhosted.a
LOAD c:/mgc/embedded201406/readystart-arm/codebench/bin/../lib/gcc/arm-none-eabi/4.8.3/../../../../arm-none-eabi/lib\libcs3arm.a
END GROUP
                0x0100fa30                PROVIDE (__cs3_heap_start, _end)
                0x20000000                PROVIDE (__cs3_heap_end, (__cs3_region_start_ram + __cs3_region_size_ram))
                0x00000002                PROVIDE (__cs3_region_num, ((__cs3_regions_end - __cs3_regions) / 0x14))
                0x20000000                PROVIDE (__cs3_stack, (__cs3_region_start_ram + __cs3_region_size_ram))
                0x00000000                _binary_firmware1_start = 0x0
                0x00000000                _binary_firmware1_end = 0x0
                0x00000000                _binary_firmware2_start = 0x0
                0x00000000                _binary_firmware2_end = 0x0

.text           0x01000000     0xcf60
 CREATE_OBJECT_SYMBOLS
                0x01000000                __cs3_region_start_ram = .
                0x01000000                _ftext = .
 *(.cs3.region-head.ram)
                0x00000001                ASSERT ((. == __cs3_region_start_ram), .cs3.region-head.ram not permitted)
                0x01000000                __cs3_interrupt_vector = __cs3_interrupt_vector_arm
 *(.cs3.interrupt_vector)
 .cs3.interrupt_vector
                0x01000000       0x40 c:/mgc/embedded201406/readystart-arm/codebench/bin/../lib/gcc/arm-none-eabi/4.8.3/../../../../arm-none-eabi/lib\libcs3arm.a(arm-vector.o)
                0x01000000                __cs3_interrupt_vector_arm
                0x00000001                ASSERT ((. != __cs3_interrupt_vector_arm), No interrupt vector)
                0x01000040                PROVIDE (__cs3_reset, __cs3_reset_cycloneV_dk_ram)
 *(.cs3.reset)
 .cs3.reset     0x01000040        0x4 c:/mgc/embedded201406/readystart-arm/codebench/bin/../lib/gcc/arm-none-eabi/4.8.3/../../../../arm-none-eabi/lib\libcs3.a(cycloneV-dk-reset-ram.o)
                0x01000040                __cs3_reset_cycloneV_dk_ram
                [0x010000d8]                _start = DEFINED (__cs3_start_asm)?__cs3_start_asm:_start
 *(.text.cs3.init)
 .text.cs3.init
                0x01000044       0x94 c:/mgc/embedded201406/readystart-arm/codebench/bin/../lib/gcc/arm-none-eabi/4.8.3/../../../../arm-none-eabi/lib\libcs3.a(start_c.o)
                0x01000044                __cs3_start_c
 .text.cs3.init
                0x010000d8        0xc c:/mgc/embedded201406/readystart-arm/codebench/bin/../lib/gcc/arm-none-eabi/4.8.3/../../../../arm-none-eabi/lib\libcs3unhosted.a(unhosted-start.o)
 *(.text .text.* .gnu.linkonce.t.*)
 .text          0x010000e4      0x128 c:/mgc/embedded201406/readystart-arm/codebench/bin/../lib/gcc/arm-none-eabi/4.8.3/crtbegin.o
 .text.rpmsg_send
                0x0100020c       0x80 tests/remote/baremetal/echo_test/echo_test.o
 .text.main     0x0100028c       0x80 tests/remote/baremetal/echo_test/echo_test.o
                0x0100028c                main
 .text.rpmsg_channel_created
                0x0100030c       0x50 tests/remote/baremetal/echo_test/echo_test.o
 .text.rpmsg_channel_deleted
                0x0100035c       0x1c tests/remote/baremetal/echo_test/echo_test.o
 .text.rpmsg_read_cb
                0x01000378       0x64 tests/remote/baremetal/echo_test/echo_test.o
 .text.sleep    0x010003dc       0x3c tests/remote/baremetal/echo_test/echo_test.o
 .text.init_system
                0x01000418       0x20 tests/remote/baremetal/echo_test/echo_test.o
 .text.remoteproc_resource_init
                0x01000438      0x170 c:/users/nrasheed/open-amp-master/libs/open_amp\libopen_amp.a(remoteproc.o)
                0x01000438                remoteproc_resource_init
 .text.remoteproc_resource_deinit
                0x010005a8       0x7c c:/users/nrasheed/open-amp-master/libs/open_amp\libopen_amp.a(remoteproc.o)
                0x010005a8                remoteproc_resource_deinit
 .text.vring_size
                0x01000624       0x84 c:/users/nrasheed/open-amp-master/libs/open_amp\libopen_amp.a(rsc_table_parser.o)
 .text.handle_rsc_table
                0x010006a8      0x150 c:/users/nrasheed/open-amp-master/libs/open_amp\libopen_amp.a(rsc_table_parser.o)
                0x010006a8                handle_rsc_table
 .text.handle_carve_out_rsc
                0x010007f8       0x9c c:/users/nrasheed/open-amp-master/libs/open_amp\libopen_amp.a(rsc_table_parser.o)
                0x010007f8                handle_carve_out_rsc
 .text.handle_trace_rsc
                0x01000894       0x2c c:/users/nrasheed/open-amp-master/libs/open_amp\libopen_amp.a(rsc_table_parser.o)
                0x01000894                handle_trace_rsc
 .text.handle_dev_mem_rsc
                0x010008c0       0x2c c:/users/nrasheed/open-amp-master/libs/open_amp\libopen_amp.a(rsc_table_parser.o)
                0x010008c0                handle_dev_mem_rsc
 .text.handle_vdev_rsc
                0x010008ec      0x1d4 c:/users/nrasheed/open-amp-master/libs/open_amp\libopen_amp.a(rsc_table_parser.o)
                0x010008ec                handle_vdev_rsc
 .text.handle_mmu_rsc
                0x01000ac0       0x2c c:/users/nrasheed/open-amp-master/libs/open_amp\libopen_amp.a(rsc_table_parser.o)
                0x01000ac0                handle_mmu_rsc
 .text.rpmsg_init
                0x01000aec       0xa4 c:/users/nrasheed/open-amp-master/libs/open_amp\libopen_amp.a(rpmsg.o)
                0x01000aec                rpmsg_init
 .text.rpmsg_deinit
                0x01000b90       0x30 c:/users/nrasheed/open-amp-master/libs/open_amp\libopen_amp.a(rpmsg.o)
                0x01000b90                rpmsg_deinit
 .text.rpmsg_send_offchannel_raw
                0x01000bc0      0x26c c:/users/nrasheed/open-amp-master/libs/open_amp\libopen_amp.a(rpmsg.o)
                0x01000bc0                rpmsg_send_offchannel_raw
 .text.rpmsg_create_ept
                0x01000e2c       0x98 c:/users/nrasheed/open-amp-master/libs/open_amp\libopen_amp.a(rpmsg.o)
                0x01000e2c                rpmsg_create_ept
 .text.rpmsg_destroy_ept
                0x01000ec4       0x4c c:/users/nrasheed/open-amp-master/libs/open_amp\libopen_amp.a(rpmsg.o)
                0x01000ec4                rpmsg_destroy_ept
 .text.rpmsg_send
                0x01000f10       0x80 c:/users/nrasheed/open-amp-master/libs/open_amp\libopen_amp.a(rpmsg_core.o)
 .text.rpmsg_start_ipc
                0x01000f90      0x158 c:/users/nrasheed/open-amp-master/libs/open_amp\libopen_amp.a(rpmsg_core.o)
                0x01000f90                rpmsg_start_ipc
 .text._rpmsg_create_channel
                0x010010e8       0xf4 c:/users/nrasheed/open-amp-master/libs/open_amp\libopen_amp.a(rpmsg_core.o)
                0x010010e8                _rpmsg_create_channel
 .text._rpmsg_delete_channel
                0x010011dc       0x9c c:/users/nrasheed/open-amp-master/libs/open_amp\libopen_amp.a(rpmsg_core.o)
                0x010011dc                _rpmsg_delete_channel
 .text._create_endpoint
                0x01001278      0x194 c:/users/nrasheed/open-amp-master/libs/open_amp\libopen_amp.a(rpmsg_core.o)
                0x01001278                _create_endpoint
 .text._destroy_endpoint
                0x0100140c       0xa4 c:/users/nrasheed/open-amp-master/libs/open_amp\libopen_amp.a(rpmsg_core.o)
                0x0100140c                _destroy_endpoint
 .text.rpmsg_send_ns_message
                0x010014b0      0x110 c:/users/nrasheed/open-amp-master/libs/open_amp\libopen_amp.a(rpmsg_core.o)
                0x010014b0                rpmsg_send_ns_message
 .text.rpmsg_enqueue_buffer
                0x010015c0       0xac c:/users/nrasheed/open-amp-master/libs/open_amp\libopen_amp.a(rpmsg_core.o)
                0x010015c0                rpmsg_enqueue_buffer
 .text.rpmsg_return_buffer
                0x0100166c       0x9c c:/users/nrasheed/open-amp-master/libs/open_amp\libopen_amp.a(rpmsg_core.o)
                0x0100166c                rpmsg_return_buffer
 .text.rpmsg_get_tx_buffer
                0x01001708       0xa4 c:/users/nrasheed/open-amp-master/libs/open_amp\libopen_amp.a(rpmsg_core.o)
                0x01001708                rpmsg_get_tx_buffer
 .text.rpmsg_get_rx_buffer
                0x010017ac       0x78 c:/users/nrasheed/open-amp-master/libs/open_amp\libopen_amp.a(rpmsg_core.o)
                0x010017ac                rpmsg_get_rx_buffer
 .text.rpmsg_free_buffer
                0x01001824       0x40 c:/users/nrasheed/open-amp-master/libs/open_amp\libopen_amp.a(rpmsg_core.o)
                0x01001824                rpmsg_free_buffer
 .text.rpmsg_tx_callback
                0x01001864       0xcc c:/users/nrasheed/open-amp-master/libs/open_amp\libopen_amp.a(rpmsg_core.o)
 .text.rpmsg_rx_callback
                0x01001930      0x188 c:/users/nrasheed/open-amp-master/libs/open_amp\libopen_amp.a(rpmsg_core.o)
 .text.rpmsg_ns_callback
                0x01001ab8      0x178 c:/users/nrasheed/open-amp-master/libs/open_amp\libopen_amp.a(rpmsg_core.o)
                0x01001ab8                rpmsg_ns_callback
 .text.rpmsg_get_address
                0x01001c30       0xd4 c:/users/nrasheed/open-amp-master/libs/open_amp\libopen_amp.a(rpmsg_core.o)
                0x01001c30                rpmsg_get_address
 .text.rpmsg_release_address
                0x01001d04       0xc8 c:/users/nrasheed/open-amp-master/libs/open_amp\libopen_amp.a(rpmsg_core.o)
                0x01001d04                rpmsg_release_address
 .text.rpmsg_is_address_set
                0x01001dcc       0xac c:/users/nrasheed/open-amp-master/libs/open_amp\libopen_amp.a(rpmsg_core.o)
                0x01001dcc                rpmsg_is_address_set
 .text.rpmsg_set_address
                0x01001e78       0xc4 c:/users/nrasheed/open-amp-master/libs/open_amp\libopen_amp.a(rpmsg_core.o)
                0x01001e78                rpmsg_set_address
 .text.vring_size
                0x01001f3c       0x84 c:/users/nrasheed/open-amp-master/libs/open_amp\libopen_amp.a(virtqueue.o)
 .text.vring_init
                0x01001fc0       0x98 c:/users/nrasheed/open-amp-master/libs/open_amp\libopen_amp.a(virtqueue.o)
 .text.vring_need_event
                0x01002058       0x64 c:/users/nrasheed/open-amp-master/libs/open_amp\libopen_amp.a(virtqueue.o)
 .text.virtqueue_create
                0x010020bc      0x16c c:/users/nrasheed/open-amp-master/libs/open_amp\libopen_amp.a(virtqueue.o)
                0x010020bc                virtqueue_create
 .text.virtqueue_add_buffer
                0x01002228      0x10c c:/users/nrasheed/open-amp-master/libs/open_amp\libopen_amp.a(virtqueue.o)
                0x01002228                virtqueue_add_buffer
 .text.virtqueue_get_buffer
                0x01002334      0x118 c:/users/nrasheed/open-amp-master/libs/open_amp\libopen_amp.a(virtqueue.o)
                0x01002334                virtqueue_get_buffer
 .text.virtqueue_free
                0x0100244c       0x84 c:/users/nrasheed/open-amp-master/libs/open_amp\libopen_amp.a(virtqueue.o)
                0x0100244c                virtqueue_free
 .text.virtqueue_get_available_buffer
                0x010024d0      0x108 c:/users/nrasheed/open-amp-master/libs/open_amp\libopen_amp.a(virtqueue.o)
                0x010024d0                virtqueue_get_available_buffer
 .text.virtqueue_add_consumed_buffer
                0x010025d8       0xd4 c:/users/nrasheed/open-amp-master/libs/open_amp\libopen_amp.a(virtqueue.o)
                0x010025d8                virtqueue_add_consumed_buffer
 .text.virtqueue_disable_cb
                0x010026ac       0x94 c:/users/nrasheed/open-amp-master/libs/open_amp\libopen_amp.a(virtqueue.o)
                0x010026ac                virtqueue_disable_cb
 .text.virtqueue_kick
                0x01002740       0x44 c:/users/nrasheed/open-amp-master/libs/open_amp\libopen_amp.a(virtqueue.o)
                0x01002740                virtqueue_kick
 .text.vq_ring_add_buffer
                0x01002784      0x138 c:/users/nrasheed/open-amp-master/libs/open_amp\libopen_amp.a(virtqueue.o)
 .text.vq_ring_free_chain
                0x010028bc      0x108 c:/users/nrasheed/open-amp-master/libs/open_amp\libopen_amp.a(virtqueue.o)
 .text.vq_ring_init
                0x010029c4       0xc8 c:/users/nrasheed/open-amp-master/libs/open_amp\libopen_amp.a(virtqueue.o)
 .text.vq_ring_update_avail
                0x01002a8c       0xa4 c:/users/nrasheed/open-amp-master/libs/open_amp\libopen_amp.a(virtqueue.o)
 .text.virtqueue_notification
                0x01002b30       0x38 c:/users/nrasheed/open-amp-master/libs/open_amp\libopen_amp.a(virtqueue.o)
                0x01002b30                virtqueue_notification
 .text.vq_ring_must_notify_host
                0x01002b68       0xcc c:/users/nrasheed/open-amp-master/libs/open_amp\libopen_amp.a(virtqueue.o)
 .text.vq_ring_notify_host
                0x01002c34       0x38 c:/users/nrasheed/open-amp-master/libs/open_amp\libopen_amp.a(virtqueue.o)
 .text.hil_create_proc
                0x01002c6c      0x148 c:/users/nrasheed/open-amp-master/libs/open_amp\libopen_amp.a(hil.o)
                0x01002c6c                hil_create_proc
 .text.hil_delete_proc
                0x01002db4       0x94 c:/users/nrasheed/open-amp-master/libs/open_amp\libopen_amp.a(hil.o)
                0x01002db4                hil_delete_proc
 .text.hil_isr  0x01002e48       0x28 c:/users/nrasheed/open-amp-master/libs/open_amp\libopen_amp.a(hil.o)
                0x01002e48                hil_isr
 .text.hil_get_chnl_info
                0x01002e70       0x40 c:/users/nrasheed/open-amp-master/libs/open_amp\libopen_amp.a(hil.o)
                0x01002e70                hil_get_chnl_info
 .text.hil_get_vdev_info
                0x01002eb0       0x28 c:/users/nrasheed/open-amp-master/libs/open_amp\libopen_amp.a(hil.o)
                0x01002eb0                hil_get_vdev_info
 .text.hil_get_vring_info
                0x01002ed8       0x40 c:/users/nrasheed/open-amp-master/libs/open_amp\libopen_amp.a(hil.o)
                0x01002ed8                hil_get_vring_info
 .text.hil_get_shm_info
                0x01002f18       0x28 c:/users/nrasheed/open-amp-master/libs/open_amp\libopen_amp.a(hil.o)
                0x01002f18                hil_get_shm_info
 .text.hil_enable_vring_notifications
                0x01002f40       0x84 c:/users/nrasheed/open-amp-master/libs/open_amp\libopen_amp.a(hil.o)
                0x01002f40                hil_enable_vring_notifications
 .text.hil_vring_notify
                0x01002fc4       0x88 c:/users/nrasheed/open-amp-master/libs/open_amp\libopen_amp.a(hil.o)
                0x01002fc4                hil_vring_notify
 .text.hil_get_status
                0x0100304c       0x24 c:/users/nrasheed/open-amp-master/libs/open_amp\libopen_amp.a(hil.o)
                0x0100304c                hil_get_status
 .text.hil_set_status
                0x01003070       0x24 c:/users/nrasheed/open-amp-master/libs/open_amp\libopen_amp.a(hil.o)
                0x01003070                hil_set_status
 .text.add_to_list
                0x01003094       0xa8 c:/users/nrasheed/open-amp-master/libs/open_amp\libopen_amp.a(llist.o)
                0x01003094                add_to_list
 .text.remove_from_list
                0x0100313c       0xbc c:/users/nrasheed/open-amp-master/libs/open_amp\libopen_amp.a(llist.o)
                0x0100313c                remove_from_list
 .text.sh_mem_create_pool
                0x010031f8      0x198 c:/users/nrasheed/open-amp-master/libs/open_amp\libopen_amp.a(sh_mem.o)
                0x010031f8                sh_mem_create_pool
 .text.sh_mem_get_buffer
                0x01003390      0x170 c:/users/nrasheed/open-amp-master/libs/open_amp\libopen_amp.a(sh_mem.o)
                0x01003390                sh_mem_get_buffer
 .text.sh_mem_free_buffer
                0x01003500      0x108 c:/users/nrasheed/open-amp-master/libs/open_amp\libopen_amp.a(sh_mem.o)
                0x01003500                sh_mem_free_buffer
 .text.sh_mem_delete_pool
                0x01003608       0x3c c:/users/nrasheed/open-amp-master/libs/open_amp\libopen_amp.a(sh_mem.o)
                0x01003608                sh_mem_delete_pool
 .text.get_first_zero_bit
                0x01003644       0xcc c:/users/nrasheed/open-amp-master/libs/open_amp\libopen_amp.a(sh_mem.o)
                0x01003644                get_first_zero_bit
 .text.platform_get_processor_info
                0x01003710       0xbc c:/users/nrasheed/open-amp-master/libs/open_amp\libopen_amp.a(platform_info.o)
                0x01003710                platform_get_processor_info
 .text.env_init
                0x010037cc       0x1c c:/users/nrasheed/open-amp-master/libs/open_amp\libopen_amp.a(bm_env.o)
                0x010037cc                env_init
 .text.env_deinit
                0x010037e8       0x1c c:/users/nrasheed/open-amp-master/libs/open_amp\libopen_amp.a(bm_env.o)
                0x010037e8                env_deinit
 .text.env_allocate_memory
                0x01003804       0x28 c:/users/nrasheed/open-amp-master/libs/open_amp\libopen_amp.a(bm_env.o)
                0x01003804                env_allocate_memory
 .text.env_free_memory
                0x0100382c       0x2c c:/users/nrasheed/open-amp-master/libs/open_amp\libopen_amp.a(bm_env.o)
                0x0100382c                env_free_memory
 .text.env_memset
                0x01003858       0x30 c:/users/nrasheed/open-amp-master/libs/open_amp\libopen_amp.a(bm_env.o)
                0x01003858                env_memset
 .text.env_memcpy
                0x01003888       0x30 c:/users/nrasheed/open-amp-master/libs/open_amp\libopen_amp.a(bm_env.o)
                0x01003888                env_memcpy
 .text.env_strncpy
                0x010038b8       0x30 c:/users/nrasheed/open-amp-master/libs/open_amp\libopen_amp.a(bm_env.o)
                0x010038b8                env_strncpy
 .text.env_strncmp
                0x010038e8       0x38 c:/users/nrasheed/open-amp-master/libs/open_amp\libopen_amp.a(bm_env.o)
                0x010038e8                env_strncmp
 .text.env_mb   0x01003920       0x14 c:/users/nrasheed/open-amp-master/libs/open_amp\libopen_amp.a(bm_env.o)
                0x01003920                env_mb
 .text.env_rmb  0x01003934       0x14 c:/users/nrasheed/open-amp-master/libs/open_amp\libopen_amp.a(bm_env.o)
                0x01003934                env_rmb
 .text.env_wmb  0x01003948       0x14 c:/users/nrasheed/open-amp-master/libs/open_amp\libopen_amp.a(bm_env.o)
                0x01003948                env_wmb
 .text.env_map_vatopa
                0x0100395c       0x24 c:/users/nrasheed/open-amp-master/libs/open_amp\libopen_amp.a(bm_env.o)
                0x0100395c                env_map_vatopa
 .text.env_map_patova
                0x01003980       0x24 c:/users/nrasheed/open-amp-master/libs/open_amp\libopen_amp.a(bm_env.o)
                0x01003980                env_map_patova
 .text.env_create_mutex
                0x010039a4       0x28 c:/users/nrasheed/open-amp-master/libs/open_amp\libopen_amp.a(bm_env.o)
                0x010039a4                env_create_mutex
 .text.env_delete_mutex
                0x010039cc       0x1c c:/users/nrasheed/open-amp-master/libs/open_amp\libopen_amp.a(bm_env.o)
                0x010039cc                env_delete_mutex
 .text.env_lock_mutex
                0x010039e8       0x1c c:/users/nrasheed/open-amp-master/libs/open_amp\libopen_amp.a(bm_env.o)
                0x010039e8                env_lock_mutex
 .text.env_unlock_mutex
                0x01003a04       0x1c c:/users/nrasheed/open-amp-master/libs/open_amp\libopen_amp.a(bm_env.o)
                0x01003a04                env_unlock_mutex
 .text.env_sleep_msec
                0x01003a20       0x1c c:/users/nrasheed/open-amp-master/libs/open_amp\libopen_amp.a(bm_env.o)
                0x01003a20                env_sleep_msec
 .text.env_disable_interrupts
                0x01003a3c       0x34 c:/users/nrasheed/open-amp-master/libs/open_amp\libopen_amp.a(bm_env.o)
                0x01003a3c                env_disable_interrupts
 .text.env_restore_interrupts
                0x01003a70       0x34 c:/users/nrasheed/open-amp-master/libs/open_amp\libopen_amp.a(bm_env.o)
                0x01003a70                env_restore_interrupts
 .text.env_register_isr
                0x01003aa4       0xe8 c:/users/nrasheed/open-amp-master/libs/open_amp\libopen_amp.a(bm_env.o)
                0x01003aa4                env_register_isr
 .text.env_enable_interrupt
                0x01003b8c       0xfc c:/users/nrasheed/open-amp-master/libs/open_amp\libopen_amp.a(bm_env.o)
                0x01003b8c                env_enable_interrupt
 .text.env_disable_interrupt
                0x01003c88       0x24 c:/users/nrasheed/open-amp-master/libs/open_amp\libopen_amp.a(bm_env.o)
                0x01003c88                env_disable_interrupt
 .text.env_map_memory
                0x01003cac       0xac c:/users/nrasheed/open-amp-master/libs/open_amp\libopen_amp.a(bm_env.o)
                0x01003cac                env_map_memory
 .text.env_disable_cache
                0x01003d58      0x238 c:/users/nrasheed/open-amp-master/libs/open_amp\libopen_amp.a(bm_env.o)
                0x01003d58                env_disable_cache
 .text.bm_env_isr
                0x01003f90       0xd8 c:/users/nrasheed/open-amp-master/libs/open_amp\libopen_amp.a(bm_env.o)
                0x01003f90                bm_env_isr
 .text.vring_size
                0x01004068       0x84 c:/users/nrasheed/open-amp-master/libs/open_amp\libopen_amp.a(remote_device.o)
 .text.rpmsg_rdev_init
                0x010040ec      0x1d4 c:/users/nrasheed/open-amp-master/libs/open_amp\libopen_amp.a(remote_device.o)
                0x010040ec                rpmsg_rdev_init
 .text.rpmsg_rdev_deinit
                0x010042c0      0x184 c:/users/nrasheed/open-amp-master/libs/open_amp\libopen_amp.a(remote_device.o)
                0x010042c0                rpmsg_rdev_deinit
 .text.rpmsg_rdev_get_chnl_node_from_id
                0x01004444       0xb0 c:/users/nrasheed/open-amp-master/libs/open_amp\libopen_amp.a(remote_device.o)
                0x01004444                rpmsg_rdev_get_chnl_node_from_id
 .text.rpmsg_rdev_get_endpoint_from_addr
                0x010044f4       0xa4 c:/users/nrasheed/open-amp-master/libs/open_amp\libopen_amp.a(remote_device.o)
                0x010044f4                rpmsg_rdev_get_endpoint_from_addr
 .text.rpmsg_rdev_notify
                0x01004598       0x98 c:/users/nrasheed/open-amp-master/libs/open_amp\libopen_amp.a(remote_device.o)
                0x01004598                rpmsg_rdev_notify
 .text.rpmsg_rdev_init_channels
                0x01004630      0x10c c:/users/nrasheed/open-amp-master/libs/open_amp\libopen_amp.a(remote_device.o)
 .text.rpmsg_rdev_create_virtqueues
                0x0100473c      0x338 c:/users/nrasheed/open-amp-master/libs/open_amp\libopen_amp.a(remote_device.o)
                0x0100473c                rpmsg_rdev_create_virtqueues
 .text.rpmsg_rdev_get_status
                0x01004a74       0x24 c:/users/nrasheed/open-amp-master/libs/open_amp\libopen_amp.a(remote_device.o)
                0x01004a74                rpmsg_rdev_get_status
 .text.rpmsg_rdev_set_status
                0x01004a98       0x24 c:/users/nrasheed/open-amp-master/libs/open_amp\libopen_amp.a(remote_device.o)
                0x01004a98                rpmsg_rdev_set_status
 .text.rpmsg_rdev_get_feature
                0x01004abc       0x28 c:/users/nrasheed/open-amp-master/libs/open_amp\libopen_amp.a(remote_device.o)
                0x01004abc                rpmsg_rdev_get_feature
 .text.rpmsg_rdev_set_feature
                0x01004ae4       0x38 c:/users/nrasheed/open-amp-master/libs/open_amp\libopen_amp.a(remote_device.o)
                0x01004ae4                rpmsg_rdev_set_feature
 .text.rpmsg_rdev_negotiate_feature
                0x01004b1c       0x28 c:/users/nrasheed/open-amp-master/libs/open_amp\libopen_amp.a(remote_device.o)
                0x01004b1c                rpmsg_rdev_negotiate_feature
 .text.rpmsg_rdev_read_config
                0x01004b44       0x2c c:/users/nrasheed/open-amp-master/libs/open_amp\libopen_amp.a(remote_device.o)
                0x01004b44                rpmsg_rdev_read_config
 .text.rpmsg_rdev_write_config
                0x01004b70       0x2c c:/users/nrasheed/open-amp-master/libs/open_amp\libopen_amp.a(remote_device.o)
                0x01004b70                rpmsg_rdev_write_config
 .text.rpmsg_rdev_reset
                0x01004b9c       0x20 c:/users/nrasheed/open-amp-master/libs/open_amp\libopen_amp.a(remote_device.o)
                0x01004b9c                rpmsg_rdev_reset
 .text._enable_interrupt
                0x01004bbc       0x64 c:/users/nrasheed/open-amp-master/libs/open_amp\libopen_amp.a(platform.o)
                0x01004bbc                _enable_interrupt
 .text._notify  0x01004c20       0x68 c:/users/nrasheed/open-amp-master/libs/open_amp\libopen_amp.a(platform.o)
                0x01004c20                _notify
 .text._boot_cpu
                0x01004c88      0x104 c:/users/nrasheed/open-amp-master/libs/open_amp\libopen_amp.a(platform.o)
                0x01004c88                _boot_cpu
 .text._shutdown_cpu
                0x01004d8c       0x54 c:/users/nrasheed/open-amp-master/libs/open_amp\libopen_amp.a(platform.o)
                0x01004d8c                _shutdown_cpu
 .text.platform_isr
                0x01004de0       0x24 c:/users/nrasheed/open-amp-master/libs/open_amp\libopen_amp.a(platform.o)
                0x01004de0                platform_isr
 .text          0x01004e04        0x8 c:/users/nrasheed/open-amp-master/libs/open_amp\libopen_amp.a(cyclone_trampoline.o)
                0x01004e04                cyclone_trampoline
                0x01004e0c                cyclone_trampoline_jump
                0x01004e0c                cyclone_trampoline_end
 .text.cyclone_v_soc_dk_gic_initialize
                0x01004e0c       0x58 c:/users/nrasheed/open-amp-master/libs/system/cyclone_v_soc_dk/baremetal\libbaremetal_remote.a(baremetal.o)
                0x01004e0c                cyclone_v_soc_dk_gic_initialize
 .text.cyclone_v_soc_dk_gic_pr_int_initialize
                0x01004e64       0xac c:/users/nrasheed/open-amp-master/libs/system/cyclone_v_soc_dk/baremetal\libbaremetal_remote.a(baremetal.o)
                0x01004e64                cyclone_v_soc_dk_gic_pr_int_initialize
 .text.cyclone_v_soc_dk_gic_interrupt_enable
                0x01004f10      0x148 c:/users/nrasheed/open-amp-master/libs/system/cyclone_v_soc_dk/baremetal\libbaremetal_remote.a(baremetal.o)
                0x01004f10                cyclone_v_soc_dk_gic_interrupt_enable
 .text.cyclone_v_soc_dk_gic_interrupt_disable
                0x01005058       0xfc c:/users/nrasheed/open-amp-master/libs/system/cyclone_v_soc_dk/baremetal\libbaremetal_remote.a(baremetal.o)
                0x01005058                cyclone_v_soc_dk_gic_interrupt_disable
 .text.arm_arch_install_isr_vector_table
                0x01005154       0x70 c:/users/nrasheed/open-amp-master/libs/system/cyclone_v_soc_dk/baremetal\libbaremetal_remote.a(baremetal.o)
                0x01005154                arm_arch_install_isr_vector_table
 .text.__cs3_isr_irq
                0x010051c4       0x4c c:/users/nrasheed/open-amp-master/libs/system/cyclone_v_soc_dk/baremetal\libbaremetal_remote.a(baremetal.o)
                0x010051c4                __cs3_isr_irq
 .text.__cs3_isr_fiq
                0x01005210        0x8 c:/users/nrasheed/open-amp-master/libs/system/cyclone_v_soc_dk/baremetal\libbaremetal_remote.a(baremetal.o)
                0x01005210                __cs3_isr_fiq
 .text.get_cpu_id_arm
                0x01005218       0x34 c:/users/nrasheed/open-amp-master/libs/system/cyclone_v_soc_dk/baremetal\libbaremetal_remote.a(baremetal.o)
 .text.restore_global_interrupts
                0x0100524c       0x4c c:/users/nrasheed/open-amp-master/libs/system/cyclone_v_soc_dk/baremetal\libbaremetal_remote.a(baremetal.o)
                0x0100524c                restore_global_interrupts
 .text.disable_global_interrupts
                0x01005298       0x8c c:/users/nrasheed/open-amp-master/libs/system/cyclone_v_soc_dk/baremetal\libbaremetal_remote.a(baremetal.o)
                0x01005298                disable_global_interrupts
 .text.init_arm_stacks
                0x01005324       0x58 c:/users/nrasheed/open-amp-master/libs/system/cyclone_v_soc_dk/baremetal\libbaremetal_remote.a(baremetal.o)
                0x01005324                init_arm_stacks
 .text.arm_ar_mem_enable_mmu
                0x0100537c      0x3b4 c:/users/nrasheed/open-amp-master/libs/system/cyclone_v_soc_dk/baremetal\libbaremetal_remote.a(baremetal.o)
                0x0100537c                arm_ar_mem_enable_mmu
 .text.arm_ar_map_mem_region
                0x01005730      0x118 c:/users/nrasheed/open-amp-master/libs/system/cyclone_v_soc_dk/baremetal\libbaremetal_remote.a(baremetal.o)
                0x01005730                arm_ar_map_mem_region
 .text._fstat   0x01005848       0x28 c:/users/nrasheed/open-amp-master/libs/system/cyclone_v_soc_dk/baremetal\libbaremetal_remote.a(baremetal.o)
                0x01005848                _fstat
 .text._isatty  0x01005870       0x24 c:/users/nrasheed/open-amp-master/libs/system/cyclone_v_soc_dk/baremetal\libbaremetal_remote.a(baremetal.o)
                0x01005870                _isatty
 .text._lseek   0x01005894       0x2c c:/users/nrasheed/open-amp-master/libs/system/cyclone_v_soc_dk/baremetal\libbaremetal_remote.a(baremetal.o)
                0x01005894                _lseek
 .text          0x010058c0      0x310 c:/mgc/embedded201406/readystart-arm/codebench/bin/../lib/gcc/arm-none-eabi/4.8.3/../../../../arm-none-eabi/lib\libc.a(lib_a-asm-memcpy.o)
                0x010058c0                memcpy
 .text          0x01005bd0       0x40 c:/mgc/embedded201406/readystart-arm/codebench/bin/../lib/gcc/arm-none-eabi/4.8.3/../../../../arm-none-eabi/lib\libc.a(lib_a-malloc.o)
                0x01005bd0                malloc
                0x01005bf0                free
 .text          0x01005c10      0x5e4 c:/mgc/embedded201406/readystart-arm/codebench/bin/../lib/gcc/arm-none-eabi/4.8.3/../../../../arm-none-eabi/lib\libc.a(lib_a-mallocr.o)
                0x01005c10                _malloc_r
 .text          0x010061f4      0x110 c:/mgc/embedded201406/readystart-arm/codebench/bin/../lib/gcc/arm-none-eabi/4.8.3/../../../../arm-none-eabi/lib\libc.a(lib_a-memset.o)
                0x010061f4                memset
 .text          0x01006304        0x8 c:/mgc/embedded201406/readystart-arm/codebench/bin/../lib/gcc/arm-none-eabi/4.8.3/../../../../arm-none-eabi/lib\libc.a(lib_a-mlock.o)
                0x01006304                __malloc_lock
                0x01006308                __malloc_unlock
 .text          0x0100630c       0x40 c:/mgc/embedded201406/readystart-arm/codebench/bin/../lib/gcc/arm-none-eabi/4.8.3/../../../../arm-none-eabi/lib\libc.a(lib_a-printf.o)
                0x0100630c                printf
 .text.startup  0x0100634c       0x70 c:/mgc/embedded201406/readystart-arm/codebench/bin/../lib/gcc/arm-none-eabi/4.8.3/../../../../arm-none-eabi/lib\libc.a(lib_a-stdout.o)
 .text          0x010063bc      0x248 c:/mgc/embedded201406/readystart-arm/codebench/bin/../lib/gcc/arm-none-eabi/4.8.3/../../../../arm-none-eabi/lib\libc.a(lib_a-strcmp.o)
                0x010063bc                strcmp
 .text          0x01006604      0x160 c:/mgc/embedded201406/readystart-arm/codebench/bin/../lib/gcc/arm-none-eabi/4.8.3/../../../../arm-none-eabi/lib\libc.a(lib_a-strncmp.o)
                0x01006604                strncmp
 .text          0x01006764       0xd4 c:/mgc/embedded201406/readystart-arm/codebench/bin/../lib/gcc/arm-none-eabi/4.8.3/../../../../arm-none-eabi/lib\libc.a(lib_a-strncpy.o)
                0x01006764                strncpy
 .text          0x01006838     0x163c c:/mgc/embedded201406/readystart-arm/codebench/bin/../lib/gcc/arm-none-eabi/4.8.3/../../../../arm-none-eabi/lib\libc.a(lib_a-vfprintf.o)
                0x01006838                _vfprintf_r
                0x01007e48                vfprintf
 .text          0x01007e74       0x38 c:/mgc/embedded201406/readystart-arm/codebench/bin/../lib/gcc/arm-none-eabi/4.8.3/../../../../arm-none-eabi/lib\libc.a(lib_a-vfsprint.o)
                0x01007e74                __sprint_r
 .text          0x01007eac       0xf8 c:/mgc/embedded201406/readystart-arm/codebench/bin/../lib/gcc/arm-none-eabi/4.8.3/../../../../arm-none-eabi/lib\libc.a(lib_a-wsetup.o)
                0x01007eac                __swsetup_r
 .text          0x01007fa4      0x400 c:/mgc/embedded201406/readystart-arm/codebench/bin/../lib/gcc/arm-none-eabi/4.8.3/../../../../arm-none-eabi/lib\libc.a(lib_a-__fpspecifierhelp.o)
                0x01007fa4                __handle_fp_specifiers
 .text          0x010083a4     0x141c c:/mgc/embedded201406/readystart-arm/codebench/bin/../lib/gcc/arm-none-eabi/4.8.3/../../../../arm-none-eabi/lib\libc.a(lib_a-dtoa.o)
                0x01008550                dtoa
 .text          0x010097c0      0x25c c:/mgc/embedded201406/readystart-arm/codebench/bin/../lib/gcc/arm-none-eabi/4.8.3/../../../../arm-none-eabi/lib\libc.a(lib_a-fflush.o)
                0x010097c0                _fflush_r
                0x010099e8                fflush
 .text          0x01009a1c      0x33c c:/mgc/embedded201406/readystart-arm/codebench/bin/../lib/gcc/arm-none-eabi/4.8.3/../../../../arm-none-eabi/lib\libc.a(lib_a-freer.o)
                0x01009a1c                _malloc_trim_r
                0x01009b0c                _free_r
 .text          0x01009d58      0x3c0 c:/mgc/embedded201406/readystart-arm/codebench/bin/../lib/gcc/arm-none-eabi/4.8.3/../../../../arm-none-eabi/lib\libc.a(lib_a-fvwrite.o)
                0x01009d58                __sfvwrite_r
 .text          0x0100a118       0x74 c:/mgc/embedded201406/readystart-arm/codebench/bin/../lib/gcc/arm-none-eabi/4.8.3/../../../../arm-none-eabi/lib\libc.a(lib_a-fwalk.o)
                0x0100a118                _fwalk_nonreent
 .text          0x0100a18c       0xa8 c:/mgc/embedded201406/readystart-arm/codebench/bin/../lib/gcc/arm-none-eabi/4.8.3/../../../../arm-none-eabi/lib\libc.a(lib_a-locale.o)
                0x0100a18c                setlocale
                0x0100a1f8                __locale_charset
                0x0100a204                __locale_mb_cur_max
                0x0100a214                __locale_msgcharset
                0x0100a220                __locale_cjk_lang
                0x0100a228                localeconv
 .text          0x0100a234       0xe8 c:/mgc/embedded201406/readystart-arm/codebench/bin/../lib/gcc/arm-none-eabi/4.8.3/../../../../arm-none-eabi/lib\libc.a(lib_a-makebuf.o)
                0x0100a234                __smakebuf_r
 .text          0x0100a31c      0x114 c:/mgc/embedded201406/readystart-arm/codebench/bin/../lib/gcc/arm-none-eabi/4.8.3/../../../../arm-none-eabi/lib\libc.a(lib_a-memchr.o)
                0x0100a31c                memchr
 .text          0x0100a430      0x134 c:/mgc/embedded201406/readystart-arm/codebench/bin/../lib/gcc/arm-none-eabi/4.8.3/../../../../arm-none-eabi/lib\libc.a(lib_a-memmove.o)
                0x0100a430                memmove
 .text          0x0100a564      0xbc0 c:/mgc/embedded201406/readystart-arm/codebench/bin/../lib/gcc/arm-none-eabi/4.8.3/../../../../arm-none-eabi/lib\libc.a(lib_a-mprec.o)
                0x0100a564                _Balloc
                0x0100a5f0                _Bfree
                0x0100a618                __multadd
                0x0100a6d4                __s2b
                0x0100a7a4                __hi0bits
                0x0100a808                __lo0bits
                0x0100a89c                __i2b
                0x0100a8c0                __multiply
                0x0100aa58                __pow5mult
                0x0100ab3c                __lshift
                0x0100ac24                __mcmp
                0x0100ac84                __mdiff
                0x0100ada0                __ulp
                0x0100adfc                __b2d
                0x0100aeb8                __d2b
                0x0100afb8                __ratio
                0x0100b028                _mprec_log10
                0x0100b078                __copybits
                0x0100b0b8                __any_on
 .text          0x0100b124       0x2c c:/mgc/embedded201406/readystart-arm/codebench/bin/../lib/gcc/arm-none-eabi/4.8.3/../../../../arm-none-eabi/lib\libc.a(lib_a-s_isinf.o)
                0x0100b124                isinf
 .text          0x0100b150       0x20 c:/mgc/embedded201406/readystart-arm/codebench/bin/../lib/gcc/arm-none-eabi/4.8.3/../../../../arm-none-eabi/lib\libc.a(lib_a-s_isnan.o)
                0x0100b150                isnan
 .text          0x0100b170        0x8 c:/mgc/embedded201406/readystart-arm/codebench/bin/../lib/gcc/arm-none-eabi/4.8.3/../../../../arm-none-eabi/lib\libc.a(lib_a-sfplock.o)
                0x0100b170                __sfp_lock_acquire
                0x0100b174                __sfp_lock_release
 .text          0x0100b178       0x50 c:/mgc/embedded201406/readystart-arm/codebench/bin/../lib/gcc/arm-none-eabi/4.8.3/../../../../arm-none-eabi/lib\libc.a(lib_a-sinit.o)
                0x0100b178                __sinit
                0x0100b1c0                __sinit_lock_acquire
                0x0100b1c4                __sinit_lock_release
 .text          0x0100b1c8      0x154 c:/mgc/embedded201406/readystart-arm/codebench/bin/../lib/gcc/arm-none-eabi/4.8.3/../../../../arm-none-eabi/lib\libc.a(lib_a-stdio.o)
                0x0100b1c8                __sread
                0x0100b204                __sseek
                0x0100b240                __swrite
                0x0100b28c                __sclose
                0x0100b2a0                _cslibc_global_std
 .text          0x0100b31c       0x60 c:/mgc/embedded201406/readystart-arm/codebench/bin/../lib/gcc/arm-none-eabi/4.8.3/../../../../arm-none-eabi/lib\libc.a(lib_a-strlen.o)
                0x0100b31c                strlen
 .text          0x0100b37c      0x100 c:/mgc/embedded201406/readystart-arm/codebench/bin/../lib/gcc/arm-none-eabi/4.8.3/../../../../arm-none-eabi/lib\libc.a(lib_a-__stdiobufferinghelp.o)
                0x0100b37c                __init_stdio_buffer
                0x0100b414                __alloc_stdio_buffer
                0x0100b468                __free_stdio_buffer
 .text          0x0100b47c       0x1c c:/mgc/embedded201406/readystart-arm/codebench/bin/../lib/gcc/arm-none-eabi/4.8.3/../../../../arm-none-eabi/lib\libc.a(lib_a-_cleanup.o)
                0x0100b47c                _cleanup_r
                0x0100b494                _cleanup
 .text          0x0100b498       0x28 c:/mgc/embedded201406/readystart-arm/codebench/bin/../lib/gcc/arm-none-eabi/4.8.3/../../../../arm-none-eabi/lib\libc.a(lib_a-calloc.o)
                0x0100b498                calloc
 .text          0x0100b4c0       0x90 c:/mgc/embedded201406/readystart-arm/codebench/bin/../lib/gcc/arm-none-eabi/4.8.3/../../../../arm-none-eabi/lib\libc.a(lib_a-callocr.o)
                0x0100b4c0                _calloc_r
 .text          0x0100b550       0xc4 c:/mgc/embedded201406/readystart-arm/codebench/bin/../lib/gcc/arm-none-eabi/4.8.3/../../../../arm-none-eabi/lib\libc.a(lib_a-fclose.o)
                0x0100b550                fclose
 .text          0x0100b614       0x4c c:/mgc/embedded201406/readystart-arm/codebench/bin/../lib/gcc/arm-none-eabi/4.8.3/../../../../arm-none-eabi/lib\libcs3.a(start_c.o)
                0x0100b614                __cs3_premain
 .text          0x0100b660       0x6c c:/mgc/embedded201406/readystart-arm/codebench/bin/../lib/gcc/arm-none-eabi/4.8.3/../../../../arm-none-eabi/lib\libcs3.a(cycloneV-dk-reset-ram.o)
 .text          0x0100b6cc        0x4 c:/mgc/embedded201406/readystart-arm/codebench/bin/../lib/gcc/arm-none-eabi/4.8.3/../../../../arm-none-eabi/lib\libcs3arm.a(arm_isr_interrupt.o)
                0x0100b6cc                __cs3_isr_reserved
                0x0100b6cc                __cs3_isr_interrupt
 .text          0x0100b6d0        0x4 c:/mgc/embedded201406/readystart-arm/codebench/bin/../lib/gcc/arm-none-eabi/4.8.3/../../../../arm-none-eabi/lib\libcs3arm.a(arm_isr_undef.o)
                0x0100b6d0                __cs3_isr_undef
 .text          0x0100b6d4        0x4 c:/mgc/embedded201406/readystart-arm/codebench/bin/../lib/gcc/arm-none-eabi/4.8.3/../../../../arm-none-eabi/lib\libcs3arm.a(arm_isr_swi.o)
                0x0100b6d4                __cs3_isr_swi
 .text          0x0100b6d8        0x4 c:/mgc/embedded201406/readystart-arm/codebench/bin/../lib/gcc/arm-none-eabi/4.8.3/../../../../arm-none-eabi/lib\libcs3arm.a(arm_isr_pabort.o)
                0x0100b6d8                __cs3_isr_pabort
 .text          0x0100b6dc        0x4 c:/mgc/embedded201406/readystart-arm/codebench/bin/../lib/gcc/arm-none-eabi/4.8.3/../../../../arm-none-eabi/lib\libcs3arm.a(arm_isr_dabort.o)
                0x0100b6dc                __cs3_isr_dabort
 .text          0x0100b6e0       0x1c c:/mgc/embedded201406/readystart-arm/codebench/bin/../lib/gcc/arm-none-eabi/4.8.3/../../../../arm-none-eabi/lib\libcs3unhosted.a(unhosted-_close.o)
                0x0100b6e0                _close
 .text          0x0100b6fc       0x1c c:/mgc/embedded201406/readystart-arm/codebench/bin/../lib/gcc/arm-none-eabi/4.8.3/../../../../arm-none-eabi/lib\libcs3unhosted.a(unhosted-_read.o)
                0x0100b6fc                _read
 .text          0x0100b718       0x1c c:/mgc/embedded201406/readystart-arm/codebench/bin/../lib/gcc/arm-none-eabi/4.8.3/../../../../arm-none-eabi/lib\libcs3unhosted.a(unhosted-_write.o)
                0x0100b718                _write
 .text          0x0100b734       0x70 c:/mgc/embedded201406/readystart-arm/codebench/bin/../lib/gcc/arm-none-eabi/4.8.3/../../../../arm-none-eabi/lib\libcs3unhosted.a(unhosted-sbrk.o)
                0x0100b734                _sbrk
 .text          0x0100b7a4       0x34 c:/mgc/embedded201406/readystart-arm/codebench/bin/../lib/gcc/arm-none-eabi/4.8.3/../../../../arm-none-eabi/lib\libc.a(lib_a-errno.o)
                0x0100b7a4                __errno
                0x0100b7b0                _get_errno
                0x0100b7c0                _set_errno
 .text          0x0100b7d8       0x88 c:/mgc/embedded201406/readystart-arm/codebench/bin/../lib/gcc/arm-none-eabi/4.8.3/../../../../arm-none-eabi/lib\libc.a(lib_a-init.o)
                0x0100b7d8                __libc_init_array
 .text          0x0100b860      0x114 c:/mgc/embedded201406/readystart-arm/codebench/bin/../lib/gcc/arm-none-eabi/4.8.3\libgcc.a(_udivsi3.o)
                0x0100b860                __aeabi_uidiv
                0x0100b860                __udivsi3
                0x0100b954                __aeabi_uidivmod
 .text          0x0100b974      0x148 c:/mgc/embedded201406/readystart-arm/codebench/bin/../lib/gcc/arm-none-eabi/4.8.3\libgcc.a(_divsi3.o)
                0x0100b974                __divsi3
                0x0100b974                __aeabi_idiv
                0x0100ba9c                __aeabi_idivmod
 .text          0x0100babc        0x4 c:/mgc/embedded201406/readystart-arm/codebench/bin/../lib/gcc/arm-none-eabi/4.8.3\libgcc.a(_dvmd_tls.o)
                0x0100babc                __aeabi_idiv0
                0x0100babc                __aeabi_ldiv0
 .text          0x0100bac0      0x41c c:/mgc/embedded201406/readystart-arm/codebench/bin/../lib/gcc/arm-none-eabi/4.8.3\libgcc.a(_arm_addsubdf3.o)
                0x0100bac0                __aeabi_drsub
                0x0100bac8                __aeabi_dsub
                0x0100bac8                __subdf3
                0x0100bacc                __aeabi_dadd
                0x0100bacc                __adddf3
                0x0100bddc                __floatunsidf
                0x0100bddc                __aeabi_ui2d
                0x0100be00                __floatsidf
                0x0100be00                __aeabi_i2d
                0x0100be28                __aeabi_f2d
                0x0100be28                __extendsfdf2
                0x0100be68                __floatundidf
                0x0100be68                __aeabi_ul2d
                0x0100be7c                __floatdidf
                0x0100be7c                __aeabi_l2d
 .text          0x0100bedc      0x49c c:/mgc/embedded201406/readystart-arm/codebench/bin/../lib/gcc/arm-none-eabi/4.8.3\libgcc.a(_arm_muldivdf3.o)
                0x0100bedc                __aeabi_dmul
                0x0100bedc                __muldf3
                0x0100c16c                __divdf3
                0x0100c16c                __aeabi_ddiv
 .text          0x0100c378      0x144 c:/mgc/embedded201406/readystart-arm/codebench/bin/../lib/gcc/arm-none-eabi/4.8.3\libgcc.a(_arm_cmpdf2.o)
                0x0100c378                __gtdf2
                0x0100c378                __gedf2
                0x0100c380                __ltdf2
                0x0100c380                __ledf2
                0x0100c388                __nedf2
                0x0100c388                __eqdf2
                0x0100c388                __cmpdf2
                0x0100c410                __aeabi_cdrcmple
                0x0100c42c                __aeabi_cdcmpeq
                0x0100c42c                __aeabi_cdcmple
                0x0100c444                __aeabi_dcmpeq
                0x0100c45c                __aeabi_dcmplt
                0x0100c474                __aeabi_dcmple
                0x0100c48c                __aeabi_dcmpge
                0x0100c4a4                __aeabi_dcmpgt
 .text          0x0100c4bc       0x5c c:/mgc/embedded201406/readystart-arm/codebench/bin/../lib/gcc/arm-none-eabi/4.8.3\libgcc.a(_arm_fixdfsi.o)
                0x0100c4bc                __aeabi_d2iz
                0x0100c4bc                __fixdfsi
 .text          0x0100c518       0x3c c:/mgc/embedded201406/readystart-arm/codebench/bin/../lib/gcc/arm-none-eabi/4.8.3\libgcc.a(_aeabi_uldivmod.o)
                0x0100c518                __aeabi_uldivmod
 .text          0x0100c554       0x84 c:/mgc/embedded201406/readystart-arm/codebench/bin/../lib/gcc/arm-none-eabi/4.8.3\libgcc.a(bpabi.o)
                0x0100c554                __gnu_ldivmod_helper
                0x0100c598                __gnu_uldivmod_helper
 .text          0x0100c5d8      0x4d0 c:/mgc/embedded201406/readystart-arm/codebench/bin/../lib/gcc/arm-none-eabi/4.8.3\libgcc.a(_divdi3.o)
                0x0100c5d8                __divdi3
 .text          0x0100caa8      0x470 c:/mgc/embedded201406/readystart-arm/codebench/bin/../lib/gcc/arm-none-eabi/4.8.3\libgcc.a(_udivdi3.o)
                0x0100caa8                __udivdi3
 .text          0x0100cf18       0x48 c:/mgc/embedded201406/readystart-arm/codebench/bin/../lib/gcc/arm-none-eabi/4.8.3\libgcc.a(_clzsi2.o)
                0x0100cf18                __clzsi2
 *(.plt)
 *(.gnu.warning)
 *(.glue_7t)
 .glue_7t       0x00000000        0x0 linker stubs
 *(.glue_7)
 .glue_7        0x00000000        0x0 linker stubs
 *(.vfp11_veneer)
 .vfp11_veneer  0x00000000        0x0 linker stubs
 *(.ARM.extab* .gnu.linkonce.armextab.*)
 *(.gcc_except_table)

.v4_bx          0x0100cf60        0x0
 .v4_bx         0x00000000        0x0 linker stubs

.iplt           0x0100cf60        0x0
 .iplt          0x00000000        0x0 c:/mgc/embedded201406/readystart-arm/codebench/bin/../lib/gcc/arm-none-eabi/4.8.3/crtbegin.o

.eh_frame_hdr
 *(.eh_frame_hdr)
 *(.eh_frame_entry .eh_frame_entry.*)

.eh_frame       0x0100cf60        0x4
 *(.eh_frame)
 .eh_frame      0x0100cf60        0x0 c:/mgc/embedded201406/readystart-arm/codebench/bin/../lib/gcc/arm-none-eabi/4.8.3/crtbegin.o
 .eh_frame      0x0100cf60        0x4 c:/mgc/embedded201406/readystart-arm/codebench/bin/../lib/gcc/arm-none-eabi/4.8.3/crtend.o
 *(.eh_frame.*)
                0x0100cf64                PROVIDE (__exidx_start, .)

.ARM.exidx      0x0100cf64        0x8
 *(.ARM.exidx* .gnu.linkonce.armexidx.*)
 .ARM.exidx     0x0100cf64        0x8 c:/mgc/embedded201406/readystart-arm/codebench/bin/../lib/gcc/arm-none-eabi/4.8.3\libgcc.a(_divdi3.o)
 .ARM.exidx     0x0100cf6c        0x0 c:/mgc/embedded201406/readystart-arm/codebench/bin/../lib/gcc/arm-none-eabi/4.8.3\libgcc.a(_udivdi3.o)
                                  0x8 (size before relaxing)
                0x0100cf6c                PROVIDE (__exidx_end, .)

.rel.dyn        0x0100cf6c        0x0
 .rel.iplt      0x00000000        0x0 c:/mgc/embedded201406/readystart-arm/codebench/bin/../lib/gcc/arm-none-eabi/4.8.3/crtbegin.o

.rodata         0x0100cf70      0x310
 *(.rodata .rodata.* .gnu.linkonce.r.*)
 .rodata        0x0100cf70       0x10 c:/users/nrasheed/open-amp-master/libs/open_amp\libopen_amp.a(rpmsg_core.o)
 .rodata        0x0100cf80       0xc0 c:/users/nrasheed/open-amp-master/libs/open_amp\libopen_amp.a(virtqueue.o)
 .rodata        0x0100d040       0x20 c:/mgc/embedded201406/readystart-arm/codebench/bin/../lib/gcc/arm-none-eabi/4.8.3/../../../../arm-none-eabi/lib\libc.a(lib_a-vfprintf.o)
 .rodata.str1.1
                0x0100d060       0x2a c:/mgc/embedded201406/readystart-arm/codebench/bin/../lib/gcc/arm-none-eabi/4.8.3/../../../../arm-none-eabi/lib\libc.a(lib_a-vfprintf.o)
 .rodata.str1.1
                0x0100d08a       0x10 c:/mgc/embedded201406/readystart-arm/codebench/bin/../lib/gcc/arm-none-eabi/4.8.3/../../../../arm-none-eabi/lib\libc.a(lib_a-__fpspecifierhelp.o)
 .rodata.str1.1
                0x0100d09a        0xd c:/mgc/embedded201406/readystart-arm/codebench/bin/../lib/gcc/arm-none-eabi/4.8.3/../../../../arm-none-eabi/lib\libc.a(lib_a-dtoa.o)
                                  0xf (size before relaxing)
 *fill*         0x0100d0a7        0x1 
 .rodata        0x0100d0a8       0x38 c:/mgc/embedded201406/readystart-arm/codebench/bin/../lib/gcc/arm-none-eabi/4.8.3/../../../../arm-none-eabi/lib\libc.a(lib_a-locale.o)
 .rodata.str1.1
                0x0100d0e0       0x10 c:/mgc/embedded201406/readystart-arm/codebench/bin/../lib/gcc/arm-none-eabi/4.8.3/../../../../arm-none-eabi/lib\libc.a(lib_a-locale.o)
                                 0x11 (size before relaxing)
 .rodata        0x0100d0f0      0x128 c:/mgc/embedded201406/readystart-arm/codebench/bin/../lib/gcc/arm-none-eabi/4.8.3/../../../../arm-none-eabi/lib\libc.a(lib_a-mprec.o)
                0x0100d100                __mprec_tens
                0x0100d1c8                __mprec_tinytens
                0x0100d1f0                __mprec_bigtens
                0x0100d218                . = ALIGN (0x4)
 *(.init)
 .init          0x0100d218        0xc c:/mgc/embedded201406/readystart-arm/codebench/bin/../lib/gcc/arm-none-eabi/4.8.3/crti.o
                0x0100d218                _init
 .init          0x0100d224        0xc c:/mgc/embedded201406/readystart-arm/codebench/bin/../lib/gcc/arm-none-eabi/4.8.3/crtn.o
                0x0100d230                . = ALIGN (0x4)
                0x0100d230                __preinit_array_start = .
 *(.preinit_array)
 .preinit_array
                0x0100d230        0x4 c:/mgc/embedded201406/readystart-arm/codebench/bin/../lib/gcc/arm-none-eabi/4.8.3/../../../../arm-none-eabi/lib\libcs3.a(cycloneV-dk-reset-ram.o)
                0x0100d234                __preinit_array_end = .
                0x0100d234                . = ALIGN (0x4)
                0x0100d234                __init_array_start = .
 *(SORT(.init_array.*))
 .init_array.00005
                0x0100d234        0x4 c:/mgc/embedded201406/readystart-arm/codebench/bin/../lib/gcc/arm-none-eabi/4.8.3/../../../../arm-none-eabi/lib\libc.a(lib_a-stdout.o)
 *(.init_array)
 .init_array    0x0100d238        0x4 c:/mgc/embedded201406/readystart-arm/codebench/bin/../lib/gcc/arm-none-eabi/4.8.3/crtbegin.o
                0x0100d23c                __init_array_end = .
                0x0100d23c                . = ALIGN (0x4)
 *(.fini)
 .fini          0x0100d23c        0xc c:/mgc/embedded201406/readystart-arm/codebench/bin/../lib/gcc/arm-none-eabi/4.8.3/crti.o
                0x0100d23c                _fini
 .fini          0x0100d248        0xc c:/mgc/embedded201406/readystart-arm/codebench/bin/../lib/gcc/arm-none-eabi/4.8.3/crtn.o
                0x0100d254                . = ALIGN (0x4)
                0x0100d254                __fini_array_start = .
 *(.fini_array)
 .fini_array    0x0100d254        0x4 c:/mgc/embedded201406/readystart-arm/codebench/bin/../lib/gcc/arm-none-eabi/4.8.3/crtbegin.o
 *(SORT(.fini_array.*))
                0x0100d258                __fini_array_end = .
                0x0100d258                . = ALIGN (0x4)
 *crtbegin.o(.ctors)
 *(EXCLUDE_FILE(*crtend.o) .ctors)
 *(SORT(.ctors.*))
 *crtend.o(.ctors)
                0x0100d258                . = ALIGN (0x4)
 *crtbegin.o(.dtors)
 *(EXCLUDE_FILE(*crtend.o) .dtors)
 *(SORT(.dtors.*))
 *crtend.o(.dtors)
                0x0100d258                . = ALIGN (0x4)
                0x0100d258                __cs3_regions = .
                0x0100d258        0x4 LONG 0x0
                0x0100d25c        0x4 LONG 0xffff0000 __cs3_region_init_oc_ram
                0x0100d260        0x4 LONG 0xffff0000 __cs3_region_start_oc_ram
                0x0100d264        0x4 LONG 0x0 __cs3_region_init_size_oc_ram
                0x0100d268        0x4 LONG 0x0 __cs3_region_zero_size_oc_ram
                0x0100d26c        0x4 LONG 0x0
                0x0100d270        0x4 LONG 0x1000000 __cs3_region_init_ram
                0x0100d274        0x4 LONG 0x1000000 __cs3_region_start_ram
                0x0100d278        0x4 LONG 0xd8c8 __cs3_region_init_size_ram
                0x0100d27c        0x4 LONG 0x2168 __cs3_region_zero_size_ram
                0x0100d280                __cs3_regions_end = .
                0x0100d280                . = ALIGN (0x8)
                0x0100d280                _etext = .
                0x00000001                ASSERT (! ((__cs3_region_init_oc_ram & 0x7)), __cs3_region_init_oc_ram not aligned)
                0x00000001                ASSERT (! ((__cs3_region_start_oc_ram & 0x7)), __cs3_region_start_oc_ram not aligned)
                0x00000001                ASSERT (! ((__cs3_region_init_size_oc_ram & 0x7)), __cs3_region_init_size_oc_ram not aligned)
                0x00000001                ASSERT (! ((__cs3_region_zero_size_oc_ram & 0x7)), __cs3_region_zero_size_oc_ram not aligned)
                0x00000001                ASSERT (! ((__cs3_region_init_ram & 0x7)), __cs3_region_init_ram not aligned)
                0x00000001                ASSERT (! ((__cs3_region_start_ram & 0x7)), __cs3_region_start_ram not aligned)
                0x00000001                ASSERT (! ((__cs3_region_init_size_ram & 0x7)), __cs3_region_init_size_ram not aligned)
                0x00000001                ASSERT (! ((__cs3_region_zero_size_ram & 0x7)), __cs3_region_zero_size_ram not aligned)

.resource_table
                0x0100d280       0xac
 .resource_table
                0x0100d280       0xac tests/remote/baremetal/echo_test/rsc_table.o
                0x0100d280                resources

.cs3.boot_rom   0xfffd0000        0x0
                0xfffd0000                __cs3_region_start_boot_rom = .
 *(.cs3.region-head.boot_rom)
 *(.boot_rom)
                0xfffd0000                . = ALIGN (0x8)

.cs3.boot_rom.bss
                0xfffd0000        0x0
 *(.boot_rom.b .bss.boot_rom)
                0xfffd0000                . = ALIGN (0x8)
                0xfffe0000                __cs3_region_end_boot_rom = (__cs3_region_start_boot_rom + 0x10000)
                0x00010000                __cs3_region_size_boot_rom = 0x10000
                0xfffd0000                __cs3_region_init_boot_rom = LOADADDR (.cs3.boot_rom)
                0x00000000                __cs3_region_init_size_boot_rom = (LOADADDR (.cs3.boot_rom.bss) - LOADADDR (.cs3.boot_rom))
                0x00000000                __cs3_region_zero_size_boot_rom = SIZEOF (.cs3.boot_rom.bss)

.cs3.oc_ram     0xffff0000        0x0
                0xffff0000                __cs3_region_start_oc_ram = .
 *(.cs3.region-head.oc_ram)
 *(.oc_ram)
                0xffff0000                . = ALIGN (0x8)

.cs3.oc_ram.bss
                0xffff0000        0x0
 *(.oc_ram.b .bss.oc_ram)
                0xffff0000                . = ALIGN (0x8)
                0x00000000                __cs3_region_end_oc_ram = (__cs3_region_start_oc_ram + 0x10000)
                0x00010000                __cs3_region_size_oc_ram = 0x10000
                0xffff0000                __cs3_region_init_oc_ram = LOADADDR (.cs3.oc_ram)
                0x00000000                __cs3_region_init_size_oc_ram = (LOADADDR (.cs3.oc_ram.bss) - LOADADDR (.cs3.oc_ram))
                0x00000000                __cs3_region_zero_size_oc_ram = SIZEOF (.cs3.oc_ram.bss)

.data           0x0100d330      0x598
 *(.jcr)
 .jcr           0x0100d330        0x0 c:/mgc/embedded201406/readystart-arm/codebench/bin/../lib/gcc/arm-none-eabi/4.8.3/crtbegin.o
 .jcr           0x0100d330        0x4 c:/mgc/embedded201406/readystart-arm/codebench/bin/../lib/gcc/arm-none-eabi/4.8.3/crtend.o
 *(.got.plt)
 *(.got)
 *(.shdata)
 *(.data .data.* .gnu.linkonce.d.*)
 .data.rsc_handler_table
                0x0100d334       0x14 c:/users/nrasheed/open-amp-master/libs/open_amp\libopen_amp.a(rsc_table_parser.o)
                0x0100d334                rsc_handler_table
 .data.proc_table
                0x0100d348      0x120 c:/users/nrasheed/open-amp-master/libs/open_amp\libopen_amp.a(platform_info.o)
                0x0100d348                proc_table
 .data.Intr_Enable_Flag
                0x0100d468        0x4 c:/users/nrasheed/open-amp-master/libs/open_amp\libopen_amp.a(bm_env.o)
                0x0100d468                Intr_Enable_Flag
 .data.rpmsg_rdev_config_ops
                0x0100d46c       0x24 c:/users/nrasheed/open-amp-master/libs/open_amp\libopen_amp.a(remote_device.o)
                0x0100d46c                rpmsg_rdev_config_ops
 .data.proc_ops
                0x0100d490       0x18 c:/users/nrasheed/open-amp-master/libs/open_amp\libopen_amp.a(platform.o)
                0x0100d490                proc_ops
 .data          0x0100d4a8      0x410 c:/mgc/embedded201406/readystart-arm/codebench/bin/../lib/gcc/arm-none-eabi/4.8.3/../../../../arm-none-eabi/lib\libc.a(lib_a-mallocr.o)
                0x0100d4a8                __malloc_av_
                0x0100d8b0                __malloc_sbrk_base
                0x0100d8b4                __malloc_trim_threshold
 .data          0x0100d8b8        0x4 c:/mgc/embedded201406/readystart-arm/codebench/bin/../lib/gcc/arm-none-eabi/4.8.3/../../../../arm-none-eabi/lib\libc.a(lib_a-impure.o)
                0x0100d8b8                _csl_impure_ptr
 .data          0x0100d8bc        0x4 c:/mgc/embedded201406/readystart-arm/codebench/bin/../lib/gcc/arm-none-eabi/4.8.3/../../../../arm-none-eabi/lib\libc.a(lib_a-locale.o)
                0x0100d8bc                __mb_cur_max
 .data          0x0100d8c0        0x4 c:/mgc/embedded201406/readystart-arm/codebench/bin/../lib/gcc/arm-none-eabi/4.8.3/../../../../arm-none-eabi/lib\libcs3unhosted.a(unhosted-sbrk.o)
 .data          0x0100d8c4        0x4 c:/mgc/embedded201406/readystart-arm/codebench/bin/../lib/gcc/arm-none-eabi/4.8.3/../../../../arm-none-eabi/lib\libcs3.a(heap.o)
                0x0100d8c4                __cs3_heap_limit
                0x0100d8c8                . = ALIGN (0x8)
 *(.ram)
                0x0100d8c8                . = ALIGN (0x8)
                0x0100d8c8                _edata = .

.tm_clone_table
                0x0100d8c8        0x0
 .tm_clone_table
                0x0100d8c8        0x0 c:/mgc/embedded201406/readystart-arm/codebench/bin/../lib/gcc/arm-none-eabi/4.8.3/crtbegin.o
 .tm_clone_table
                0x0100d8c8        0x0 c:/mgc/embedded201406/readystart-arm/codebench/bin/../lib/gcc/arm-none-eabi/4.8.3/crtend.o

.igot.plt       0x0100d8c8        0x0
 .igot.plt      0x00000000        0x0 c:/mgc/embedded201406/readystart-arm/codebench/bin/../lib/gcc/arm-none-eabi/4.8.3/crtbegin.o

.bss            0x0100d8c8     0x2168
 *(.shbss)
 *(.bss .bss.* .gnu.linkonce.b.*)
 .bss           0x0100d8c8       0x1c c:/mgc/embedded201406/readystart-arm/codebench/bin/../lib/gcc/arm-none-eabi/4.8.3/crtbegin.o
 .bss.app_rp_chnl
                0x0100d8e4        0x4 tests/remote/baremetal/echo_test/echo_test.o
 .bss.rp_ept    0x0100d8e8        0x4 tests/remote/baremetal/echo_test/echo_test.o
 .bss.proc      0x0100d8ec        0x4 tests/remote/baremetal/echo_test/echo_test.o
 .bss.rsc_info  0x0100d8f0        0x8 tests/remote/baremetal/echo_test/echo_test.o
 .bss.procs     0x0100d8f8        0x4 c:/users/nrasheed/open-amp-master/libs/open_amp\libopen_amp.a(hil.o)
                0x0100d8f8                procs
 .bss.isr_table
                0x0100d8fc       0x50 c:/users/nrasheed/open-amp-master/libs/open_amp\libopen_amp.a(bm_env.o)
                0x0100d8fc                isr_table
 .bss.Intr_Count
                0x0100d94c        0x4 c:/users/nrasheed/open-amp-master/libs/open_amp\libopen_amp.a(bm_env.o)
                0x0100d94c                Intr_Count
 .bss.ARM_AR_ISR_IRQ_Data
                0x0100d950      0x800 c:/users/nrasheed/open-amp-master/libs/system/cyclone_v_soc_dk/baremetal\libbaremetal_remote.a(baremetal.o)
                0x0100d950                ARM_AR_ISR_IRQ_Data
 .bss.ARM_AR_ISR_FIQ_Data
                0x0100e150      0x800 c:/users/nrasheed/open-amp-master/libs/system/cyclone_v_soc_dk/baremetal\libbaremetal_remote.a(baremetal.o)
                0x0100e150                ARM_AR_ISR_FIQ_Data
 .bss.ARM_AR_ISR_SUP_Stack
                0x0100e950      0x800 c:/users/nrasheed/open-amp-master/libs/system/cyclone_v_soc_dk/baremetal\libbaremetal_remote.a(baremetal.o)
                0x0100e950                ARM_AR_ISR_SUP_Stack
 .bss.ARM_AR_ISR_SYS_Stack
                0x0100f150      0x800 c:/users/nrasheed/open-amp-master/libs/system/cyclone_v_soc_dk/baremetal\libbaremetal_remote.a(baremetal.o)
                0x0100f150                ARM_AR_ISR_SYS_Stack
 .bss.old_value
                0x0100f950        0x4 c:/users/nrasheed/open-amp-master/libs/system/cyclone_v_soc_dk/baremetal\libbaremetal_remote.a(baremetal.o)
                0x0100f950                old_value
 .bss           0x0100f954       0x34 c:/mgc/embedded201406/readystart-arm/codebench/bin/../lib/gcc/arm-none-eabi/4.8.3/../../../../arm-none-eabi/lib\libc.a(lib_a-mallocr.o)
                0x0100f954                __malloc_top_pad
                0x0100f958                __malloc_current_mallinfo
                0x0100f980                __malloc_max_sbrked_mem
                0x0100f984                __malloc_max_total_mem
 .bss           0x0100f988       0x7c c:/mgc/embedded201406/readystart-arm/codebench/bin/../lib/gcc/arm-none-eabi/4.8.3/../../../../arm-none-eabi/lib\libc.a(lib_a-stdout.o)
                0x0100f988                _cslibc_global__stdout
                0x0100f9f4                __stdout
 .bss           0x0100fa04        0x8 c:/mgc/embedded201406/readystart-arm/codebench/bin/../lib/gcc/arm-none-eabi/4.8.3/../../../../arm-none-eabi/lib\libc.a(lib_a-cleanupg.o)
                0x0100fa04                _cslibc_global___cleanup
                0x0100fa08                _cslibc_global___sdidinit
 .bss           0x0100fa0c       0x10 c:/mgc/embedded201406/readystart-arm/codebench/bin/../lib/gcc/arm-none-eabi/4.8.3/../../../../arm-none-eabi/lib\libc.a(lib_a-dtoag.o)
                0x0100fa0c                _cslibc_global__freelist
                0x0100fa10                _cslibc_global__p5s
                0x0100fa14                _cslibc_global__result_k
                0x0100fa18                _cslibc_global__result
 .bss           0x0100fa1c        0x4 c:/mgc/embedded201406/readystart-arm/codebench/bin/../lib/gcc/arm-none-eabi/4.8.3/../../../../arm-none-eabi/lib\libc.a(lib_a-errnog.o)
                0x0100fa1c                _cslibc_global__errno
 .bss           0x0100fa20        0x0 c:/mgc/embedded201406/readystart-arm/codebench/bin/../lib/gcc/arm-none-eabi/4.8.3/../../../../arm-none-eabi/lib\libc.a(lib_a-impure.o)
 .bss           0x0100fa20        0xc c:/mgc/embedded201406/readystart-arm/codebench/bin/../lib/gcc/arm-none-eabi/4.8.3/../../../../arm-none-eabi/lib\libc.a(lib_a-sglueg.o)
                0x0100fa20                _cslibc_global___sglue
 *(COMMON)
                0x0100fa30                . = ALIGN (0x8)
 *fill*         0x0100fa2c        0x4 
 *(.ram.b .bss.ram)
                0x0100fa30                . = ALIGN (0x8)
                0x0100fa30                _end = .
                0x0100fa30                __end = .
                0x20000000                __cs3_region_end_ram = (__cs3_region_start_ram + 0x1f000000)
                0x1f000000                __cs3_region_size_ram = 0x1f000000
                0x01000000                __cs3_region_init_ram = LOADADDR (.text)
                0x0000d8c8                __cs3_region_init_size_ram = (_edata - ADDR (.text))
                0x00002168                __cs3_region_zero_size_ram = (_end - _edata)

.stab
 *(.stab)

.stabstr
 *(.stabstr)

.debug
 *(.debug)

.line
 *(.line)

.debug_srcinfo
 *(.debug_srcinfo)

.debug_sfnames
 *(.debug_sfnames)

.debug_aranges  0x00000000      0xb28
 *(.debug_aranges)
 .debug_aranges
                0x00000000       0x50 tests/remote/baremetal/echo_test/echo_test.o
 .debug_aranges
                0x00000050       0x18 tests/remote/baremetal/echo_test/rsc_table.o
 .debug_aranges
                0x00000068       0x48 c:/users/nrasheed/open-amp-master/libs/open_amp\libopen_amp.a(remoteproc.o)
 .debug_aranges
                0x000000b0       0x50 c:/users/nrasheed/open-amp-master/libs/open_amp\libopen_amp.a(remoteproc_loader.o)
 .debug_aranges
                0x00000100       0x50 c:/users/nrasheed/open-amp-master/libs/open_amp\libopen_amp.a(rsc_table_parser.o)
 .debug_aranges
                0x00000150       0x58 c:/users/nrasheed/open-amp-master/libs/open_amp\libopen_amp.a(rpmsg.o)
 .debug_aranges
                0x000001a8       0xb0 c:/users/nrasheed/open-amp-master/libs/open_amp\libopen_amp.a(rpmsg_core.o)
 .debug_aranges
                0x00000258       0xd8 c:/users/nrasheed/open-amp-master/libs/open_amp\libopen_amp.a(virtqueue.o)
 .debug_aranges
                0x00000330       0x98 c:/users/nrasheed/open-amp-master/libs/open_amp\libopen_amp.a(hil.o)
 .debug_aranges
                0x000003c8       0x28 c:/users/nrasheed/open-amp-master/libs/open_amp\libopen_amp.a(llist.o)
 .debug_aranges
                0x000003f0       0x40 c:/users/nrasheed/open-amp-master/libs/open_amp\libopen_amp.a(sh_mem.o)
 .debug_aranges
                0x00000430       0x20 c:/users/nrasheed/open-amp-master/libs/open_amp\libopen_amp.a(config.o)
 .debug_aranges
                0x00000450       0x28 c:/users/nrasheed/open-amp-master/libs/open_amp\libopen_amp.a(platform_info.o)
 .debug_aranges
                0x00000478      0x130 c:/users/nrasheed/open-amp-master/libs/open_amp\libopen_amp.a(bm_env.o)
 .debug_aranges
                0x000005a8       0xa0 c:/users/nrasheed/open-amp-master/libs/open_amp\libopen_amp.a(elf_loader.o)
 .debug_aranges
                0x00000648       0xa0 c:/users/nrasheed/open-amp-master/libs/open_amp\libopen_amp.a(remote_device.o)
 .debug_aranges
                0x000006e8       0x40 c:/users/nrasheed/open-amp-master/libs/open_amp\libopen_amp.a(platform.o)
 .debug_aranges
                0x00000728       0x20 c:/users/nrasheed/open-amp-master/libs/open_amp\libopen_amp.a(cyclone_trampoline.o)
 .debug_aranges
                0x00000748       0x98 c:/users/nrasheed/open-amp-master/libs/system/cyclone_v_soc_dk/baremetal\libbaremetal_remote.a(baremetal.o)
 .debug_aranges
                0x000007e0       0x28 c:/mgc/embedded201406/readystart-arm/codebench/bin/../lib/gcc/arm-none-eabi/4.8.3/../../../../arm-none-eabi/lib\libcs3.a(start_c.o)
 .debug_aranges
                0x00000808       0x28 c:/mgc/embedded201406/readystart-arm/codebench/bin/../lib/gcc/arm-none-eabi/4.8.3/../../../../arm-none-eabi/lib\libcs3.a(cycloneV-dk-reset-ram.o)
 .debug_aranges
                0x00000830       0x20 c:/mgc/embedded201406/readystart-arm/codebench/bin/../lib/gcc/arm-none-eabi/4.8.3/../../../../arm-none-eabi/lib\libcs3arm.a(arm-vector.o)
 .debug_aranges
                0x00000850       0x20 c:/mgc/embedded201406/readystart-arm/codebench/bin/../lib/gcc/arm-none-eabi/4.8.3/../../../../arm-none-eabi/lib\libcs3arm.a(arm_isr_interrupt.o)
 .debug_aranges
                0x00000870       0x20 c:/mgc/embedded201406/readystart-arm/codebench/bin/../lib/gcc/arm-none-eabi/4.8.3/../../../../arm-none-eabi/lib\libcs3arm.a(arm_isr_undef.o)
 .debug_aranges
                0x00000890       0x20 c:/mgc/embedded201406/readystart-arm/codebench/bin/../lib/gcc/arm-none-eabi/4.8.3/../../../../arm-none-eabi/lib\libcs3arm.a(arm_isr_swi.o)
 .debug_aranges
                0x000008b0       0x20 c:/mgc/embedded201406/readystart-arm/codebench/bin/../lib/gcc/arm-none-eabi/4.8.3/../../../../arm-none-eabi/lib\libcs3arm.a(arm_isr_pabort.o)
 .debug_aranges
                0x000008d0       0x20 c:/mgc/embedded201406/readystart-arm/codebench/bin/../lib/gcc/arm-none-eabi/4.8.3/../../../../arm-none-eabi/lib\libcs3arm.a(arm_isr_dabort.o)
 .debug_aranges
                0x000008f0       0x20 c:/mgc/embedded201406/readystart-arm/codebench/bin/../lib/gcc/arm-none-eabi/4.8.3/../../../../arm-none-eabi/lib\libcs3unhosted.a(unhosted-_close.o)
 .debug_aranges
                0x00000910       0x20 c:/mgc/embedded201406/readystart-arm/codebench/bin/../lib/gcc/arm-none-eabi/4.8.3/../../../../arm-none-eabi/lib\libcs3unhosted.a(unhosted-_read.o)
 .debug_aranges
                0x00000930       0x20 c:/mgc/embedded201406/readystart-arm/codebench/bin/../lib/gcc/arm-none-eabi/4.8.3/../../../../arm-none-eabi/lib\libcs3unhosted.a(unhosted-_write.o)
 .debug_aranges
                0x00000950       0x20 c:/mgc/embedded201406/readystart-arm/codebench/bin/../lib/gcc/arm-none-eabi/4.8.3/../../../../arm-none-eabi/lib\libcs3unhosted.a(unhosted-sbrk.o)
 .debug_aranges
                0x00000970       0x20 c:/mgc/embedded201406/readystart-arm/codebench/bin/../lib/gcc/arm-none-eabi/4.8.3/../../../../arm-none-eabi/lib\libcs3unhosted.a(unhosted-start.o)
 .debug_aranges
                0x00000990       0x18 c:/mgc/embedded201406/readystart-arm/codebench/bin/../lib/gcc/arm-none-eabi/4.8.3/../../../../arm-none-eabi/lib\libcs3.a(heap.o)
 .debug_aranges
                0x000009a8       0x20 c:/mgc/embedded201406/readystart-arm/codebench/bin/../lib/gcc/arm-none-eabi/4.8.3\libgcc.a(_udivsi3.o)
 .debug_aranges
                0x000009c8       0x20 c:/mgc/embedded201406/readystart-arm/codebench/bin/../lib/gcc/arm-none-eabi/4.8.3\libgcc.a(_divsi3.o)
 .debug_aranges
                0x000009e8       0x20 c:/mgc/embedded201406/readystart-arm/codebench/bin/../lib/gcc/arm-none-eabi/4.8.3\libgcc.a(_dvmd_tls.o)
 .debug_aranges
                0x00000a08       0x20 c:/mgc/embedded201406/readystart-arm/codebench/bin/../lib/gcc/arm-none-eabi/4.8.3\libgcc.a(_arm_addsubdf3.o)
 .debug_aranges
                0x00000a28       0x20 c:/mgc/embedded201406/readystart-arm/codebench/bin/../lib/gcc/arm-none-eabi/4.8.3\libgcc.a(_arm_muldivdf3.o)
 .debug_aranges
                0x00000a48       0x20 c:/mgc/embedded201406/readystart-arm/codebench/bin/../lib/gcc/arm-none-eabi/4.8.3\libgcc.a(_arm_cmpdf2.o)
 .debug_aranges
                0x00000a68       0x20 c:/mgc/embedded201406/readystart-arm/codebench/bin/../lib/gcc/arm-none-eabi/4.8.3\libgcc.a(_arm_fixdfsi.o)
 .debug_aranges
                0x00000a88       0x20 c:/mgc/embedded201406/readystart-arm/codebench/bin/../lib/gcc/arm-none-eabi/4.8.3\libgcc.a(_aeabi_uldivmod.o)
 .debug_aranges
                0x00000aa8       0x20 c:/mgc/embedded201406/readystart-arm/codebench/bin/../lib/gcc/arm-none-eabi/4.8.3\libgcc.a(bpabi.o)
 .debug_aranges
                0x00000ac8       0x20 c:/mgc/embedded201406/readystart-arm/codebench/bin/../lib/gcc/arm-none-eabi/4.8.3\libgcc.a(_divdi3.o)
 .debug_aranges
                0x00000ae8       0x20 c:/mgc/embedded201406/readystart-arm/codebench/bin/../lib/gcc/arm-none-eabi/4.8.3\libgcc.a(_udivdi3.o)
 .debug_aranges
                0x00000b08       0x20 c:/mgc/embedded201406/readystart-arm/codebench/bin/../lib/gcc/arm-none-eabi/4.8.3\libgcc.a(_clzsi2.o)

.debug_pubnames
 *(.debug_pubnames)

.debug_info     0x00000000     0xda32
 *(.debug_info .gnu.linkonce.wi.*)
 .debug_info    0x00000000     0x107e tests/remote/baremetal/echo_test/echo_test.o
 .debug_info    0x0000107e      0x2e9 tests/remote/baremetal/echo_test/rsc_table.o
 .debug_info    0x00001367      0xfd0 c:/users/nrasheed/open-amp-master/libs/open_amp\libopen_amp.a(remoteproc.o)
 .debug_info    0x00002337      0x319 c:/users/nrasheed/open-amp-master/libs/open_amp\libopen_amp.a(remoteproc_loader.o)
 .debug_info    0x00002650     0x10c2 c:/users/nrasheed/open-amp-master/libs/open_amp\libopen_amp.a(rsc_table_parser.o)
 .debug_info    0x00003712      0xf30 c:/users/nrasheed/open-amp-master/libs/open_amp\libopen_amp.a(rpmsg.o)
 .debug_info    0x00004642     0x1481 c:/users/nrasheed/open-amp-master/libs/open_amp\libopen_amp.a(rpmsg_core.o)
 .debug_info    0x00005ac3      0xce3 c:/users/nrasheed/open-amp-master/libs/open_amp\libopen_amp.a(virtqueue.o)
 .debug_info    0x000067a6      0xd04 c:/users/nrasheed/open-amp-master/libs/open_amp\libopen_amp.a(hil.o)
 .debug_info    0x000074aa       0xf2 c:/users/nrasheed/open-amp-master/libs/open_amp\libopen_amp.a(llist.o)
 .debug_info    0x0000759c      0x2ed c:/users/nrasheed/open-amp-master/libs/open_amp\libopen_amp.a(sh_mem.o)
 .debug_info    0x00007889      0x180 c:/users/nrasheed/open-amp-master/libs/open_amp\libopen_amp.a(config.o)
 .debug_info    0x00007a09      0x945 c:/users/nrasheed/open-amp-master/libs/open_amp\libopen_amp.a(platform_info.o)
 .debug_info    0x0000834e      0x960 c:/users/nrasheed/open-amp-master/libs/open_amp\libopen_amp.a(bm_env.o)
 .debug_info    0x00008cae      0xa93 c:/users/nrasheed/open-amp-master/libs/open_amp\libopen_amp.a(elf_loader.o)
 .debug_info    0x00009741     0x1226 c:/users/nrasheed/open-amp-master/libs/open_amp\libopen_amp.a(remote_device.o)
 .debug_info    0x0000a967      0x8c1 c:/users/nrasheed/open-amp-master/libs/open_amp\libopen_amp.a(platform.o)
 .debug_info    0x0000b228       0x79 c:/users/nrasheed/open-amp-master/libs/open_amp\libopen_amp.a(cyclone_trampoline.o)
 .debug_info    0x0000b2a1      0x802 c:/users/nrasheed/open-amp-master/libs/system/cyclone_v_soc_dk/baremetal\libbaremetal_remote.a(baremetal.o)
 .debug_info    0x0000baa3      0x231 c:/mgc/embedded201406/readystart-arm/codebench/bin/../lib/gcc/arm-none-eabi/4.8.3/../../../../arm-none-eabi/lib\libcs3.a(start_c.o)
 .debug_info    0x0000bcd4       0xe3 c:/mgc/embedded201406/readystart-arm/codebench/bin/../lib/gcc/arm-none-eabi/4.8.3/../../../../arm-none-eabi/lib\libcs3.a(cycloneV-dk-reset-ram.o)
 .debug_info    0x0000bdb7       0xdc c:/mgc/embedded201406/readystart-arm/codebench/bin/../lib/gcc/arm-none-eabi/4.8.3/../../../../arm-none-eabi/lib\libcs3arm.a(arm-vector.o)
 .debug_info    0x0000be93       0xda c:/mgc/embedded201406/readystart-arm/codebench/bin/../lib/gcc/arm-none-eabi/4.8.3/../../../../arm-none-eabi/lib\libcs3arm.a(arm_isr_interrupt.o)
 .debug_info    0x0000bf6d       0xda c:/mgc/embedded201406/readystart-arm/codebench/bin/../lib/gcc/arm-none-eabi/4.8.3/../../../../arm-none-eabi/lib\libcs3arm.a(arm_isr_undef.o)
 .debug_info    0x0000c047       0xda c:/mgc/embedded201406/readystart-arm/codebench/bin/../lib/gcc/arm-none-eabi/4.8.3/../../../../arm-none-eabi/lib\libcs3arm.a(arm_isr_swi.o)
 .debug_info    0x0000c121       0xda c:/mgc/embedded201406/readystart-arm/codebench/bin/../lib/gcc/arm-none-eabi/4.8.3/../../../../arm-none-eabi/lib\libcs3arm.a(arm_isr_pabort.o)
 .debug_info    0x0000c1fb       0xda c:/mgc/embedded201406/readystart-arm/codebench/bin/../lib/gcc/arm-none-eabi/4.8.3/../../../../arm-none-eabi/lib\libcs3arm.a(arm_isr_dabort.o)
 .debug_info    0x0000c2d5       0xa6 c:/mgc/embedded201406/readystart-arm/codebench/bin/../lib/gcc/arm-none-eabi/4.8.3/../../../../arm-none-eabi/lib\libcs3unhosted.a(unhosted-_close.o)
 .debug_info    0x0000c37b       0xca c:/mgc/embedded201406/readystart-arm/codebench/bin/../lib/gcc/arm-none-eabi/4.8.3/../../../../arm-none-eabi/lib\libcs3unhosted.a(unhosted-_read.o)
 .debug_info    0x0000c445       0xcf c:/mgc/embedded201406/readystart-arm/codebench/bin/../lib/gcc/arm-none-eabi/4.8.3/../../../../arm-none-eabi/lib\libcs3unhosted.a(unhosted-_write.o)
 .debug_info    0x0000c514       0xfb c:/mgc/embedded201406/readystart-arm/codebench/bin/../lib/gcc/arm-none-eabi/4.8.3/../../../../arm-none-eabi/lib\libcs3unhosted.a(unhosted-sbrk.o)
 .debug_info    0x0000c60f       0xd7 c:/mgc/embedded201406/readystart-arm/codebench/bin/../lib/gcc/arm-none-eabi/4.8.3/../../../../arm-none-eabi/lib\libcs3unhosted.a(unhosted-start.o)
 .debug_info    0x0000c6e6       0x3f c:/mgc/embedded201406/readystart-arm/codebench/bin/../lib/gcc/arm-none-eabi/4.8.3/../../../../arm-none-eabi/lib\libcs3.a(heap.o)
 .debug_info    0x0000c725       0xb6 c:/mgc/embedded201406/readystart-arm/codebench/bin/../lib/gcc/arm-none-eabi/4.8.3\libgcc.a(_udivsi3.o)
 .debug_info    0x0000c7db       0xb6 c:/mgc/embedded201406/readystart-arm/codebench/bin/../lib/gcc/arm-none-eabi/4.8.3\libgcc.a(_divsi3.o)
 .debug_info    0x0000c891       0xb6 c:/mgc/embedded201406/readystart-arm/codebench/bin/../lib/gcc/arm-none-eabi/4.8.3\libgcc.a(_dvmd_tls.o)
 .debug_info    0x0000c947       0xb7 c:/mgc/embedded201406/readystart-arm/codebench/bin/../lib/gcc/arm-none-eabi/4.8.3\libgcc.a(_arm_addsubdf3.o)
 .debug_info    0x0000c9fe       0xb7 c:/mgc/embedded201406/readystart-arm/codebench/bin/../lib/gcc/arm-none-eabi/4.8.3\libgcc.a(_arm_muldivdf3.o)
 .debug_info    0x0000cab5       0xb7 c:/mgc/embedded201406/readystart-arm/codebench/bin/../lib/gcc/arm-none-eabi/4.8.3\libgcc.a(_arm_cmpdf2.o)
 .debug_info    0x0000cb6c       0xb7 c:/mgc/embedded201406/readystart-arm/codebench/bin/../lib/gcc/arm-none-eabi/4.8.3\libgcc.a(_arm_fixdfsi.o)
 .debug_info    0x0000cc23       0xb2 c:/mgc/embedded201406/readystart-arm/codebench/bin/../lib/gcc/arm-none-eabi/4.8.3\libgcc.a(_aeabi_uldivmod.o)
 .debug_info    0x0000ccd5      0x160 c:/mgc/embedded201406/readystart-arm/codebench/bin/../lib/gcc/arm-none-eabi/4.8.3\libgcc.a(bpabi.o)
 .debug_info    0x0000ce35      0x5c4 c:/mgc/embedded201406/readystart-arm/codebench/bin/../lib/gcc/arm-none-eabi/4.8.3\libgcc.a(_divdi3.o)
 .debug_info    0x0000d3f9      0x583 c:/mgc/embedded201406/readystart-arm/codebench/bin/../lib/gcc/arm-none-eabi/4.8.3\libgcc.a(_udivdi3.o)
 .debug_info    0x0000d97c       0xb6 c:/mgc/embedded201406/readystart-arm/codebench/bin/../lib/gcc/arm-none-eabi/4.8.3\libgcc.a(_clzsi2.o)

.debug_abbrev   0x00000000     0x2606
 *(.debug_abbrev)
 .debug_abbrev  0x00000000      0x1ef tests/remote/baremetal/echo_test/echo_test.o
 .debug_abbrev  0x000001ef       0xcc tests/remote/baremetal/echo_test/rsc_table.o
 .debug_abbrev  0x000002bb      0x18a c:/users/nrasheed/open-amp-master/libs/open_amp\libopen_amp.a(remoteproc.o)
 .debug_abbrev  0x00000445       0xdb c:/users/nrasheed/open-amp-master/libs/open_amp\libopen_amp.a(remoteproc_loader.o)
 .debug_abbrev  0x00000520      0x19b c:/users/nrasheed/open-amp-master/libs/open_amp\libopen_amp.a(rsc_table_parser.o)
 .debug_abbrev  0x000006bb      0x1e9 c:/users/nrasheed/open-amp-master/libs/open_amp\libopen_amp.a(rpmsg.o)
 .debug_abbrev  0x000008a4      0x239 c:/users/nrasheed/open-amp-master/libs/open_amp\libopen_amp.a(rpmsg_core.o)
 .debug_abbrev  0x00000add      0x23f c:/users/nrasheed/open-amp-master/libs/open_amp\libopen_amp.a(virtqueue.o)
 .debug_abbrev  0x00000d1c      0x1e2 c:/users/nrasheed/open-amp-master/libs/open_amp\libopen_amp.a(hil.o)
 .debug_abbrev  0x00000efe       0x93 c:/users/nrasheed/open-amp-master/libs/open_amp\libopen_amp.a(llist.o)
 .debug_abbrev  0x00000f91       0xf5 c:/users/nrasheed/open-amp-master/libs/open_amp\libopen_amp.a(sh_mem.o)
 .debug_abbrev  0x00001086       0xcb c:/users/nrasheed/open-amp-master/libs/open_amp\libopen_amp.a(config.o)
 .debug_abbrev  0x00001151      0x151 c:/users/nrasheed/open-amp-master/libs/open_amp\libopen_amp.a(platform_info.o)
 .debug_abbrev  0x000012a2      0x2b2 c:/users/nrasheed/open-amp-master/libs/open_amp\libopen_amp.a(bm_env.o)
 .debug_abbrev  0x00001554      0x19a c:/users/nrasheed/open-amp-master/libs/open_amp\libopen_amp.a(elf_loader.o)
 .debug_abbrev  0x000016ee      0x24a c:/users/nrasheed/open-amp-master/libs/open_amp\libopen_amp.a(remote_device.o)
 .debug_abbrev  0x00001938      0x171 c:/users/nrasheed/open-amp-master/libs/open_amp\libopen_amp.a(platform.o)
 .debug_abbrev  0x00001aa9       0x14 c:/users/nrasheed/open-amp-master/libs/open_amp\libopen_amp.a(cyclone_trampoline.o)
 .debug_abbrev  0x00001abd      0x248 c:/users/nrasheed/open-amp-master/libs/system/cyclone_v_soc_dk/baremetal\libbaremetal_remote.a(baremetal.o)
 .debug_abbrev  0x00001d05      0x127 c:/mgc/embedded201406/readystart-arm/codebench/bin/../lib/gcc/arm-none-eabi/4.8.3/../../../../arm-none-eabi/lib\libcs3.a(start_c.o)
 .debug_abbrev  0x00001e2c       0x12 c:/mgc/embedded201406/readystart-arm/codebench/bin/../lib/gcc/arm-none-eabi/4.8.3/../../../../arm-none-eabi/lib\libcs3.a(cycloneV-dk-reset-ram.o)
 .debug_abbrev  0x00001e3e       0x14 c:/mgc/embedded201406/readystart-arm/codebench/bin/../lib/gcc/arm-none-eabi/4.8.3/../../../../arm-none-eabi/lib\libcs3arm.a(arm-vector.o)
 .debug_abbrev  0x00001e52       0x14 c:/mgc/embedded201406/readystart-arm/codebench/bin/../lib/gcc/arm-none-eabi/4.8.3/../../../../arm-none-eabi/lib\libcs3arm.a(arm_isr_interrupt.o)
 .debug_abbrev  0x00001e66       0x14 c:/mgc/embedded201406/readystart-arm/codebench/bin/../lib/gcc/arm-none-eabi/4.8.3/../../../../arm-none-eabi/lib\libcs3arm.a(arm_isr_undef.o)
 .debug_abbrev  0x00001e7a       0x14 c:/mgc/embedded201406/readystart-arm/codebench/bin/../lib/gcc/arm-none-eabi/4.8.3/../../../../arm-none-eabi/lib\libcs3arm.a(arm_isr_swi.o)
 .debug_abbrev  0x00001e8e       0x14 c:/mgc/embedded201406/readystart-arm/codebench/bin/../lib/gcc/arm-none-eabi/4.8.3/../../../../arm-none-eabi/lib\libcs3arm.a(arm_isr_pabort.o)
 .debug_abbrev  0x00001ea2       0x14 c:/mgc/embedded201406/readystart-arm/codebench/bin/../lib/gcc/arm-none-eabi/4.8.3/../../../../arm-none-eabi/lib\libcs3arm.a(arm_isr_dabort.o)
 .debug_abbrev  0x00001eb6       0xa2 c:/mgc/embedded201406/readystart-arm/codebench/bin/../lib/gcc/arm-none-eabi/4.8.3/../../../../arm-none-eabi/lib\libcs3unhosted.a(unhosted-_close.o)
 .debug_abbrev  0x00001f58       0xa2 c:/mgc/embedded201406/readystart-arm/codebench/bin/../lib/gcc/arm-none-eabi/4.8.3/../../../../arm-none-eabi/lib\libcs3unhosted.a(unhosted-_read.o)
 .debug_abbrev  0x00001ffa       0xa2 c:/mgc/embedded201406/readystart-arm/codebench/bin/../lib/gcc/arm-none-eabi/4.8.3/../../../../arm-none-eabi/lib\libcs3unhosted.a(unhosted-_write.o)
 .debug_abbrev  0x0000209c       0xf2 c:/mgc/embedded201406/readystart-arm/codebench/bin/../lib/gcc/arm-none-eabi/4.8.3/../../../../arm-none-eabi/lib\libcs3unhosted.a(unhosted-sbrk.o)
 .debug_abbrev  0x0000218e       0x14 c:/mgc/embedded201406/readystart-arm/codebench/bin/../lib/gcc/arm-none-eabi/4.8.3/../../../../arm-none-eabi/lib\libcs3unhosted.a(unhosted-start.o)
 .debug_abbrev  0x000021a2       0x42 c:/mgc/embedded201406/readystart-arm/codebench/bin/../lib/gcc/arm-none-eabi/4.8.3/../../../../arm-none-eabi/lib\libcs3.a(heap.o)
 .debug_abbrev  0x000021e4       0x14 c:/mgc/embedded201406/readystart-arm/codebench/bin/../lib/gcc/arm-none-eabi/4.8.3\libgcc.a(_udivsi3.o)
 .debug_abbrev  0x000021f8       0x14 c:/mgc/embedded201406/readystart-arm/codebench/bin/../lib/gcc/arm-none-eabi/4.8.3\libgcc.a(_divsi3.o)
 .debug_abbrev  0x0000220c       0x14 c:/mgc/embedded201406/readystart-arm/codebench/bin/../lib/gcc/arm-none-eabi/4.8.3\libgcc.a(_dvmd_tls.o)
 .debug_abbrev  0x00002220       0x14 c:/mgc/embedded201406/readystart-arm/codebench/bin/../lib/gcc/arm-none-eabi/4.8.3\libgcc.a(_arm_addsubdf3.o)
 .debug_abbrev  0x00002234       0x14 c:/mgc/embedded201406/readystart-arm/codebench/bin/../lib/gcc/arm-none-eabi/4.8.3\libgcc.a(_arm_muldivdf3.o)
 .debug_abbrev  0x00002248       0x14 c:/mgc/embedded201406/readystart-arm/codebench/bin/../lib/gcc/arm-none-eabi/4.8.3\libgcc.a(_arm_cmpdf2.o)
 .debug_abbrev  0x0000225c       0x14 c:/mgc/embedded201406/readystart-arm/codebench/bin/../lib/gcc/arm-none-eabi/4.8.3\libgcc.a(_arm_fixdfsi.o)
 .debug_abbrev  0x00002270       0x14 c:/mgc/embedded201406/readystart-arm/codebench/bin/../lib/gcc/arm-none-eabi/4.8.3\libgcc.a(_aeabi_uldivmod.o)
 .debug_abbrev  0x00002284       0xb5 c:/mgc/embedded201406/readystart-arm/codebench/bin/../lib/gcc/arm-none-eabi/4.8.3\libgcc.a(bpabi.o)
 .debug_abbrev  0x00002339      0x165 c:/mgc/embedded201406/readystart-arm/codebench/bin/../lib/gcc/arm-none-eabi/4.8.3\libgcc.a(_divdi3.o)
 .debug_abbrev  0x0000249e      0x154 c:/mgc/embedded201406/readystart-arm/codebench/bin/../lib/gcc/arm-none-eabi/4.8.3\libgcc.a(_udivdi3.o)
 .debug_abbrev  0x000025f2       0x14 c:/mgc/embedded201406/readystart-arm/codebench/bin/../lib/gcc/arm-none-eabi/4.8.3\libgcc.a(_clzsi2.o)

.debug_line     0x00000000     0x73aa
 *(.debug_line)
 .debug_line    0x00000000      0x94d tests/remote/baremetal/echo_test/echo_test.o
 .debug_line    0x0000094d      0x809 tests/remote/baremetal/echo_test/rsc_table.o
 .debug_line    0x00001156      0x6a7 c:/users/nrasheed/open-amp-master/libs/open_amp\libopen_amp.a(remoteproc.o)
 .debug_line    0x000017fd      0x638 c:/users/nrasheed/open-amp-master/libs/open_amp\libopen_amp.a(remoteproc_loader.o)
 .debug_line    0x00001e35      0x6da c:/users/nrasheed/open-amp-master/libs/open_amp\libopen_amp.a(rsc_table_parser.o)
 .debug_line    0x0000250f      0x578 c:/users/nrasheed/open-amp-master/libs/open_amp\libopen_amp.a(rpmsg.o)
 .debug_line    0x00002a87      0x6df c:/users/nrasheed/open-amp-master/libs/open_amp\libopen_amp.a(rpmsg_core.o)
 .debug_line    0x00003166      0x525 c:/users/nrasheed/open-amp-master/libs/open_amp\libopen_amp.a(virtqueue.o)
 .debug_line    0x0000368b      0x47b c:/users/nrasheed/open-amp-master/libs/open_amp\libopen_amp.a(hil.o)
 .debug_line    0x00003b06       0x7a c:/users/nrasheed/open-amp-master/libs/open_amp\libopen_amp.a(llist.o)
 .debug_line    0x00003b80      0x310 c:/users/nrasheed/open-amp-master/libs/open_amp\libopen_amp.a(sh_mem.o)
 .debug_line    0x00003e90      0x255 c:/users/nrasheed/open-amp-master/libs/open_amp\libopen_amp.a(config.o)
 .debug_line    0x000040e5      0x484 c:/users/nrasheed/open-amp-master/libs/open_amp\libopen_amp.a(platform_info.o)
 .debug_line    0x00004569      0x5e6 c:/users/nrasheed/open-amp-master/libs/open_amp\libopen_amp.a(bm_env.o)
 .debug_line    0x00004b4f      0x7a0 c:/users/nrasheed/open-amp-master/libs/open_amp\libopen_amp.a(elf_loader.o)
 .debug_line    0x000052ef      0x6ae c:/users/nrasheed/open-amp-master/libs/open_amp\libopen_amp.a(remote_device.o)
 .debug_line    0x0000599d      0x4bb c:/users/nrasheed/open-amp-master/libs/open_amp\libopen_amp.a(platform.o)
 .debug_line    0x00005e58       0x5e c:/users/nrasheed/open-amp-master/libs/open_amp\libopen_amp.a(cyclone_trampoline.o)
 .debug_line    0x00005eb6      0x44a c:/users/nrasheed/open-amp-master/libs/system/cyclone_v_soc_dk/baremetal\libbaremetal_remote.a(baremetal.o)
 .debug_line    0x00006300       0xfd c:/mgc/embedded201406/readystart-arm/codebench/bin/../lib/gcc/arm-none-eabi/4.8.3/../../../../arm-none-eabi/lib\libcs3.a(start_c.o)
 .debug_line    0x000063fd       0x9a c:/mgc/embedded201406/readystart-arm/codebench/bin/../lib/gcc/arm-none-eabi/4.8.3/../../../../arm-none-eabi/lib\libcs3.a(cycloneV-dk-reset-ram.o)
 .debug_line    0x00006497       0x6b c:/mgc/embedded201406/readystart-arm/codebench/bin/../lib/gcc/arm-none-eabi/4.8.3/../../../../arm-none-eabi/lib\libcs3arm.a(arm-vector.o)
 .debug_line    0x00006502       0x62 c:/mgc/embedded201406/readystart-arm/codebench/bin/../lib/gcc/arm-none-eabi/4.8.3/../../../../arm-none-eabi/lib\libcs3arm.a(arm_isr_interrupt.o)
 .debug_line    0x00006564       0x62 c:/mgc/embedded201406/readystart-arm/codebench/bin/../lib/gcc/arm-none-eabi/4.8.3/../../../../arm-none-eabi/lib\libcs3arm.a(arm_isr_undef.o)
 .debug_line    0x000065c6       0x62 c:/mgc/embedded201406/readystart-arm/codebench/bin/../lib/gcc/arm-none-eabi/4.8.3/../../../../arm-none-eabi/lib\libcs3arm.a(arm_isr_swi.o)
 .debug_line    0x00006628       0x62 c:/mgc/embedded201406/readystart-arm/codebench/bin/../lib/gcc/arm-none-eabi/4.8.3/../../../../arm-none-eabi/lib\libcs3arm.a(arm_isr_pabort.o)
 .debug_line    0x0000668a       0x63 c:/mgc/embedded201406/readystart-arm/codebench/bin/../lib/gcc/arm-none-eabi/4.8.3/../../../../arm-none-eabi/lib\libcs3arm.a(arm_isr_dabort.o)
 .debug_line    0x000066ed       0xa0 c:/mgc/embedded201406/readystart-arm/codebench/bin/../lib/gcc/arm-none-eabi/4.8.3/../../../../arm-none-eabi/lib\libcs3unhosted.a(unhosted-_close.o)
 .debug_line    0x0000678d       0x9f c:/mgc/embedded201406/readystart-arm/codebench/bin/../lib/gcc/arm-none-eabi/4.8.3/../../../../arm-none-eabi/lib\libcs3unhosted.a(unhosted-_read.o)
 .debug_line    0x0000682c       0xa0 c:/mgc/embedded201406/readystart-arm/codebench/bin/../lib/gcc/arm-none-eabi/4.8.3/../../../../arm-none-eabi/lib\libcs3unhosted.a(unhosted-_write.o)
 .debug_line    0x000068cc       0xb4 c:/mgc/embedded201406/readystart-arm/codebench/bin/../lib/gcc/arm-none-eabi/4.8.3/../../../../arm-none-eabi/lib\libcs3unhosted.a(unhosted-sbrk.o)
 .debug_line    0x00006980       0x61 c:/mgc/embedded201406/readystart-arm/codebench/bin/../lib/gcc/arm-none-eabi/4.8.3/../../../../arm-none-eabi/lib\libcs3unhosted.a(unhosted-start.o)
 .debug_line    0x000069e1       0x4f c:/mgc/embedded201406/readystart-arm/codebench/bin/../lib/gcc/arm-none-eabi/4.8.3/../../../../arm-none-eabi/lib\libcs3.a(heap.o)
 .debug_line    0x00006a30       0x9f c:/mgc/embedded201406/readystart-arm/codebench/bin/../lib/gcc/arm-none-eabi/4.8.3\libgcc.a(_udivsi3.o)
 .debug_line    0x00006acf       0xab c:/mgc/embedded201406/readystart-arm/codebench/bin/../lib/gcc/arm-none-eabi/4.8.3\libgcc.a(_divsi3.o)
 .debug_line    0x00006b7a       0x76 c:/mgc/embedded201406/readystart-arm/codebench/bin/../lib/gcc/arm-none-eabi/4.8.3\libgcc.a(_dvmd_tls.o)
 .debug_line    0x00006bf0      0x179 c:/mgc/embedded201406/readystart-arm/codebench/bin/../lib/gcc/arm-none-eabi/4.8.3\libgcc.a(_arm_addsubdf3.o)
 .debug_line    0x00006d69      0x195 c:/mgc/embedded201406/readystart-arm/codebench/bin/../lib/gcc/arm-none-eabi/4.8.3\libgcc.a(_arm_muldivdf3.o)
 .debug_line    0x00006efe       0xc3 c:/mgc/embedded201406/readystart-arm/codebench/bin/../lib/gcc/arm-none-eabi/4.8.3\libgcc.a(_arm_cmpdf2.o)
 .debug_line    0x00006fc1       0x8d c:/mgc/embedded201406/readystart-arm/codebench/bin/../lib/gcc/arm-none-eabi/4.8.3\libgcc.a(_arm_fixdfsi.o)
 .debug_line    0x0000704e       0x7b c:/mgc/embedded201406/readystart-arm/codebench/bin/../lib/gcc/arm-none-eabi/4.8.3\libgcc.a(_aeabi_uldivmod.o)
 .debug_line    0x000070c9       0x7c c:/mgc/embedded201406/readystart-arm/codebench/bin/../lib/gcc/arm-none-eabi/4.8.3\libgcc.a(bpabi.o)
 .debug_line    0x00007145       0xf6 c:/mgc/embedded201406/readystart-arm/codebench/bin/../lib/gcc/arm-none-eabi/4.8.3\libgcc.a(_divdi3.o)
 .debug_line    0x0000723b       0xec c:/mgc/embedded201406/readystart-arm/codebench/bin/../lib/gcc/arm-none-eabi/4.8.3\libgcc.a(_udivdi3.o)
 .debug_line    0x00007327       0x83 c:/mgc/embedded201406/readystart-arm/codebench/bin/../lib/gcc/arm-none-eabi/4.8.3\libgcc.a(_clzsi2.o)

.debug_frame    0x00000000     0x217c
 *(.debug_frame)
 .debug_frame   0x00000000       0xcc tests/remote/baremetal/echo_test/echo_test.o
 .debug_frame   0x000000cc       0xb8 c:/users/nrasheed/open-amp-master/libs/open_amp\libopen_amp.a(remoteproc.o)