Archive member included to satisfy reference by file (symbol)

c:/users/nrasheed/open-amp-master/libs/open_amp\libopen_amp.a(remoteproc.o)
                              tests/master/baremetal/func_test_suite/func_test_suite.o (remoteproc_init)
c:/users/nrasheed/open-amp-master/libs/open_amp\libopen_amp.a(remoteproc_loader.o)
                              c:/users/nrasheed/open-amp-master/libs/open_amp\libopen_amp.a(remoteproc.o) (remoteproc_loader_init)
c:/users/nrasheed/open-amp-master/libs/open_amp\libopen_amp.a(rsc_table_parser.o)
                              c:/users/nrasheed/open-amp-master/libs/open_amp\libopen_amp.a(remoteproc.o) (handle_rsc_table)
c:/users/nrasheed/open-amp-master/libs/open_amp\libopen_amp.a(rpmsg.o)
                              c:/users/nrasheed/open-amp-master/libs/open_amp\libopen_amp.a(remoteproc.o) (rpmsg_init)
c:/users/nrasheed/open-amp-master/libs/open_amp\libopen_amp.a(rpmsg_core.o)
                              c:/users/nrasheed/open-amp-master/libs/open_amp\libopen_amp.a(rpmsg.o) (rpmsg_start_ipc)
c:/users/nrasheed/open-amp-master/libs/open_amp\libopen_amp.a(virtqueue.o)
                              c:/users/nrasheed/open-amp-master/libs/open_amp\libopen_amp.a(rpmsg_core.o) (virtqueue_add_buffer)
c:/users/nrasheed/open-amp-master/libs/open_amp\libopen_amp.a(hil.o)
                              c:/users/nrasheed/open-amp-master/libs/open_amp\libopen_amp.a(remoteproc.o) (hil_create_proc)
c:/users/nrasheed/open-amp-master/libs/open_amp\libopen_amp.a(llist.o)
                              c:/users/nrasheed/open-amp-master/libs/open_amp\libopen_amp.a(rpmsg_core.o) (add_to_list)
c:/users/nrasheed/open-amp-master/libs/open_amp\libopen_amp.a(sh_mem.o)
                              c:/users/nrasheed/open-amp-master/libs/open_amp\libopen_amp.a(rpmsg_core.o) (sh_mem_get_buffer)
c:/users/nrasheed/open-amp-master/libs/open_amp\libopen_amp.a(config.o)
                              c:/users/nrasheed/open-amp-master/libs/open_amp\libopen_amp.a(hil.o) (config_get_firmware)
c:/users/nrasheed/open-amp-master/libs/open_amp\libopen_amp.a(platform_info.o)
                              c:/users/nrasheed/open-amp-master/libs/open_amp\libopen_amp.a(hil.o) (platform_get_processor_info)
c:/users/nrasheed/open-amp-master/libs/open_amp\libopen_amp.a(bm_env.o)
                              c:/users/nrasheed/open-amp-master/libs/open_amp\libopen_amp.a(remoteproc.o) (env_init)
c:/users/nrasheed/open-amp-master/libs/open_amp\libopen_amp.a(elf_loader.o)
                              c:/users/nrasheed/open-amp-master/libs/open_amp\libopen_amp.a(remoteproc_loader.o) (elf_loader_init)
c:/users/nrasheed/open-amp-master/libs/open_amp\libopen_amp.a(remote_device.o)
                              c:/users/nrasheed/open-amp-master/libs/open_amp\libopen_amp.a(rpmsg.o) (rpmsg_rdev_init)
c:/users/nrasheed/open-amp-master/libs/open_amp\libopen_amp.a(platform.o)
                              c:/users/nrasheed/open-amp-master/libs/open_amp\libopen_amp.a(platform_info.o) (proc_ops)
c:/users/nrasheed/open-amp-master/libs/open_amp\libopen_amp.a(cyclone_trampoline.o)
                              c:/users/nrasheed/open-amp-master/libs/open_amp\libopen_amp.a(platform.o) (cyclone_trampoline)
c:/users/nrasheed/open-amp-master/libs/system/cyclone_v_soc_dk/baremetal\libbaremetal_master.a(baremetal.o)
                              tests/master/baremetal/func_test_suite/func_test_suite.o (ARM_AR_ISR_SYS_Stack)
c:/mgc/embedded201406/readystart-arm/codebench/bin/../lib/gcc/arm-none-eabi/4.8.3/../../../../arm-none-eabi/lib\libc.a(lib_a-asm-memcpy.o)
                              tests/master/baremetal/func_test_suite/func_test_suite.o (memcpy)
c:/mgc/embedded201406/readystart-arm/codebench/bin/../lib/gcc/arm-none-eabi/4.8.3/../../../../arm-none-eabi/lib\libc.a(lib_a-malloc.o)
                              tests/master/baremetal/func_test_suite/func_test_suite.o (malloc)
c:/mgc/embedded201406/readystart-arm/codebench/bin/../lib/gcc/arm-none-eabi/4.8.3/../../../../arm-none-eabi/lib\libc.a(lib_a-mallocr.o)
                              c:/mgc/embedded201406/readystart-arm/codebench/bin/../lib/gcc/arm-none-eabi/4.8.3/../../../../arm-none-eabi/lib\libc.a(lib_a-malloc.o) (_malloc_r)
c:/mgc/embedded201406/readystart-arm/codebench/bin/../lib/gcc/arm-none-eabi/4.8.3/../../../../arm-none-eabi/lib\libc.a(lib_a-memset.o)
                              tests/master/baremetal/func_test_suite/func_test_suite.o (memset)
c:/mgc/embedded201406/readystart-arm/codebench/bin/../lib/gcc/arm-none-eabi/4.8.3/../../../../arm-none-eabi/lib\libc.a(lib_a-mlock.o)
                              c:/mgc/embedded201406/readystart-arm/codebench/bin/../lib/gcc/arm-none-eabi/4.8.3/../../../../arm-none-eabi/lib\libc.a(lib_a-mallocr.o) (__malloc_lock)
c:/mgc/embedded201406/readystart-arm/codebench/bin/../lib/gcc/arm-none-eabi/4.8.3/../../../../arm-none-eabi/lib\libc.a(lib_a-printf.o)
[...]
Memory Configuration

Name             Origin             Length             Attributes
boot_rom         0xfffd0000         0x00010000         xr
oc_ram           0xffff0000         0x00010000         xrw
ram              0x20000000         0x1ff00000         xrw
*default*        0x00000000         0xffffffff

Linker script and memory map

LOAD c:/mgc/embedded201406/readystart-arm/codebench/bin/../lib/gcc/arm-none-eabi/4.8.3/crti.o
LOAD c:/mgc/embedded201406/readystart-arm/codebench/bin/../lib/gcc/arm-none-eabi/4.8.3/crtbegin.o
START GROUP
LOAD tests/master/baremetal/func_test_suite/func_test_suite.o
LOAD tests/master/baremetal/func_test_suite/firmware1.o
LOAD tests/master/baremetal/func_test_suite/firmware2.o
LOAD c:/users/nrasheed/open-amp-master/libs/open_amp\libopen_amp.a
LOAD c:/users/nrasheed/open-amp-master/libs/system/cyclone_v_soc_dk/baremetal\libbaremetal_master.a
LOAD c:/mgc/embedded201406/readystart-arm/codebench/bin/../lib/gcc/arm-none-eabi/4.8.3/../../../../arm-none-eabi/lib\libc.a
LOAD c:/mgc/embedded201406/readystart-arm/codebench/bin/../lib/gcc/arm-none-eabi/4.8.3/../../../../arm-none-eabi/lib\libm.a
LOAD c:/mgc/embedded201406/readystart-arm/codebench/bin/../lib/gcc/arm-none-eabi/4.8.3/../../../../arm-none-eabi/lib\libstdc++.a
LOAD c:/mgc/embedded201406/readystart-arm/codebench/bin/../lib/gcc/arm-none-eabi/4.8.3/../../../../arm-none-eabi/lib\libcs3.a
LOAD c:/mgc/embedded201406/readystart-arm/codebench/bin/../lib/gcc/arm-none-eabi/4.8.3/../../../../arm-none-eabi/lib\libcs3arm.a
LOAD c:/mgc/embedded201406/readystart-arm/codebench/bin/../lib/gcc/arm-none-eabi/4.8.3/../../../../arm-none-eabi/lib\libcs3unhosted.a
END GROUP
START GROUP
LOAD c:/mgc/embedded201406/readystart-arm/codebench/bin/../lib/gcc/arm-none-eabi/4.8.3\libgcc.a
LOAD c:/mgc/embedded201406/readystart-arm/codebench/bin/../lib/gcc/arm-none-eabi/4.8.3/../../../../arm-none-eabi/lib\libc.a
END GROUP
LOAD c:/mgc/embedded201406/readystart-arm/codebench/bin/../lib/gcc/arm-none-eabi/4.8.3/crtend.o
LOAD c:/mgc/embedded201406/readystart-arm/codebench/bin/../lib/gcc/arm-none-eabi/4.8.3/crtn.o
START GROUP
LOAD c:/mgc/embedded201406/readystart-arm/codebench/bin/../lib/gcc/arm-none-eabi/4.8.3\libgcc.a
LOAD c:/mgc/embedded201406/readystart-arm/codebench/bin/../lib/gcc/arm-none-eabi/4.8.3/../../../../arm-none-eabi/lib\libc.a
LOAD c:/mgc/embedded201406/readystart-arm/codebench/bin/../lib/gcc/arm-none-eabi/4.8.3/../../../../arm-none-eabi/lib\libcs3.a
LOAD c:/mgc/embedded201406/readystart-arm/codebench/bin/../lib/gcc/arm-none-eabi/4.8.3/../../../../arm-none-eabi/lib\libcs3unhosted.a
LOAD c:/mgc/embedded201406/readystart-arm/codebench/bin/../lib/gcc/arm-none-eabi/4.8.3/../../../../arm-none-eabi/lib\libcs3arm.a
END GROUP
                0x20011ae8                PROVIDE (__cs3_heap_start, _end)
                0x3ff00000                PROVIDE (__cs3_heap_end, (__cs3_region_start_ram + __cs3_region_size_ram))
                0x00000002                PROVIDE (__cs3_region_num, ((__cs3_regions_end - __cs3_regions) / 0x14))
                0x3ff00000                PROVIDE (__cs3_stack, (__cs3_region_start_ram + __cs3_region_size_ram))
                0x00000000                _binary_firmware1_start = 0x0
                0x00000000                _binary_firmware1_end = 0x0
                0x00000000                _binary_firmware2_start = 0x0
                0x00000000                _binary_firmware2_end = 0x0

.text           0x20000000     0xee8c
 CREATE_OBJECT_SYMBOLS
                0x20000000                __cs3_region_start_ram = .
                0x20000000                _ftext = .
 *(.cs3.region-head.ram)
                0x00000001                ASSERT ((. == __cs3_region_start_ram), .cs3.region-head.ram not permitted)
                0x20000000                __cs3_interrupt_vector = __cs3_interrupt_vector_arm
 *(.cs3.interrupt_vector)
 .cs3.interrupt_vector
                0x20000000       0x40 c:/mgc/embedded201406/readystart-arm/codebench/bin/../lib/gcc/arm-none-eabi/4.8.3/../../../../arm-none-eabi/lib\libcs3arm.a(arm-vector.o)
                0x20000000                __cs3_interrupt_vector_arm
                0x00000001                ASSERT ((. != __cs3_interrupt_vector_arm), No interrupt vector)
                0x20000040                PROVIDE (__cs3_reset, __cs3_reset_cycloneV_dk_ram)
 *(.cs3.reset)
 .cs3.reset     0x20000040        0x4 c:/mgc/embedded201406/readystart-arm/codebench/bin/../lib/gcc/arm-none-eabi/4.8.3/../../../../arm-none-eabi/lib\libcs3.a(cycloneV-dk-reset-ram.o)
                0x20000040                __cs3_reset_cycloneV_dk_ram
                [0x200000d8]                _start = DEFINED (__cs3_start_asm)?__cs3_start_asm:_start
 *(.text.cs3.init)
 .text.cs3.init
                0x20000044       0x94 c:/mgc/embedded201406/readystart-arm/codebench/bin/../lib/gcc/arm-none-eabi/4.8.3/../../../../arm-none-eabi/lib\libcs3.a(start_c.o)
                0x20000044                __cs3_start_c
 .text.cs3.init
                0x200000d8        0xc c:/mgc/embedded201406/readystart-arm/codebench/bin/../lib/gcc/arm-none-eabi/4.8.3/../../../../arm-none-eabi/lib\libcs3unhosted.a(unhosted-start.o)
 *(.text .text.* .gnu.linkonce.t.*)
 .text          0x200000e4      0x128 c:/mgc/embedded201406/readystart-arm/codebench/bin/../lib/gcc/arm-none-eabi/4.8.3/crtbegin.o
 .text.rpmsg_send
                0x2000020c       0x80 tests/master/baremetal/func_test_suite/func_test_suite.o
 .text.rpmsg_send_offchannel
                0x2000028c       0x74 tests/master/baremetal/func_test_suite/func_test_suite.o
 .text.sleep    0x20000300       0x40 tests/master/baremetal/func_test_suite/func_test_suite.o
 .text.init_system
                0x20000340       0x20 tests/master/baremetal/func_test_suite/func_test_suite.o
 .text.main     0x20000360       0x38 tests/master/baremetal/func_test_suite/func_test_suite.o
                0x20000360                main
 .text.rpmsg_channel_created
                0x20000398       0x50 tests/master/baremetal/func_test_suite/func_test_suite.o
                0x20000398                rpmsg_channel_created
 .text.rpmsg_channel_deleted
                0x200003e8       0x3c tests/master/baremetal/func_test_suite/func_test_suite.o
                0x200003e8                rpmsg_channel_deleted
 .text.rpmsg_read_default_cb
                0x20000424       0x54 tests/master/baremetal/func_test_suite/func_test_suite.o
                0x20000424                rpmsg_read_default_cb
 .text.rpmsg_read_ept1_cb
                0x20000478       0x54 tests/master/baremetal/func_test_suite/func_test_suite.o
                0x20000478                rpmsg_read_ept1_cb
 .text.rpmsg_read_ept2_cb
                0x200004cc       0x54 tests/master/baremetal/func_test_suite/func_test_suite.o
                0x200004cc                rpmsg_read_ept2_cb
 .text.wait_for_event
                0x20000520       0x3c tests/master/baremetal/func_test_suite/func_test_suite.o
                0x20000520                wait_for_event
 .text.send_test_case_report
                0x2000055c       0xf0 tests/master/baremetal/func_test_suite/func_test_suite.o
                0x2000055c                send_test_case_report
 .text.test_execute_suite
                0x2000064c      0x2f0 tests/master/baremetal/func_test_suite/func_test_suite.o
                0x2000064c                test_execute_suite
 .text.test_rpmsg_remote_channel_deletion
                0x2000093c       0xf4 tests/master/baremetal/func_test_suite/func_test_suite.o
                0x2000093c                test_rpmsg_remote_channel_deletion
 .text.test_rpmsg_create_ept
                0x20000a30      0x2f8 tests/master/baremetal/func_test_suite/func_test_suite.o
                0x20000a30                test_rpmsg_create_ept
 .text.test_rpmsg_send_impl
                0x20000d28      0x25c tests/master/baremetal/func_test_suite/func_test_suite.o
                0x20000d28                test_rpmsg_send_impl
 .text.test_rpmsg_send
                0x20000f84       0x28 tests/master/baremetal/func_test_suite/func_test_suite.o
                0x20000f84                test_rpmsg_send
 .text.test_rpmsg_send_offchannel_impl
                0x20000fac      0x22c tests/master/baremetal/func_test_suite/func_test_suite.o
                0x20000fac                test_rpmsg_send_offchannel_impl
 .text.test_rpmsg_send_offchannel
                0x200011d8       0x38 tests/master/baremetal/func_test_suite/func_test_suite.o
                0x200011d8                test_rpmsg_send_offchannel
 .text.remoteproc_init
                0x20001210      0x220 c:/users/nrasheed/open-amp-master/libs/open_amp\libopen_amp.a(remoteproc.o)
                0x20001210                remoteproc_init
 .text.remoteproc_deinit
                0x20001430       0x90 c:/users/nrasheed/open-amp-master/libs/open_amp\libopen_amp.a(remoteproc.o)
                0x20001430                remoteproc_deinit
 .text.remoteproc_boot
                0x200014c0      0x124 c:/users/nrasheed/open-amp-master/libs/open_amp\libopen_amp.a(remoteproc.o)
                0x200014c0                remoteproc_boot
 .text.remoteproc_shutdown
                0x200015e4       0x78 c:/users/nrasheed/open-amp-master/libs/open_amp\libopen_amp.a(remoteproc.o)
                0x200015e4                remoteproc_shutdown
 .text.remoteproc_loader_init
                0x2000165c       0xa0 c:/users/nrasheed/open-amp-master/libs/open_amp\libopen_amp.a(remoteproc_loader.o)
                0x2000165c                remoteproc_loader_init
 .text.remoteproc_loader_delete
                0x200016fc       0x64 c:/users/nrasheed/open-amp-master/libs/open_amp\libopen_amp.a(remoteproc_loader.o)
                0x200016fc                remoteproc_loader_delete
 .text.remoteproc_loader_attach_firmware
                0x20001760       0xd0 c:/users/nrasheed/open-amp-master/libs/open_amp\libopen_amp.a(remoteproc_loader.o)
                0x20001760                remoteproc_loader_attach_firmware
 .text.remoteproc_loader_retrieve_resource_section
                0x20001830       0x64 c:/users/nrasheed/open-amp-master/libs/open_amp\libopen_amp.a(remoteproc_loader.o)
                0x20001830                remoteproc_loader_retrieve_resource_section
 .text.remoteproc_loader_load_remote_firmware
                0x20001894       0x64 c:/users/nrasheed/open-amp-master/libs/open_amp\libopen_amp.a(remoteproc_loader.o)
                0x20001894                remoteproc_loader_load_remote_firmware
 .text.remoteproc_get_load_address
                0x200018f8       0x64 c:/users/nrasheed/open-amp-master/libs/open_amp\libopen_amp.a(remoteproc_loader.o)
                0x200018f8                remoteproc_get_load_address
 .text.vring_size
                0x2000195c       0x84 c:/users/nrasheed/open-amp-master/libs/open_amp\libopen_amp.a(rsc_table_parser.o)
 .text.handle_rsc_table
                0x200019e0      0x150 c:/users/nrasheed/open-amp-master/libs/open_amp\libopen_amp.a(rsc_table_parser.o)
                0x200019e0                handle_rsc_table
 .text.handle_carve_out_rsc
                0x20001b30       0x9c c:/users/nrasheed/open-amp-master/libs/open_amp\libopen_amp.a(rsc_table_parser.o)
                0x20001b30                handle_carve_out_rsc
 .text.handle_trace_rsc
                0x20001bcc       0x2c c:/users/nrasheed/open-amp-master/libs/open_amp\libopen_amp.a(rsc_table_parser.o)
                0x20001bcc                handle_trace_rsc
 .text.handle_dev_mem_rsc
                0x20001bf8       0x2c c:/users/nrasheed/open-amp-master/libs/open_amp\libopen_amp.a(rsc_table_parser.o)
                0x20001bf8                handle_dev_mem_rsc
 .text.handle_vdev_rsc
                0x20001c24      0x1d4 c:/users/nrasheed/open-amp-master/libs/open_amp\libopen_amp.a(rsc_table_parser.o)
                0x20001c24                handle_vdev_rsc
 .text.handle_mmu_rsc
                0x20001df8       0x2c c:/users/nrasheed/open-amp-master/libs/open_amp\libopen_amp.a(rsc_table_parser.o)
                0x20001df8                handle_mmu_rsc
 .text.rpmsg_init
                0x20001e24       0xa4 c:/users/nrasheed/open-amp-master/libs/open_amp\libopen_amp.a(rpmsg.o)
                0x20001e24                rpmsg_init
 .text.rpmsg_deinit
                0x20001ec8       0x30 c:/users/nrasheed/open-amp-master/libs/open_amp\libopen_amp.a(rpmsg.o)
                0x20001ec8                rpmsg_deinit
 .text.rpmsg_send_offchannel_raw
                0x20001ef8      0x26c c:/users/nrasheed/open-amp-master/libs/open_amp\libopen_amp.a(rpmsg.o)
                0x20001ef8                rpmsg_send_offchannel_raw
 .text.rpmsg_create_ept
                0x20002164       0x98 c:/users/nrasheed/open-amp-master/libs/open_amp\libopen_amp.a(rpmsg.o)
                0x20002164                rpmsg_create_ept
 .text.rpmsg_destroy_ept
                0x200021fc       0x4c c:/users/nrasheed/open-amp-master/libs/open_amp\libopen_amp.a(rpmsg.o)
                0x200021fc                rpmsg_destroy_ept
 .text.rpmsg_send
                0x20002248       0x80 c:/users/nrasheed/open-amp-master/libs/open_amp\libopen_amp.a(rpmsg_core.o)
 .text.rpmsg_start_ipc
                0x200022c8      0x158 c:/users/nrasheed/open-amp-master/libs/open_amp\libopen_amp.a(rpmsg_core.o)
                0x200022c8                rpmsg_start_ipc
 .text._rpmsg_create_channel
                0x20002420       0xf4 c:/users/nrasheed/open-amp-master/libs/open_amp\libopen_amp.a(rpmsg_core.o)
                0x20002420                _rpmsg_create_channel
 .text._rpmsg_delete_channel
                0x20002514       0x9c c:/users/nrasheed/open-amp-master/libs/open_amp\libopen_amp.a(rpmsg_core.o)
                0x20002514                _rpmsg_delete_channel
 .text._create_endpoint
                0x200025b0      0x194 c:/users/nrasheed/open-amp-master/libs/open_amp\libopen_amp.a(rpmsg_core.o)
                0x200025b0                _create_endpoint
 .text._destroy_endpoint
                0x20002744       0xa4 c:/users/nrasheed/open-amp-master/libs/open_amp\libopen_amp.a(rpmsg_core.o)
                0x20002744                _destroy_endpoint
 .text.rpmsg_send_ns_message
                0x200027e8      0x110 c:/users/nrasheed/open-amp-master/libs/open_amp\libopen_amp.a(rpmsg_core.o)
                0x200027e8                rpmsg_send_ns_message
 .text.rpmsg_enqueue_buffer
                0x200028f8       0xac c:/users/nrasheed/open-amp-master/libs/open_amp\libopen_amp.a(rpmsg_core.o)
                0x200028f8                rpmsg_enqueue_buffer
 .text.rpmsg_return_buffer
                0x200029a4       0x9c c:/users/nrasheed/open-amp-master/libs/open_amp\libopen_amp.a(rpmsg_core.o)
                0x200029a4                rpmsg_return_buffer
 .text.rpmsg_get_tx_buffer
                0x20002a40       0xa4 c:/users/nrasheed/open-amp-master/libs/open_amp\libopen_amp.a(rpmsg_core.o)
                0x20002a40                rpmsg_get_tx_buffer
 .text.rpmsg_get_rx_buffer
                0x20002ae4       0x78 c:/users/nrasheed/open-amp-master/libs/open_amp\libopen_amp.a(rpmsg_core.o)
                0x20002ae4                rpmsg_get_rx_buffer
 .text.rpmsg_free_buffer
                0x20002b5c       0x40 c:/users/nrasheed/open-amp-master/libs/open_amp\libopen_amp.a(rpmsg_core.o)
                0x20002b5c                rpmsg_free_buffer
 .text.rpmsg_tx_callback
                0x20002b9c       0xcc c:/users/nrasheed/open-amp-master/libs/open_amp\libopen_amp.a(rpmsg_core.o)
 .text.rpmsg_rx_callback
                0x20002c68      0x188 c:/users/nrasheed/open-amp-master/libs/open_amp\libopen_amp.a(rpmsg_core.o)
 .text.rpmsg_ns_callback
                0x20002df0      0x178 c:/users/nrasheed/open-amp-master/libs/open_amp\libopen_amp.a(rpmsg_core.o)
                0x20002df0                rpmsg_ns_callback
 .text.rpmsg_get_address
                0x20002f68       0xd4 c:/users/nrasheed/open-amp-master/libs/open_amp\libopen_amp.a(rpmsg_core.o)
                0x20002f68                rpmsg_get_address
 .text.rpmsg_release_address
                0x2000303c       0xc8 c:/users/nrasheed/open-amp-master/libs/open_amp\libopen_amp.a(rpmsg_core.o)
                0x2000303c                rpmsg_release_address
 .text.rpmsg_is_address_set
                0x20003104       0xac c:/users/nrasheed/open-amp-master/libs/open_amp\libopen_amp.a(rpmsg_core.o)
                0x20003104                rpmsg_is_address_set
 .text.rpmsg_set_address
                0x200031b0       0xc4 c:/users/nrasheed/open-amp-master/libs/open_amp\libopen_amp.a(rpmsg_core.o)
                0x200031b0                rpmsg_set_address
 .text.vring_size
                0x20003274       0x84 c:/users/nrasheed/open-amp-master/libs/open_amp\libopen_amp.a(virtqueue.o)
 .text.vring_init
                0x200032f8       0x98 c:/users/nrasheed/open-amp-master/libs/open_amp\libopen_amp.a(virtqueue.o)
 .text.vring_need_event
                0x20003390       0x64 c:/users/nrasheed/open-amp-master/libs/open_amp\libopen_amp.a(virtqueue.o)
 .text.virtqueue_create
                0x200033f4      0x16c c:/users/nrasheed/open-amp-master/libs/open_amp\libopen_amp.a(virtqueue.o)
                0x200033f4                virtqueue_create
 .text.virtqueue_add_buffer
                0x20003560      0x10c c:/users/nrasheed/open-amp-master/libs/open_amp\libopen_amp.a(virtqueue.o)
                0x20003560                virtqueue_add_buffer
 .text.virtqueue_get_buffer
                0x2000366c      0x118 c:/users/nrasheed/open-amp-master/libs/open_amp\libopen_amp.a(virtqueue.o)
                0x2000366c                virtqueue_get_buffer
 .text.virtqueue_free
                0x20003784       0x84 c:/users/nrasheed/open-amp-master/libs/open_amp\libopen_amp.a(virtqueue.o)
                0x20003784                virtqueue_free
 .text.virtqueue_get_available_buffer
                0x20003808      0x108 c:/users/nrasheed/open-amp-master/libs/open_amp\libopen_amp.a(virtqueue.o)
                0x20003808                virtqueue_get_available_buffer
 .text.virtqueue_add_consumed_buffer
                0x20003910       0xd4 c:/users/nrasheed/open-amp-master/libs/open_amp\libopen_amp.a(virtqueue.o)
                0x20003910                virtqueue_add_consumed_buffer
 .text.virtqueue_disable_cb
                0x200039e4       0x94 c:/users/nrasheed/open-amp-master/libs/open_amp\libopen_amp.a(virtqueue.o)
                0x200039e4                virtqueue_disable_cb
 .text.virtqueue_kick
                0x20003a78       0x44 c:/users/nrasheed/open-amp-master/libs/open_amp\libopen_amp.a(virtqueue.o)
                0x20003a78                virtqueue_kick
 .text.vq_ring_add_buffer
                0x20003abc      0x138 c:/users/nrasheed/open-amp-master/libs/open_amp\libopen_amp.a(virtqueue.o)
 .text.vq_ring_free_chain
                0x20003bf4      0x108 c:/users/nrasheed/open-amp-master/libs/open_amp\libopen_amp.a(virtqueue.o)
 .text.vq_ring_init
                0x20003cfc       0xc8 c:/users/nrasheed/open-amp-master/libs/open_amp\libopen_amp.a(virtqueue.o)
 .text.vq_ring_update_avail
                0x20003dc4       0xa4 c:/users/nrasheed/open-amp-master/libs/open_amp\libopen_amp.a(virtqueue.o)
 .text.virtqueue_notification
                0x20003e68       0x38 c:/users/nrasheed/open-amp-master/libs/open_amp\libopen_amp.a(virtqueue.o)
                0x20003e68                virtqueue_notification
 .text.vq_ring_must_notify_host
                0x20003ea0       0xcc c:/users/nrasheed/open-amp-master/libs/open_amp\libopen_amp.a(virtqueue.o)
 .text.vq_ring_notify_host
                0x20003f6c       0x38 c:/users/nrasheed/open-amp-master/libs/open_amp\libopen_amp.a(virtqueue.o)
 .text.hil_create_proc
                0x20003fa4      0x148 c:/users/nrasheed/open-amp-master/libs/open_amp\libopen_amp.a(hil.o)
                0x20003fa4                hil_create_proc
 .text.hil_get_cpuforfw
                0x200040ec       0x28 c:/users/nrasheed/open-amp-master/libs/open_amp\libopen_amp.a(hil.o)
                0x200040ec                hil_get_cpuforfw
 .text.hil_delete_proc
                0x20004114       0x94 c:/users/nrasheed/open-amp-master/libs/open_amp\libopen_amp.a(hil.o)
                0x20004114                hil_delete_proc
 .text.hil_isr  0x200041a8       0x28 c:/users/nrasheed/open-amp-master/libs/open_amp\libopen_amp.a(hil.o)
                0x200041a8                hil_isr
 .text.hil_get_chnl_info
                0x200041d0       0x40 c:/users/nrasheed/open-amp-master/libs/open_amp\libopen_amp.a(hil.o)
                0x200041d0                hil_get_chnl_info
 .text.hil_get_vdev_info
                0x20004210       0x28 c:/users/nrasheed/open-amp-master/libs/open_amp\libopen_amp.a(hil.o)
                0x20004210                hil_get_vdev_info
 .text.hil_get_vring_info
                0x20004238       0x40 c:/users/nrasheed/open-amp-master/libs/open_amp\libopen_amp.a(hil.o)
                0x20004238                hil_get_vring_info
 .text.hil_get_shm_info
                0x20004278       0x28 c:/users/nrasheed/open-amp-master/libs/open_amp\libopen_amp.a(hil.o)
                0x20004278                hil_get_shm_info
 .text.hil_enable_vring_notifications
                0x200042a0       0x84 c:/users/nrasheed/open-amp-master/libs/open_amp\libopen_amp.a(hil.o)
                0x200042a0                hil_enable_vring_notifications
 .text.hil_vring_notify
                0x20004324       0x88 c:/users/nrasheed/open-amp-master/libs/open_amp\libopen_amp.a(hil.o)
                0x20004324                hil_vring_notify
 .text.hil_get_status
                0x200043ac       0x24 c:/users/nrasheed/open-amp-master/libs/open_amp\libopen_amp.a(hil.o)
                0x200043ac                hil_get_status
 .text.hil_set_status
                0x200043d0       0x24 c:/users/nrasheed/open-amp-master/libs/open_amp\libopen_amp.a(hil.o)
                0x200043d0                hil_set_status
 .text.hil_boot_cpu
                0x200043f4       0x58 c:/users/nrasheed/open-amp-master/libs/open_amp\libopen_amp.a(hil.o)
                0x200043f4                hil_boot_cpu
 .text.hil_shutdown_cpu
                0x2000444c       0x48 c:/users/nrasheed/open-amp-master/libs/open_amp\libopen_amp.a(hil.o)
                0x2000444c                hil_shutdown_cpu
 .text.hil_get_firmware
                0x20004494       0x38 c:/users/nrasheed/open-amp-master/libs/open_amp\libopen_amp.a(hil.o)
                0x20004494                hil_get_firmware
 .text.add_to_list
                0x200044cc       0xa8 c:/users/nrasheed/open-amp-master/libs/open_amp\libopen_amp.a(llist.o)
                0x200044cc                add_to_list
 .text.remove_from_list
                0x20004574       0xbc c:/users/nrasheed/open-amp-master/libs/open_amp\libopen_amp.a(llist.o)
                0x20004574                remove_from_list
 .text.sh_mem_create_pool
                0x20004630      0x198 c:/users/nrasheed/open-amp-master/libs/open_amp\libopen_amp.a(sh_mem.o)
                0x20004630                sh_mem_create_pool
 .text.sh_mem_get_buffer
                0x200047c8      0x170 c:/users/nrasheed/open-amp-master/libs/open_amp\libopen_amp.a(sh_mem.o)
                0x200047c8                sh_mem_get_buffer
 .text.sh_mem_free_buffer
                0x20004938      0x108 c:/users/nrasheed/open-amp-master/libs/open_amp\libopen_amp.a(sh_mem.o)
                0x20004938                sh_mem_free_buffer
 .text.sh_mem_delete_pool
                0x20004a40       0x3c c:/users/nrasheed/open-amp-master/libs/open_amp\libopen_amp.a(sh_mem.o)
                0x20004a40                sh_mem_delete_pool
 .text.get_first_zero_bit
                0x20004a7c       0xcc c:/users/nrasheed/open-amp-master/libs/open_amp\libopen_amp.a(sh_mem.o)
                0x20004a7c                get_first_zero_bit
 .text.config_get_firmware
                0x20004b48      0x120 c:/users/nrasheed/open-amp-master/libs/open_amp\libopen_amp.a(config.o)
                0x20004b48                config_get_firmware
 .text.platform_get_processor_info
                0x20004c68       0xbc c:/users/nrasheed/open-amp-master/libs/open_amp\libopen_amp.a(platform_info.o)
                0x20004c68                platform_get_processor_info
 .text.platform_get_processor_for_fw
                0x20004d24       0x24 c:/users/nrasheed/open-amp-master/libs/open_amp\libopen_amp.a(platform_info.o)
                0x20004d24                platform_get_processor_for_fw
 .text.env_init
                0x20004d48       0x1c c:/users/nrasheed/open-amp-master/libs/open_amp\libopen_amp.a(bm_env.o)
                0x20004d48                env_init
 .text.env_deinit
                0x20004d64       0x1c c:/users/nrasheed/open-amp-master/libs/open_amp\libopen_amp.a(bm_env.o)
                0x20004d64                env_deinit
 .text.env_allocate_memory
                0x20004d80       0x28 c:/users/nrasheed/open-amp-master/libs/open_amp\libopen_amp.a(bm_env.o)
                0x20004d80                env_allocate_memory
 .text.env_free_memory
                0x20004da8       0x2c c:/users/nrasheed/open-amp-master/libs/open_amp\libopen_amp.a(bm_env.o)
                0x20004da8                env_free_memory
 .text.env_memset
                0x20004dd4       0x30 c:/users/nrasheed/open-amp-master/libs/open_amp\libopen_amp.a(bm_env.o)
                0x20004dd4                env_memset
 .text.env_memcpy
                0x20004e04       0x30 c:/users/nrasheed/open-amp-master/libs/open_amp\libopen_amp.a(bm_env.o)
                0x20004e04                env_memcpy
 .text.env_strcmp
                0x20004e34       0x30 c:/users/nrasheed/open-amp-master/libs/open_amp\libopen_amp.a(bm_env.o)
                0x20004e34                env_strcmp
 .text.env_strncpy
                0x20004e64       0x30 c:/users/nrasheed/open-amp-master/libs/open_amp\libopen_amp.a(bm_env.o)
                0x20004e64                env_strncpy
 .text.env_strncmp
                0x20004e94       0x38 c:/users/nrasheed/open-amp-master/libs/open_amp\libopen_amp.a(bm_env.o)
                0x20004e94                env_strncmp
 .text.env_mb   0x20004ecc       0x14 c:/users/nrasheed/open-amp-master/libs/open_amp\libopen_amp.a(bm_env.o)
                0x20004ecc                env_mb
 .text.env_rmb  0x20004ee0       0x14 c:/users/nrasheed/open-amp-master/libs/open_amp\libopen_amp.a(bm_env.o)
                0x20004ee0                env_rmb
 .text.env_wmb  0x20004ef4       0x14 c:/users/nrasheed/open-amp-master/libs/open_amp\libopen_amp.a(bm_env.o)
                0x20004ef4                env_wmb
 .text.env_map_vatopa
                0x20004f08       0x24 c:/users/nrasheed/open-amp-master/libs/open_amp\libopen_amp.a(bm_env.o)
                0x20004f08                env_map_vatopa
 .text.env_map_patova
                0x20004f2c       0x24 c:/users/nrasheed/open-amp-master/libs/open_amp\libopen_amp.a(bm_env.o)
                0x20004f2c                env_map_patova
 .text.env_create_mutex
                0x20004f50       0x28 c:/users/nrasheed/open-amp-master/libs/open_amp\libopen_amp.a(bm_env.o)
                0x20004f50                env_create_mutex
 .text.env_delete_mutex
                0x20004f78       0x1c c:/users/nrasheed/open-amp-master/libs/open_amp\libopen_amp.a(bm_env.o)
                0x20004f78                env_delete_mutex
 .text.env_lock_mutex
                0x20004f94       0x1c c:/users/nrasheed/open-amp-master/libs/open_amp\libopen_amp.a(bm_env.o)
                0x20004f94                env_lock_mutex
 .text.env_unlock_mutex
                0x20004fb0       0x1c c:/users/nrasheed/open-amp-master/libs/open_amp\libopen_amp.a(bm_env.o)
                0x20004fb0                env_unlock_mutex
 .text.env_sleep_msec
                0x20004fcc       0x1c c:/users/nrasheed/open-amp-master/libs/open_amp\libopen_amp.a(bm_env.o)
                0x20004fcc                env_sleep_msec
 .text.env_disable_interrupts
                0x20004fe8       0x34 c:/users/nrasheed/open-amp-master/libs/open_amp\libopen_amp.a(bm_env.o)
                0x20004fe8                env_disable_interrupts
 .text.env_restore_interrupts
                0x2000501c       0x34 c:/users/nrasheed/open-amp-master/libs/open_amp\libopen_amp.a(bm_env.o)
                0x2000501c                env_restore_interrupts
 .text.env_register_isr
                0x20005050       0xe8 c:/users/nrasheed/open-amp-master/libs/open_amp\libopen_amp.a(bm_env.o)
                0x20005050                env_register_isr
 .text.env_enable_interrupt
                0x20005138       0xfc c:/users/nrasheed/open-amp-master/libs/open_amp\libopen_amp.a(bm_env.o)
                0x20005138                env_enable_interrupt
 .text.env_disable_interrupt
                0x20005234       0x24 c:/users/nrasheed/open-amp-master/libs/open_amp\libopen_amp.a(bm_env.o)
                0x20005234                env_disable_interrupt
 .text.env_map_memory
                0x20005258       0xac c:/users/nrasheed/open-amp-master/libs/open_amp\libopen_amp.a(bm_env.o)
                0x20005258                env_map_memory
 .text.bm_env_isr
                0x20005304       0xd8 c:/users/nrasheed/open-amp-master/libs/open_amp\libopen_amp.a(bm_env.o)
                0x20005304                bm_env_isr
 .text.elf_loader_init
                0x200053dc       0x84 c:/users/nrasheed/open-amp-master/libs/open_amp\libopen_amp.a(elf_loader.o)
                0x200053dc                elf_loader_init
 .text.elf_loader_attach_firmware
                0x20005460       0x9c c:/users/nrasheed/open-amp-master/libs/open_amp\libopen_amp.a(elf_loader.o)
                0x20005460                elf_loader_attach_firmware
 .text.elf_loader_detach_firmware
                0x200054fc       0x60 c:/users/nrasheed/open-amp-master/libs/open_amp\libopen_amp.a(elf_loader.o)
                0x200054fc                elf_loader_detach_firmware
 .text.elf_loader_retrieve_entry_point
                0x2000555c       0x30 c:/users/nrasheed/open-amp-master/libs/open_amp\libopen_amp.a(elf_loader.o)
                0x2000555c                elf_loader_retrieve_entry_point
 .text.elf_loader_retrieve_resource_section
                0x2000558c       0x84 c:/users/nrasheed/open-amp-master/libs/open_amp\libopen_amp.a(elf_loader.o)
                0x2000558c                elf_loader_retrieve_resource_section
 .text.elf_loader_load_remote_firmware
                0x20005610       0x5c c:/users/nrasheed/open-amp-master/libs/open_amp\libopen_amp.a(elf_loader.o)
                0x20005610                elf_loader_load_remote_firmware
 .text.elf_get_load_address
                0x2000566c       0xd0 c:/users/nrasheed/open-amp-master/libs/open_amp\libopen_amp.a(elf_loader.o)
                0x2000566c                elf_get_load_address
 .text.elf_loader_get_needed_sections
                0x2000573c      0x23c c:/users/nrasheed/open-amp-master/libs/open_amp\libopen_amp.a(elf_loader.o)
 .text.elf_loader_relocs_specific
                0x20005978       0xa8 c:/users/nrasheed/open-amp-master/libs/open_amp\libopen_amp.a(elf_loader.o)
 .text.elf_loader_get_entry_point_address
                0x20005a20       0x28 c:/users/nrasheed/open-amp-master/libs/open_amp\libopen_amp.a(elf_loader.o)
 .text.elf_loader_relocate_link
                0x20005a48       0x84 c:/users/nrasheed/open-amp-master/libs/open_amp\libopen_amp.a(elf_loader.o)
 .text.elf_loader_seek_and_read
                0x20005acc       0x54 c:/users/nrasheed/open-amp-master/libs/open_amp\libopen_amp.a(elf_loader.o)
 .text.elf_loader_read_headers
                0x20005b20      0x140 c:/users/nrasheed/open-amp-master/libs/open_amp\libopen_amp.a(elf_loader.o)
 .text.elf_loader_load_sections
                0x20005c60       0xf0 c:/users/nrasheed/open-amp-master/libs/open_amp\libopen_amp.a(elf_loader.o)
 .text.elf_loader_get_decode_info
                0x20005d50       0x48 c:/users/nrasheed/open-amp-master/libs/open_amp\libopen_amp.a(elf_loader.o)
 .text.elf_loader_get_dynamic_symbol_addr
                0x20005d98       0x50 c:/users/nrasheed/open-amp-master/libs/open_amp\libopen_amp.a(elf_loader.o)
 .text.elf_loader_reloc_entry
                0x20005de8       0x88 c:/users/nrasheed/open-amp-master/libs/open_amp\libopen_amp.a(elf_loader.o)
 .text.vring_size
                0x20005e70       0x84 c:/users/nrasheed/open-amp-master/libs/open_amp\libopen_amp.a(remote_device.o)
 .text.rpmsg_rdev_init
                0x20005ef4      0x1d4 c:/users/nrasheed/open-amp-master/libs/open_amp\libopen_amp.a(remote_device.o)
                0x20005ef4                rpmsg_rdev_init
 .text.rpmsg_rdev_deinit
                0x200060c8      0x184 c:/users/nrasheed/open-amp-master/libs/open_amp\libopen_amp.a(remote_device.o)
                0x200060c8                rpmsg_rdev_deinit
 .text.rpmsg_rdev_get_chnl_node_from_id
                0x2000624c       0xb0 c:/users/nrasheed/open-amp-master/libs/open_amp\libopen_amp.a(remote_device.o)
                0x2000624c                rpmsg_rdev_get_chnl_node_from_id
 .text.rpmsg_rdev_get_endpoint_from_addr
                0x200062fc       0xa4 c:/users/nrasheed/open-amp-master/libs/open_amp\libopen_amp.a(remote_device.o)
                0x200062fc                rpmsg_rdev_get_endpoint_from_addr
 .text.rpmsg_rdev_notify
                0x200063a0       0x98 c:/users/nrasheed/open-amp-master/libs/open_amp\libopen_amp.a(remote_device.o)
                0x200063a0                rpmsg_rdev_notify
 .text.rpmsg_rdev_init_channels
                0x20006438      0x10c c:/users/nrasheed/open-amp-master/libs/open_amp\libopen_amp.a(remote_device.o)
 .text.rpmsg_rdev_create_virtqueues
                0x20006544      0x338 c:/users/nrasheed/open-amp-master/libs/open_amp\libopen_amp.a(remote_device.o)
                0x20006544                rpmsg_rdev_create_virtqueues
 .text.rpmsg_rdev_get_status
                0x2000687c       0x24 c:/users/nrasheed/open-amp-master/libs/open_amp\libopen_amp.a(remote_device.o)
                0x2000687c                rpmsg_rdev_get_status
 .text.rpmsg_rdev_set_status
                0x200068a0       0x24 c:/users/nrasheed/open-amp-master/libs/open_amp\libopen_amp.a(remote_device.o)
                0x200068a0                rpmsg_rdev_set_status
 .text.rpmsg_rdev_get_feature
                0x200068c4       0x28 c:/users/nrasheed/open-amp-master/libs/open_amp\libopen_amp.a(remote_device.o)
                0x200068c4                rpmsg_rdev_get_feature
 .text.rpmsg_rdev_set_feature
                0x200068ec       0x38 c:/users/nrasheed/open-amp-master/libs/open_amp\libopen_amp.a(remote_device.o)
                0x200068ec                rpmsg_rdev_set_feature
 .text.rpmsg_rdev_negotiate_feature
                0x20006924       0x28 c:/users/nrasheed/open-amp-master/libs/open_amp\libopen_amp.a(remote_device.o)
                0x20006924                rpmsg_rdev_negotiate_feature
 .text.rpmsg_rdev_read_config
                0x2000694c       0x2c c:/users/nrasheed/open-amp-master/libs/open_amp\libopen_amp.a(remote_device.o)
                0x2000694c                rpmsg_rdev_read_config
 .text.rpmsg_rdev_write_config
                0x20006978       0x2c c:/users/nrasheed/open-amp-master/libs/open_amp\libopen_amp.a(remote_device.o)
                0x20006978                rpmsg_rdev_write_config
 .text.rpmsg_rdev_reset
                0x200069a4       0x20 c:/users/nrasheed/open-amp-master/libs/open_amp\libopen_amp.a(remote_device.o)
                0x200069a4                rpmsg_rdev_reset
 .text._enable_interrupt
                0x200069c4       0x64 c:/users/nrasheed/open-amp-master/libs/open_amp\libopen_amp.a(platform.o)
                0x200069c4                _enable_interrupt
 .text._notify  0x20006a28       0x68 c:/users/nrasheed/open-amp-master/libs/open_amp\libopen_amp.a(platform.o)
                0x20006a28                _notify
 .text._boot_cpu
                0x20006a90      0x104 c:/users/nrasheed/open-amp-master/libs/open_amp\libopen_amp.a(platform.o)
                0x20006a90                _boot_cpu
 .text._shutdown_cpu
                0x20006b94       0x54 c:/users/nrasheed/open-amp-master/libs/open_amp\libopen_amp.a(platform.o)
                0x20006b94                _shutdown_cpu
 .text.platform_isr
                0x20006be8       0x24 c:/users/nrasheed/open-amp-master/libs/open_amp\libopen_amp.a(platform.o)
                0x20006be8                platform_isr
 .text          0x20006c0c        0x8 c:/users/nrasheed/open-amp-master/libs/open_amp\libopen_amp.a(cyclone_trampoline.o)
                0x20006c0c                cyclone_trampoline
                0x20006c14                cyclone_trampoline_jump
                0x20006c14                cyclone_trampoline_end
 .text.cyclone_v_soc_dk_gic_initialize
                0x20006c14       0x58 c:/users/nrasheed/open-amp-master/libs/system/cyclone_v_soc_dk/baremetal\libbaremetal_master.a(baremetal.o)
                0x20006c14                cyclone_v_soc_dk_gic_initialize
 .text.cyclone_v_soc_dk_gic_pr_int_initialize
                0x20006c6c       0xac c:/users/nrasheed/open-amp-master/libs/system/cyclone_v_soc_dk/baremetal\libbaremetal_master.a(baremetal.o)
                0x20006c6c                cyclone_v_soc_dk_gic_pr_int_initialize
 .text.cyclone_v_soc_dk_gic_interrupt_enable
                0x20006d18      0x148 c:/users/nrasheed/open-amp-master/libs/system/cyclone_v_soc_dk/baremetal\libbaremetal_master.a(baremetal.o)
                0x20006d18                cyclone_v_soc_dk_gic_interrupt_enable
 .text.cyclone_v_soc_dk_gic_interrupt_disable
                0x20006e60       0xfc c:/users/nrasheed/open-amp-master/libs/system/cyclone_v_soc_dk/baremetal\libbaremetal_master.a(baremetal.o)
                0x20006e60                cyclone_v_soc_dk_gic_interrupt_disable
 .text.arm_arch_install_isr_vector_table
                0x20006f5c       0x70 c:/users/nrasheed/open-amp-master/libs/system/cyclone_v_soc_dk/baremetal\libbaremetal_master.a(baremetal.o)
                0x20006f5c                arm_arch_install_isr_vector_table
 .text.__cs3_isr_irq
                0x20006fcc       0x4c c:/users/nrasheed/open-amp-master/libs/system/cyclone_v_soc_dk/baremetal\libbaremetal_master.a(baremetal.o)
                0x20006fcc                __cs3_isr_irq
 .text.__cs3_isr_fiq
                0x20007018        0x8 c:/users/nrasheed/open-amp-master/libs/system/cyclone_v_soc_dk/baremetal\libbaremetal_master.a(baremetal.o)
                0x20007018                __cs3_isr_fiq
 .text.get_cpu_id_arm
                0x20007020       0x34 c:/users/nrasheed/open-amp-master/libs/system/cyclone_v_soc_dk/baremetal\libbaremetal_master.a(baremetal.o)
 .text.restore_global_interrupts
                0x20007054       0x4c c:/users/nrasheed/open-amp-master/libs/system/cyclone_v_soc_dk/baremetal\libbaremetal_master.a(baremetal.o)
                0x20007054                restore_global_interrupts
 .text.disable_global_interrupts
                0x200070a0       0x8c c:/users/nrasheed/open-amp-master/libs/system/cyclone_v_soc_dk/baremetal\libbaremetal_master.a(baremetal.o)
                0x200070a0                disable_global_interrupts
 .text.init_arm_stacks
                0x2000712c       0x58 c:/users/nrasheed/open-amp-master/libs/system/cyclone_v_soc_dk/baremetal\libbaremetal_master.a(baremetal.o)
                0x2000712c                init_arm_stacks
 .text.arm_ar_mem_enable_mmu
                0x20007184      0x3b4 c:/users/nrasheed/open-amp-master/libs/system/cyclone_v_soc_dk/baremetal\libbaremetal_master.a(baremetal.o)
                0x20007184                arm_ar_mem_enable_mmu
 .text.arm_ar_map_mem_region
                0x20007538      0x118 c:/users/nrasheed/open-amp-master/libs/system/cyclone_v_soc_dk/baremetal\libbaremetal_master.a(baremetal.o)
                0x20007538                arm_ar_map_mem_region
 .text._fstat   0x20007650       0x28 c:/users/nrasheed/open-amp-master/libs/system/cyclone_v_soc_dk/baremetal\libbaremetal_master.a(baremetal.o)
                0x20007650                _fstat
 .text._isatty  0x20007678       0x24 c:/users/nrasheed/open-amp-master/libs/system/cyclone_v_soc_dk/baremetal\libbaremetal_master.a(baremetal.o)
                0x20007678                _isatty
 .text._lseek   0x2000769c       0x2c c:/users/nrasheed/open-amp-master/libs/system/cyclone_v_soc_dk/baremetal\libbaremetal_master.a(baremetal.o)
                0x2000769c                _lseek
 .text._close   0x200076c8       0x24 c:/users/nrasheed/open-amp-master/libs/system/cyclone_v_soc_dk/baremetal\libbaremetal_master.a(baremetal.o)
                0x200076c8                _close
 .text._read    0x200076ec       0x2c c:/users/nrasheed/open-amp-master/libs/system/cyclone_v_soc_dk/baremetal\libbaremetal_master.a(baremetal.o)
                0x200076ec                _read
 .text._write   0x20007718       0x2c c:/users/nrasheed/open-amp-master/libs/system/cyclone_v_soc_dk/baremetal\libbaremetal_master.a(baremetal.o)
                0x20007718                _write
 *fill*         0x20007744        0xc 
 .text          0x20007750      0x310 c:/mgc/embedded201406/readystart-arm/codebench/bin/../lib/gcc/arm-none-eabi/4.8.3/../../../../arm-none-eabi/lib\libc.a(lib_a-asm-memcpy.o)
                0x20007750                memcpy
 .text          0x20007a60       0x40 c:/mgc/embedded201406/readystart-arm/codebench/bin/../lib/gcc/arm-none-eabi/4.8.3/../../../../arm-none-eabi/lib\libc.a(lib_a-malloc.o)
                0x20007a60                malloc
                0x20007a80                free
 .text          0x20007aa0      0x5e4 c:/mgc/embedded201406/readystart-arm/codebench/bin/../lib/gcc/arm-none-eabi/4.8.3/../../../../arm-none-eabi/lib\libc.a(lib_a-mallocr.o)
                0x20007aa0                _malloc_r
 .text          0x20008084      0x110 c:/mgc/embedded201406/readystart-arm/codebench/bin/../lib/gcc/arm-none-eabi/4.8.3/../../../../arm-none-eabi/lib\libc.a(lib_a-memset.o)
                0x20008084                memset
 .text          0x20008194        0x8 c:/mgc/embedded201406/readystart-arm/codebench/bin/../lib/gcc/arm-none-eabi/4.8.3/../../../../arm-none-eabi/lib\libc.a(lib_a-mlock.o)
                0x20008194                __malloc_lock
                0x20008198                __malloc_unlock
 .text          0x2000819c       0x40 c:/mgc/embedded201406/readystart-arm/codebench/bin/../lib/gcc/arm-none-eabi/4.8.3/../../../../arm-none-eabi/lib\libc.a(lib_a-printf.o)
                0x2000819c                printf
 .text.startup  0x200081dc       0x70 c:/mgc/embedded201406/readystart-arm/codebench/bin/../lib/gcc/arm-none-eabi/4.8.3/../../../../arm-none-eabi/lib\libc.a(lib_a-stdout.o)
 .text          0x2000824c      0x248 c:/mgc/embedded201406/readystart-arm/codebench/bin/../lib/gcc/arm-none-eabi/4.8.3/../../../../arm-none-eabi/lib\libc.a(lib_a-strcmp.o)
                0x2000824c                strcmp
 .text          0x20008494       0xf0 c:/mgc/embedded201406/readystart-arm/codebench/bin/../lib/gcc/arm-none-eabi/4.8.3/../../../../arm-none-eabi/lib\libc.a(lib_a-strcpy.o)
                0x20008494                strcpy
 .text          0x20008584       0x60 c:/mgc/embedded201406/readystart-arm/codebench/bin/../lib/gcc/arm-none-eabi/4.8.3/../../../../arm-none-eabi/lib\libc.a(lib_a-strlen.o)
                0x20008584                strlen
 .text          0x200085e4      0x160 c:/mgc/embedded201406/readystart-arm/codebench/bin/../lib/gcc/arm-none-eabi/4.8.3/../../../../arm-none-eabi/lib\libc.a(lib_a-strncmp.o)
                0x200085e4                strncmp
 .text          0x20008744       0xd4 c:/mgc/embedded201406/readystart-arm/codebench/bin/../lib/gcc/arm-none-eabi/4.8.3/../../../../arm-none-eabi/lib\libc.a(lib_a-strncpy.o)
                0x20008744                strncpy
 .text          0x20008818     0x163c c:/mgc/embedded201406/readystart-arm/codebench/bin/../lib/gcc/arm-none-eabi/4.8.3/../../../../arm-none-eabi/lib\libc.a(lib_a-vfprintf.o)
                0x20008818                _vfprintf_r
                0x20009e28                vfprintf
 .text          0x20009e54       0x38 c:/mgc/embedded201406/readystart-arm/codebench/bin/../lib/gcc/arm-none-eabi/4.8.3/../../../../arm-none-eabi/lib\libc.a(lib_a-vfsprint.o)
                0x20009e54                __sprint_r
 .text          0x20009e8c       0xf8 c:/mgc/embedded201406/readystart-arm/codebench/bin/../lib/gcc/arm-none-eabi/4.8.3/../../../../arm-none-eabi/lib\libc.a(lib_a-wsetup.o)
                0x20009e8c                __swsetup_r
 .text          0x20009f84      0x400 c:/mgc/embedded201406/readystart-arm/codebench/bin/../lib/gcc/arm-none-eabi/4.8.3/../../../../arm-none-eabi/lib\libc.a(lib_a-__fpspecifierhelp.o)
                0x20009f84                __handle_fp_specifiers
 .text          0x2000a384     0x141c c:/mgc/embedded201406/readystart-arm/codebench/bin/../lib/gcc/arm-none-eabi/4.8.3/../../../../arm-none-eabi/lib\libc.a(lib_a-dtoa.o)
                0x2000a530                dtoa
 .text          0x2000b7a0      0x25c c:/mgc/embedded201406/readystart-arm/codebench/bin/../lib/gcc/arm-none-eabi/4.8.3/../../../../arm-none-eabi/lib\libc.a(lib_a-fflush.o)
                0x2000b7a0                _fflush_r
                0x2000b9c8                fflush
 .text          0x2000b9fc      0x33c c:/mgc/embedded201406/readystart-arm/codebench/bin/../lib/gcc/arm-none-eabi/4.8.3/../../../../arm-none-eabi/lib\libc.a(lib_a-freer.o)
                0x2000b9fc                _malloc_trim_r
                0x2000baec                _free_r
 .text          0x2000bd38      0x3c0 c:/mgc/embedded201406/readystart-arm/codebench/bin/../lib/gcc/arm-none-eabi/4.8.3/../../../../arm-none-eabi/lib\libc.a(lib_a-fvwrite.o)
                0x2000bd38                __sfvwrite_r
 .text          0x2000c0f8       0x74 c:/mgc/embedded201406/readystart-arm/codebench/bin/../lib/gcc/arm-none-eabi/4.8.3/../../../../arm-none-eabi/lib\libc.a(lib_a-fwalk.o)
                0x2000c0f8                _fwalk_nonreent
 .text          0x2000c16c       0xa8 c:/mgc/embedded201406/readystart-arm/codebench/bin/../lib/gcc/arm-none-eabi/4.8.3/../../../../arm-none-eabi/lib\libc.a(lib_a-locale.o)
                0x2000c16c                setlocale
                0x2000c1d8                __locale_charset
                0x2000c1e4                __locale_mb_cur_max
                0x2000c1f4                __locale_msgcharset
                0x2000c200                __locale_cjk_lang
                0x2000c208                localeconv
 .text          0x2000c214       0xe8 c:/mgc/embedded201406/readystart-arm/codebench/bin/../lib/gcc/arm-none-eabi/4.8.3/../../../../arm-none-eabi/lib\libc.a(lib_a-makebuf.o)
                0x2000c214                __smakebuf_r
 .text          0x2000c2fc      0x114 c:/mgc/embedded201406/readystart-arm/codebench/bin/../lib/gcc/arm-none-eabi/4.8.3/../../../../arm-none-eabi/lib\libc.a(lib_a-memchr.o)
                0x2000c2fc                memchr
 .text          0x2000c410      0x134 c:/mgc/embedded201406/readystart-arm/codebench/bin/../lib/gcc/arm-none-eabi/4.8.3/../../../../arm-none-eabi/lib\libc.a(lib_a-memmove.o)
                0x2000c410                memmove
 .text          0x2000c544      0xbc0 c:/mgc/embedded201406/readystart-arm/codebench/bin/../lib/gcc/arm-none-eabi/4.8.3/../../../../arm-none-eabi/lib\libc.a(lib_a-mprec.o)
                0x2000c544                _Balloc
                0x2000c5d0                _Bfree
                0x2000c5f8                __multadd
                0x2000c6b4                __s2b
                0x2000c784                __hi0bits
                0x2000c7e8                __lo0bits
                0x2000c87c                __i2b
                0x2000c8a0                __multiply
                0x2000ca38                __pow5mult
                0x2000cb1c                __lshift
                0x2000cc04                __mcmp
                0x2000cc64                __mdiff
                0x2000cd80                __ulp
                0x2000cddc                __b2d
                0x2000ce98                __d2b
                0x2000cf98                __ratio
                0x2000d008                _mprec_log10
                0x2000d058                __copybits
                0x2000d098                __any_on
 .text          0x2000d104       0x2c c:/mgc/embedded201406/readystart-arm/codebench/bin/../lib/gcc/arm-none-eabi/4.8.3/../../../../arm-none-eabi/lib\libc.a(lib_a-s_isinf.o)
                0x2000d104                isinf
 .text          0x2000d130       0x20 c:/mgc/embedded201406/readystart-arm/codebench/bin/../lib/gcc/arm-none-eabi/4.8.3/../../../../arm-none-eabi/lib\libc.a(lib_a-s_isnan.o)
                0x2000d130                isnan
 .text          0x2000d150        0x8 c:/mgc/embedded201406/readystart-arm/codebench/bin/../lib/gcc/arm-none-eabi/4.8.3/../../../../arm-none-eabi/lib\libc.a(lib_a-sfplock.o)
                0x2000d150                __sfp_lock_acquire
                0x2000d154                __sfp_lock_release
 .text          0x2000d158       0x50 c:/mgc/embedded201406/readystart-arm/codebench/bin/../lib/gcc/arm-none-eabi/4.8.3/../../../../arm-none-eabi/lib\libc.a(lib_a-sinit.o)
                0x2000d158                __sinit
                0x2000d1a0                __sinit_lock_acquire
                0x2000d1a4                __sinit_lock_release
 .text          0x2000d1a8      0x154 c:/mgc/embedded201406/readystart-arm/codebench/bin/../lib/gcc/arm-none-eabi/4.8.3/../../../../arm-none-eabi/lib\libc.a(lib_a-stdio.o)
                0x2000d1a8                __sread
                0x2000d1e4                __sseek
                0x2000d220                __swrite
                0x2000d26c                __sclose
                0x2000d280                _cslibc_global_std
 .text          0x2000d2fc      0x100 c:/mgc/embedded201406/readystart-arm/codebench/bin/../lib/gcc/arm-none-eabi/4.8.3/../../../../arm-none-eabi/lib\libc.a(lib_a-__stdiobufferinghelp.o)
                0x2000d2fc                __init_stdio_buffer
                0x2000d394                __alloc_stdio_buffer
                0x2000d3e8                __free_stdio_buffer
 .text          0x2000d3fc       0x1c c:/mgc/embedded201406/readystart-arm/codebench/bin/../lib/gcc/arm-none-eabi/4.8.3/../../../../arm-none-eabi/lib\libc.a(lib_a-_cleanup.o)
                0x2000d3fc                _cleanup_r
                0x2000d414                _cleanup
 .text          0x2000d418       0x28 c:/mgc/embedded201406/readystart-arm/codebench/bin/../lib/gcc/arm-none-eabi/4.8.3/../../../../arm-none-eabi/lib\libc.a(lib_a-calloc.o)
                0x2000d418                calloc
 .text          0x2000d440       0x90 c:/mgc/embedded201406/readystart-arm/codebench/bin/../lib/gcc/arm-none-eabi/4.8.3/../../../../arm-none-eabi/lib\libc.a(lib_a-callocr.o)
                0x2000d440                _calloc_r
 .text          0x2000d4d0       0xc4 c:/mgc/embedded201406/readystart-arm/codebench/bin/../lib/gcc/arm-none-eabi/4.8.3/../../../../arm-none-eabi/lib\libc.a(lib_a-fclose.o)
                0x2000d4d0                fclose
 .text          0x2000d594       0x4c c:/mgc/embedded201406/readystart-arm/codebench/bin/../lib/gcc/arm-none-eabi/4.8.3/../../../../arm-none-eabi/lib\libcs3.a(start_c.o)
                0x2000d594                __cs3_premain
 .text          0x2000d5e0       0x6c c:/mgc/embedded201406/readystart-arm/codebench/bin/../lib/gcc/arm-none-eabi/4.8.3/../../../../arm-none-eabi/lib\libcs3.a(cycloneV-dk-reset-ram.o)
 .text          0x2000d64c        0x4 c:/mgc/embedded201406/readystart-arm/codebench/bin/../lib/gcc/arm-none-eabi/4.8.3/../../../../arm-none-eabi/lib\libcs3arm.a(arm_isr_interrupt.o)
                0x2000d64c                __cs3_isr_reserved
                0x2000d64c                __cs3_isr_interrupt
 .text          0x2000d650        0x4 c:/mgc/embedded201406/readystart-arm/codebench/bin/../lib/gcc/arm-none-eabi/4.8.3/../../../../arm-none-eabi/lib\libcs3arm.a(arm_isr_undef.o)
                0x2000d650                __cs3_isr_undef
 .text          0x2000d654        0x4 c:/mgc/embedded201406/readystart-arm/codebench/bin/../lib/gcc/arm-none-eabi/4.8.3/../../../../arm-none-eabi/lib\libcs3arm.a(arm_isr_swi.o)
                0x2000d654                __cs3_isr_swi
 .text          0x2000d658        0x4 c:/mgc/embedded201406/readystart-arm/codebench/bin/../lib/gcc/arm-none-eabi/4.8.3/../../../../arm-none-eabi/lib\libcs3arm.a(arm_isr_pabort.o)
                0x2000d658                __cs3_isr_pabort
 .text          0x2000d65c        0x4 c:/mgc/embedded201406/readystart-arm/codebench/bin/../lib/gcc/arm-none-eabi/4.8.3/../../../../arm-none-eabi/lib\libcs3arm.a(arm_isr_dabort.o)
                0x2000d65c                __cs3_isr_dabort
 .text          0x2000d660       0x70 c:/mgc/embedded201406/readystart-arm/codebench/bin/../lib/gcc/arm-none-eabi/4.8.3/../../../../arm-none-eabi/lib\libcs3unhosted.a(unhosted-sbrk.o)
                0x2000d660                _sbrk
 .text          0x2000d6d0       0x34 c:/mgc/embedded201406/readystart-arm/codebench/bin/../lib/gcc/arm-none-eabi/4.8.3/../../../../arm-none-eabi/lib\libc.a(lib_a-errno.o)
                0x2000d6d0                __errno
                0x2000d6dc                _get_errno
                0x2000d6ec                _set_errno
 .text          0x2000d704       0x88 c:/mgc/embedded201406/readystart-arm/codebench/bin/../lib/gcc/arm-none-eabi/4.8.3/../../../../arm-none-eabi/lib\libc.a(lib_a-init.o)
                0x2000d704                __libc_init_array
 .text          0x2000d78c      0x114 c:/mgc/embedded201406/readystart-arm/codebench/bin/../lib/gcc/arm-none-eabi/4.8.3\libgcc.a(_udivsi3.o)
                0x2000d78c                __aeabi_uidiv
                0x2000d78c                __udivsi3
                0x2000d880                __aeabi_uidivmod
 .text          0x2000d8a0      0x148 c:/mgc/embedded201406/readystart-arm/codebench/bin/../lib/gcc/arm-none-eabi/4.8.3\libgcc.a(_divsi3.o)
                0x2000d8a0                __divsi3
                0x2000d8a0                __aeabi_idiv
                0x2000d9c8                __aeabi_idivmod
 .text          0x2000d9e8        0x4 c:/mgc/embedded201406/readystart-arm/codebench/bin/../lib/gcc/arm-none-eabi/4.8.3\libgcc.a(_dvmd_tls.o)
                0x2000d9e8                __aeabi_idiv0
                0x2000d9e8                __aeabi_ldiv0
 .text          0x2000d9ec      0x41c c:/mgc/embedded201406/readystart-arm/codebench/bin/../lib/gcc/arm-none-eabi/4.8.3\libgcc.a(_arm_addsubdf3.o)
                0x2000d9ec                __aeabi_drsub
                0x2000d9f4                __aeabi_dsub
                0x2000d9f4                __subdf3
                0x2000d9f8                __aeabi_dadd
                0x2000d9f8                __adddf3
                0x2000dd08                __floatunsidf
                0x2000dd08                __aeabi_ui2d
                0x2000dd2c                __floatsidf
                0x2000dd2c                __aeabi_i2d
                0x2000dd54                __aeabi_f2d
                0x2000dd54                __extendsfdf2
                0x2000dd94                __floatundidf
                0x2000dd94                __aeabi_ul2d
                0x2000dda8                __floatdidf
                0x2000dda8                __aeabi_l2d
 .text          0x2000de08      0x49c c:/mgc/embedded201406/readystart-arm/codebench/bin/../lib/gcc/arm-none-eabi/4.8.3\libgcc.a(_arm_muldivdf3.o)
                0x2000de08                __aeabi_dmul
                0x2000de08                __muldf3
                0x2000e098                __divdf3
                0x2000e098                __aeabi_ddiv
 .text          0x2000e2a4      0x144 c:/mgc/embedded201406/readystart-arm/codebench/bin/../lib/gcc/arm-none-eabi/4.8.3\libgcc.a(_arm_cmpdf2.o)
                0x2000e2a4                __gtdf2
                0x2000e2a4                __gedf2
                0x2000e2ac                __ltdf2
                0x2000e2ac                __ledf2
                0x2000e2b4                __nedf2
                0x2000e2b4                __eqdf2
                0x2000e2b4                __cmpdf2
                0x2000e33c                __aeabi_cdrcmple
                0x2000e358                __aeabi_cdcmpeq
                0x2000e358                __aeabi_cdcmple
                0x2000e370                __aeabi_dcmpeq
                0x2000e388                __aeabi_dcmplt
                0x2000e3a0                __aeabi_dcmple
                0x2000e3b8                __aeabi_dcmpge
                0x2000e3d0                __aeabi_dcmpgt
 .text          0x2000e3e8       0x5c c:/mgc/embedded201406/readystart-arm/codebench/bin/../lib/gcc/arm-none-eabi/4.8.3\libgcc.a(_arm_fixdfsi.o)
                0x2000e3e8                __aeabi_d2iz
                0x2000e3e8                __fixdfsi
 .text          0x2000e444       0x3c c:/mgc/embedded201406/readystart-arm/codebench/bin/../lib/gcc/arm-none-eabi/4.8.3\libgcc.a(_aeabi_uldivmod.o)
                0x2000e444                __aeabi_uldivmod
 .text          0x2000e480       0x84 c:/mgc/embedded201406/readystart-arm/codebench/bin/../lib/gcc/arm-none-eabi/4.8.3\libgcc.a(bpabi.o)
                0x2000e480                __gnu_ldivmod_helper
                0x2000e4c4                __gnu_uldivmod_helper
 .text          0x2000e504      0x4d0 c:/mgc/embedded201406/readystart-arm/codebench/bin/../lib/gcc/arm-none-eabi/4.8.3\libgcc.a(_divdi3.o)
                0x2000e504                __divdi3
 .text          0x2000e9d4      0x470 c:/mgc/embedded201406/readystart-arm/codebench/bin/../lib/gcc/arm-none-eabi/4.8.3\libgcc.a(_udivdi3.o)
                0x2000e9d4                __udivdi3
 .text          0x2000ee44       0x48 c:/mgc/embedded201406/readystart-arm/codebench/bin/../lib/gcc/arm-none-eabi/4.8.3\libgcc.a(_clzsi2.o)
                0x2000ee44                __clzsi2
 *(.plt)
 *(.gnu.warning)
 *(.glue_7t)
 .glue_7t       0x00000000        0x0 linker stubs
 *(.glue_7)
 .glue_7        0x00000000        0x0 linker stubs
 *(.vfp11_veneer)
 .vfp11_veneer  0x00000000        0x0 linker stubs
 *(.ARM.extab* .gnu.linkonce.armextab.*)
 *(.gcc_except_table)

.v4_bx          0x2000ee8c        0x0
 .v4_bx         0x00000000        0x0 linker stubs

.iplt           0x2000ee8c        0x0
 .iplt          0x00000000        0x0 c:/mgc/embedded201406/readystart-arm/codebench/bin/../lib/gcc/arm-none-eabi/4.8.3/crtbegin.o

.eh_frame_hdr
 *(.eh_frame_hdr)
 *(.eh_frame_entry .eh_frame_entry.*)

.eh_frame       0x2000ee8c        0x4
 *(.eh_frame)
 .eh_frame      0x2000ee8c        0x0 c:/mgc/embedded201406/readystart-arm/codebench/bin/../lib/gcc/arm-none-eabi/4.8.3/crtbegin.o
 .eh_frame      0x2000ee8c        0x4 c:/mgc/embedded201406/readystart-arm/codebench/bin/../lib/gcc/arm-none-eabi/4.8.3/crtend.o
 *(.eh_frame.*)
                0x2000ee90                PROVIDE (__exidx_start, .)

.ARM.exidx      0x2000ee90        0x8
 *(.ARM.exidx* .gnu.linkonce.armexidx.*)
 .ARM.exidx     0x2000ee90        0x8 c:/mgc/embedded201406/readystart-arm/codebench/bin/../lib/gcc/arm-none-eabi/4.8.3\libgcc.a(_divdi3.o)
 .ARM.exidx     0x2000ee98        0x0 c:/mgc/embedded201406/readystart-arm/codebench/bin/../lib/gcc/arm-none-eabi/4.8.3\libgcc.a(_udivdi3.o)
                                  0x8 (size before relaxing)
                0x2000ee98                PROVIDE (__exidx_end, .)

.rel.dyn        0x2000ee98        0x0
 .rel.iplt      0x00000000        0x0 c:/mgc/embedded201406/readystart-arm/codebench/bin/../lib/gcc/arm-none-eabi/4.8.3/crtbegin.o

.rodata         0x2000ee98      0x540
 *(.rodata .rodata.* .gnu.linkonce.r.*)
 .rodata        0x2000ee98      0x1a8 tests/master/baremetal/func_test_suite/func_test_suite.o
 .rodata        0x2000f040       0x10 c:/users/nrasheed/open-amp-master/libs/open_amp\libopen_amp.a(rpmsg_core.o)
 .rodata        0x2000f050       0xc0 c:/users/nrasheed/open-amp-master/libs/open_amp\libopen_amp.a(virtqueue.o)
 .rodata.fw_table
                0x2000f110       0x50 c:/users/nrasheed/open-amp-master/libs/open_amp\libopen_amp.a(config.o)
                0x2000f110                fw_table
 .rodata        0x2000f160       0x38 c:/users/nrasheed/open-amp-master/libs/open_amp\libopen_amp.a(elf_loader.o)
 .rodata        0x2000f198       0x20 c:/mgc/embedded201406/readystart-arm/codebench/bin/../lib/gcc/arm-none-eabi/4.8.3/../../../../arm-none-eabi/lib\libc.a(lib_a-vfprintf.o)
 .rodata.str1.1
                0x2000f1b8       0x2a c:/mgc/embedded201406/readystart-arm/codebench/bin/../lib/gcc/arm-none-eabi/4.8.3/../../../../arm-none-eabi/lib\libc.a(lib_a-vfprintf.o)
 .rodata.str1.1
                0x2000f1e2       0x10 c:/mgc/embedded201406/readystart-arm/codebench/bin/../lib/gcc/arm-none-eabi/4.8.3/../../../../arm-none-eabi/lib\libc.a(lib_a-__fpspecifierhelp.o)
 .rodata.str1.1
                0x2000f1f2        0xd c:/mgc/embedded201406/readystart-arm/codebench/bin/../lib/gcc/arm-none-eabi/4.8.3/../../../../arm-none-eabi/lib\libc.a(lib_a-dtoa.o)
                                  0xf (size before relaxing)
 *fill*         0x2000f1ff        0x1 
 .rodata        0x2000f200       0x38 c:/mgc/embedded201406/readystart-arm/codebench/bin/../lib/gcc/arm-none-eabi/4.8.3/../../../../arm-none-eabi/lib\libc.a(lib_a-locale.o)
 .rodata.str1.1
                0x2000f238       0x10 c:/mgc/embedded201406/readystart-arm/codebench/bin/../lib/gcc/arm-none-eabi/4.8.3/../../../../arm-none-eabi/lib\libc.a(lib_a-locale.o)
                                 0x11 (size before relaxing)
 .rodata        0x2000f248      0x128 c:/mgc/embedded201406/readystart-arm/codebench/bin/../lib/gcc/arm-none-eabi/4.8.3/../../../../arm-none-eabi/lib\libc.a(lib_a-mprec.o)
                0x2000f258                __mprec_tens
                0x2000f320                __mprec_tinytens
                0x2000f348                __mprec_bigtens
                0x2000f370                . = ALIGN (0x4)
 *(.init)
 .init          0x2000f370        0xc c:/mgc/embedded201406/readystart-arm/codebench/bin/../lib/gcc/arm-none-eabi/4.8.3/crti.o
                0x2000f370                _init
 .init          0x2000f37c        0xc c:/mgc/embedded201406/readystart-arm/codebench/bin/../lib/gcc/arm-none-eabi/4.8.3/crtn.o
                0x2000f388                . = ALIGN (0x4)
                0x2000f388                __preinit_array_start = .
 *(.preinit_array)
 .preinit_array
                0x2000f388        0x4 c:/mgc/embedded201406/readystart-arm/codebench/bin/../lib/gcc/arm-none-eabi/4.8.3/../../../../arm-none-eabi/lib\libcs3.a(cycloneV-dk-reset-ram.o)
                0x2000f38c                __preinit_array_end = .
                0x2000f38c                . = ALIGN (0x4)
                0x2000f38c                __init_array_start = .
 *(SORT(.init_array.*))
 .init_array.00005
                0x2000f38c        0x4 c:/mgc/embedded201406/readystart-arm/codebench/bin/../lib/gcc/arm-none-eabi/4.8.3/../../../../arm-none-eabi/lib\libc.a(lib_a-stdout.o)
 *(.init_array)
 .init_array    0x2000f390        0x4 c:/mgc/embedded201406/readystart-arm/codebench/bin/../lib/gcc/arm-none-eabi/4.8.3/crtbegin.o
                0x2000f394                __init_array_end = .
                0x2000f394                . = ALIGN (0x4)
 *(.fini)
 .fini          0x2000f394        0xc c:/mgc/embedded201406/readystart-arm/codebench/bin/../lib/gcc/arm-none-eabi/4.8.3/crti.o
                0x2000f394                _fini
 .fini          0x2000f3a0        0xc c:/mgc/embedded201406/readystart-arm/codebench/bin/../lib/gcc/arm-none-eabi/4.8.3/crtn.o
                0x2000f3ac                . = ALIGN (0x4)
                0x2000f3ac                __fini_array_start = .
 *(.fini_array)
 .fini_array    0x2000f3ac        0x4 c:/mgc/embedded201406/readystart-arm/codebench/bin/../lib/gcc/arm-none-eabi/4.8.3/crtbegin.o
 *(SORT(.fini_array.*))
                0x2000f3b0                __fini_array_end = .
                0x2000f3b0                . = ALIGN (0x4)
 *crtbegin.o(.ctors)
 *(EXCLUDE_FILE(*crtend.o) .ctors)
 *(SORT(.ctors.*))
 *crtend.o(.ctors)
                0x2000f3b0                . = ALIGN (0x4)
 *crtbegin.o(.dtors)
 *(EXCLUDE_FILE(*crtend.o) .dtors)
 *(SORT(.dtors.*))
 *crtend.o(.dtors)
                0x2000f3b0                . = ALIGN (0x4)
                0x2000f3b0                __cs3_regions = .
                0x2000f3b0        0x4 LONG 0x0
                0x2000f3b4        0x4 LONG 0xffff0000 __cs3_region_init_oc_ram
                0x2000f3b8        0x4 LONG 0xffff0000 __cs3_region_start_oc_ram
                0x2000f3bc        0x4 LONG 0x0 __cs3_region_init_size_oc_ram
                0x2000f3c0        0x4 LONG 0x0 __cs3_region_zero_size_oc_ram
                0x2000f3c4        0x4 LONG 0x0
                0x2000f3c8        0x4 LONG 0x20000000 __cs3_region_init_ram
                0x2000f3cc        0x4 LONG 0x20000000 __cs3_region_start_ram
                0x2000f3d0        0x4 LONG 0xf980 __cs3_region_init_size_ram
                0x2000f3d4        0x4 LONG 0x2168 __cs3_region_zero_size_ram
                0x2000f3d8                __cs3_regions_end = .
                0x2000f3d8                . = ALIGN (0x8)
                0x2000f3d8                _etext = .
                0x00000001                ASSERT (! ((__cs3_region_init_oc_ram & 0x7)), __cs3_region_init_oc_ram not aligned)
                0x00000001                ASSERT (! ((__cs3_region_start_oc_ram & 0x7)), __cs3_region_start_oc_ram not aligned)
                0x00000001                ASSERT (! ((__cs3_region_init_size_oc_ram & 0x7)), __cs3_region_init_size_oc_ram not aligned)
                0x00000001                ASSERT (! ((__cs3_region_zero_size_oc_ram & 0x7)), __cs3_region_zero_size_oc_ram not aligned)
                0x00000001                ASSERT (! ((__cs3_region_init_ram & 0x7)), __cs3_region_init_ram not aligned)
                0x00000001                ASSERT (! ((__cs3_region_start_ram & 0x7)), __cs3_region_start_ram not aligned)
                0x00000001                ASSERT (! ((__cs3_region_init_size_ram & 0x7)), __cs3_region_init_size_ram not aligned)
                0x00000001                ASSERT (! ((__cs3_region_zero_size_ram & 0x7)), __cs3_region_zero_size_ram not aligned)

.cs3.boot_rom   0xfffd0000        0x0
                0xfffd0000                __cs3_region_start_boot_rom = .
 *(.cs3.region-head.boot_rom)
 *(.boot_rom)
                0xfffd0000                . = ALIGN (0x8)

.cs3.boot_rom.bss
                0xfffd0000        0x0
 *(.boot_rom.b .bss.boot_rom)
                0xfffd0000                . = ALIGN (0x8)
                0xfffe0000                __cs3_region_end_boot_rom = (__cs3_region_start_boot_rom + 0x10000)
                0x00010000                __cs3_region_size_boot_rom = 0x10000
                0xfffd0000                __cs3_region_init_boot_rom = LOADADDR (.cs3.boot_rom)
                0x00000000                __cs3_region_init_size_boot_rom = (LOADADDR (.cs3.boot_rom.bss) - LOADADDR (.cs3.boot_rom))
                0x00000000                __cs3_region_zero_size_boot_rom = SIZEOF (.cs3.boot_rom.bss)

.cs3.oc_ram     0xffff0000        0x0
                0xffff0000                __cs3_region_start_oc_ram = .
 *(.cs3.region-head.oc_ram)
 *(.oc_ram)
                0xffff0000                . = ALIGN (0x8)

.cs3.oc_ram.bss
                0xffff0000        0x0
 *(.oc_ram.b .bss.oc_ram)
                0xffff0000                . = ALIGN (0x8)
                0x00000000                __cs3_region_end_oc_ram = (__cs3_region_start_oc_ram + 0x10000)
                0x00010000                __cs3_region_size_oc_ram = 0x10000
                0xffff0000                __cs3_region_init_oc_ram = LOADADDR (.cs3.oc_ram)
                0x00000000                __cs3_region_init_size_oc_ram = (LOADADDR (.cs3.oc_ram.bss) - LOADADDR (.cs3.oc_ram))
                0x00000000                __cs3_region_zero_size_oc_ram = SIZEOF (.cs3.oc_ram.bss)

.data           0x2000f3d8      0x5a8
 *(.jcr)
 .jcr           0x2000f3d8        0x0 c:/mgc/embedded201406/readystart-arm/codebench/bin/../lib/gcc/arm-none-eabi/4.8.3/crtbegin.o
 .jcr           0x2000f3d8        0x4 c:/mgc/embedded201406/readystart-arm/codebench/bin/../lib/gcc/arm-none-eabi/4.8.3/crtend.o
 *(.got.plt)
 *(.got)
 *(.shdata)
 *(.data .data.* .gnu.linkonce.d.*)
 .data.fw_name1
                0x2000f3dc        0xc tests/master/baremetal/func_test_suite/func_test_suite.o
                0x2000f3dc                fw_name1
 .data.rsc_handler_table
                0x2000f3e8       0x14 c:/users/nrasheed/open-amp-master/libs/open_amp\libopen_amp.a(rsc_table_parser.o)
                0x2000f3e8                rsc_handler_table
 .data.proc_table
                0x2000f3fc      0x120 c:/users/nrasheed/open-amp-master/libs/open_amp\libopen_amp.a(platform_info.o)
                0x2000f3fc                proc_table
 .data.Intr_Enable_Flag
                0x2000f51c        0x4 c:/users/nrasheed/open-amp-master/libs/open_amp\libopen_amp.a(bm_env.o)
                0x2000f51c                Intr_Enable_Flag
 .data.rpmsg_rdev_config_ops
                0x2000f520       0x24 c:/users/nrasheed/open-amp-master/libs/open_amp\libopen_amp.a(remote_device.o)
                0x2000f520                rpmsg_rdev_config_ops
 .data.proc_ops
                0x2000f544       0x18 c:/users/nrasheed/open-amp-master/libs/open_amp\libopen_amp.a(platform.o)
                0x2000f544                proc_ops
 .data          0x2000f55c      0x410 c:/mgc/embedded201406/readystart-arm/codebench/bin/../lib/gcc/arm-none-eabi/4.8.3/../../../../arm-none-eabi/lib\libc.a(lib_a-mallocr.o)
                0x2000f55c                __malloc_av_
                0x2000f964                __malloc_sbrk_base
                0x2000f968                __malloc_trim_threshold
 .data          0x2000f96c        0x4 c:/mgc/embedded201406/readystart-arm/codebench/bin/../lib/gcc/arm-none-eabi/4.8.3/../../../../arm-none-eabi/lib\libc.a(lib_a-impure.o)
                0x2000f96c                _csl_impure_ptr
 .data          0x2000f970        0x4 c:/mgc/embedded201406/readystart-arm/codebench/bin/../lib/gcc/arm-none-eabi/4.8.3/../../../../arm-none-eabi/lib\libc.a(lib_a-locale.o)
                0x2000f970                __mb_cur_max
 .data          0x2000f974        0x4 c:/mgc/embedded201406/readystart-arm/codebench/bin/../lib/gcc/arm-none-eabi/4.8.3/../../../../arm-none-eabi/lib\libcs3unhosted.a(unhosted-sbrk.o)
 .data          0x2000f978        0x4 c:/mgc/embedded201406/readystart-arm/codebench/bin/../lib/gcc/arm-none-eabi/4.8.3/../../../../arm-none-eabi/lib\libcs3.a(heap.o)
                0x2000f978                __cs3_heap_limit
                0x2000f980                . = ALIGN (0x8)
 *fill*         0x2000f97c        0x4 
 *(.ram)
                0x2000f980                . = ALIGN (0x8)
                0x2000f980                _edata = .

.tm_clone_table
                0x2000f980        0x0
 .tm_clone_table
                0x2000f980        0x0 c:/mgc/embedded201406/readystart-arm/codebench/bin/../lib/gcc/arm-none-eabi/4.8.3/crtbegin.o
 .tm_clone_table
                0x2000f980        0x0 c:/mgc/embedded201406/readystart-arm/codebench/bin/../lib/gcc/arm-none-eabi/4.8.3/crtend.o

.igot.plt       0x2000f980        0x0
 .igot.plt      0x00000000        0x0 c:/mgc/embedded201406/readystart-arm/codebench/bin/../lib/gcc/arm-none-eabi/4.8.3/crtbegin.o

.bss            0x2000f980     0x2168
 *(.shbss)
 *(.bss .bss.* .gnu.linkonce.b.*)
 .bss           0x2000f980       0x1c c:/mgc/embedded201406/readystart-arm/codebench/bin/../lib/gcc/arm-none-eabi/4.8.3/crtbegin.o
 .bss.int_flag  0x2000f99c        0x4 tests/master/baremetal/func_test_suite/func_test_suite.o
                0x2000f99c                int_flag
 .bss.rp_ept1   0x2000f9a0        0x4 tests/master/baremetal/func_test_suite/func_test_suite.o
                0x2000f9a0                rp_ept1
 .bss.app_rp_chnl
                0x2000f9a4        0x4 tests/master/baremetal/func_test_suite/func_test_suite.o
                0x2000f9a4                app_rp_chnl
 .bss.p_payload
                0x2000f9a8        0x4 tests/master/baremetal/func_test_suite/func_test_suite.o
                0x2000f9a8                p_payload
 .bss.r_payload
                0x2000f9ac        0x4 tests/master/baremetal/func_test_suite/func_test_suite.o
                0x2000f9ac                r_payload
 .bss.procs     0x2000f9b0        0x4 c:/users/nrasheed/open-amp-master/libs/open_amp\libopen_amp.a(hil.o)
                0x2000f9b0                procs
 .bss.isr_table
                0x2000f9b4       0x50 c:/users/nrasheed/open-amp-master/libs/open_amp\libopen_amp.a(bm_env.o)
                0x2000f9b4                isr_table
 .bss.Intr_Count
                0x2000fa04        0x4 c:/users/nrasheed/open-amp-master/libs/open_amp\libopen_amp.a(bm_env.o)
                0x2000fa04                Intr_Count
 .bss.ARM_AR_ISR_IRQ_Data
                0x2000fa08      0x800 c:/users/nrasheed/open-amp-master/libs/system/cyclone_v_soc_dk/baremetal\libbaremetal_master.a(baremetal.o)
                0x2000fa08                ARM_AR_ISR_IRQ_Data
 .bss.ARM_AR_ISR_FIQ_Data
                0x20010208      0x800 c:/users/nrasheed/open-amp-master/libs/system/cyclone_v_soc_dk/baremetal\libbaremetal_master.a(baremetal.o)
                0x20010208                ARM_AR_ISR_FIQ_Data
 .bss.ARM_AR_ISR_SUP_Stack
                0x20010a08      0x800 c:/users/nrasheed/open-amp-master/libs/system/cyclone_v_soc_dk/baremetal\libbaremetal_master.a(baremetal.o)
                0x20010a08                ARM_AR_ISR_SUP_Stack
 .bss.ARM_AR_ISR_SYS_Stack
                0x20011208      0x800 c:/users/nrasheed/open-amp-master/libs/system/cyclone_v_soc_dk/baremetal\libbaremetal_master.a(baremetal.o)
                0x20011208                ARM_AR_ISR_SYS_Stack
 .bss.old_value
                0x20011a08        0x4 c:/users/nrasheed/open-amp-master/libs/system/cyclone_v_soc_dk/baremetal\libbaremetal_master.a(baremetal.o)
                0x20011a08                old_value
 .bss           0x20011a0c       0x34 c:/mgc/embedded201406/readystart-arm/codebench/bin/../lib/gcc/arm-none-eabi/4.8.3/../../../../arm-none-eabi/lib\libc.a(lib_a-mallocr.o)
                0x20011a0c                __malloc_top_pad
                0x20011a10                __malloc_current_mallinfo
                0x20011a38                __malloc_max_sbrked_mem
                0x20011a3c                __malloc_max_total_mem
 .bss           0x20011a40       0x7c c:/mgc/embedded201406/readystart-arm/codebench/bin/../lib/gcc/arm-none-eabi/4.8.3/../../../../arm-none-eabi/lib\libc.a(lib_a-stdout.o)
                0x20011a40                _cslibc_global__stdout
                0x20011aac                __stdout
 .bss           0x20011abc        0x8 c:/mgc/embedded201406/readystart-arm/codebench/bin/../lib/gcc/arm-none-eabi/4.8.3/../../../../arm-none-eabi/lib\libc.a(lib_a-cleanupg.o)
                0x20011abc                _cslibc_global___cleanup
                0x20011ac0                _cslibc_global___sdidinit
 .bss           0x20011ac4       0x10 c:/mgc/embedded201406/readystart-arm/codebench/bin/../lib/gcc/arm-none-eabi/4.8.3/../../../../arm-none-eabi/lib\libc.a(lib_a-dtoag.o)
                0x20011ac4                _cslibc_global__freelist
                0x20011ac8                _cslibc_global__p5s
                0x20011acc                _cslibc_global__result_k
                0x20011ad0                _cslibc_global__result
 .bss           0x20011ad4        0x4 c:/mgc/embedded201406/readystart-arm/codebench/bin/../lib/gcc/arm-none-eabi/4.8.3/../../../../arm-none-eabi/lib\libc.a(lib_a-errnog.o)
                0x20011ad4                _cslibc_global__errno
 .bss           0x20011ad8        0x0 c:/mgc/embedded201406/readystart-arm/codebench/bin/../lib/gcc/arm-none-eabi/4.8.3/../../../../arm-none-eabi/lib\libc.a(lib_a-impure.o)
 .bss           0x20011ad8        0xc c:/mgc/embedded201406/readystart-arm/codebench/bin/../lib/gcc/arm-none-eabi/4.8.3/../../../../arm-none-eabi/lib\libc.a(lib_a-sglueg.o)
                0x20011ad8                _cslibc_global___sglue
 *(COMMON)
                0x20011ae8                . = ALIGN (0x8)
 *fill*         0x20011ae4        0x4 
 *(.ram.b .bss.ram)
                0x20011ae8                . = ALIGN (0x8)
                0x20011ae8                _end = .
                0x20011ae8                __end = .
                0x3ff00000                __cs3_region_end_ram = (__cs3_region_start_ram + 0x1ff00000)
                0x1ff00000                __cs3_region_size_ram = 0x1ff00000
                0x20000000                __cs3_region_init_ram = LOADADDR (.text)
                0x0000f980                __cs3_region_init_size_ram = (_edata - ADDR (.text))
                0x00002168                __cs3_region_zero_size_ram = (_end - _edata)

.stab
 *(.stab)

.stabstr
 *(.stabstr)

.debug
 *(.debug)

.line
 *(.line)

.debug_srcinfo
 *(.debug_srcinfo)

.debug_sfnames
 *(.debug_sfnames)

.debug_aranges  0x00000000      0xb38
 *(.debug_aranges)
 .debug_aranges
                0x00000000       0xb8 tests/master/baremetal/func_test_suite/func_test_suite.o
 .debug_aranges
                0x000000b8       0x48 c:/users/nrasheed/open-amp-master/libs/open_amp\libopen_amp.a(remoteproc.o)
 .debug_aranges
                0x00000100       0x50 c:/users/nrasheed/open-amp-master/libs/open_amp\libopen_amp.a(remoteproc_loader.o)
 .debug_aranges
                0x00000150       0x50 c:/users/nrasheed/open-amp-master/libs/open_amp\libopen_amp.a(rsc_table_parser.o)
 .debug_aranges
                0x000001a0       0x58 c:/users/nrasheed/open-amp-master/libs/open_amp\libopen_amp.a(rpmsg.o)
 .debug_aranges
                0x000001f8       0xb0 c:/users/nrasheed/open-amp-master/libs/open_amp\libopen_amp.a(rpmsg_core.o)
 .debug_aranges
                0x000002a8       0xd8 c:/users/nrasheed/open-amp-master/libs/open_amp\libopen_amp.a(virtqueue.o)
 .debug_aranges
                0x00000380       0x98 c:/users/nrasheed/open-amp-master/libs/open_amp\libopen_amp.a(hil.o)
 .debug_aranges
                0x00000418       0x28 c:/users/nrasheed/open-amp-master/libs/open_amp\libopen_amp.a(llist.o)
 .debug_aranges
                0x00000440       0x40 c:/users/nrasheed/open-amp-master/libs/open_amp\libopen_amp.a(sh_mem.o)
 .debug_aranges
                0x00000480       0x20 c:/users/nrasheed/open-amp-master/libs/open_amp\libopen_amp.a(config.o)
 .debug_aranges
                0x000004a0       0x28 c:/users/nrasheed/open-amp-master/libs/open_amp\libopen_amp.a(platform_info.o)
 .debug_aranges
                0x000004c8      0x130 c:/users/nrasheed/open-amp-master/libs/open_amp\libopen_amp.a(bm_env.o)
 .debug_aranges
                0x000005f8       0xa0 c:/users/nrasheed/open-amp-master/libs/open_amp\libopen_amp.a(elf_loader.o)
 .debug_aranges
                0x00000698       0xa0 c:/users/nrasheed/open-amp-master/libs/open_amp\libopen_amp.a(remote_device.o)
 .debug_aranges
                0x00000738       0x40 c:/users/nrasheed/open-amp-master/libs/open_amp\libopen_amp.a(platform.o)
 .debug_aranges
                0x00000778       0x20 c:/users/nrasheed/open-amp-master/libs/open_amp\libopen_amp.a(cyclone_trampoline.o)
 .debug_aranges
                0x00000798       0xb8 c:/users/nrasheed/open-amp-master/libs/system/cyclone_v_soc_dk/baremetal\libbaremetal_master.a(baremetal.o)
 .debug_aranges
                0x00000850       0x28 c:/mgc/embedded201406/readystart-arm/codebench/bin/../lib/gcc/arm-none-eabi/4.8.3/../../../../arm-none-eabi/lib\libcs3.a(start_c.o)
 .debug_aranges
                0x00000878       0x28 c:/mgc/embedded201406/readystart-arm/codebench/bin/../lib/gcc/arm-none-eabi/4.8.3/../../../../arm-none-eabi/lib\libcs3.a(cycloneV-dk-reset-ram.o)
 .debug_aranges
                0x000008a0       0x20 c:/mgc/embedded201406/readystart-arm/codebench/bin/../lib/gcc/arm-none-eabi/4.8.3/../../../../arm-none-eabi/lib\libcs3arm.a(arm-vector.o)
 .debug_aranges
                0x000008c0       0x20 c:/mgc/embedded201406/readystart-arm/codebench/bin/../lib/gcc/arm-none-eabi/4.8.3/../../../../arm-none-eabi/lib\libcs3arm.a(arm_isr_interrupt.o)
 .debug_aranges
                0x000008e0       0x20 c:/mgc/embedded201406/readystart-arm/codebench/bin/../lib/gcc/arm-none-eabi/4.8.3/../../../../arm-none-eabi/lib\libcs3arm.a(arm_isr_undef.o)
 .debug_aranges
                0x00000900       0x20 c:/mgc/embedded201406/readystart-arm/codebench/bin/../lib/gcc/arm-none-eabi/4.8.3/../../../../arm-none-eabi/lib\libcs3arm.a(arm_isr_swi.o)
 .debug_aranges
                0x00000920       0x20 c:/mgc/embedded201406/readystart-arm/codebench/bin/../lib/gcc/arm-none-eabi/4.8.3/../../../../arm-none-eabi/lib\libcs3arm.a(arm_isr_pabort.o)
 .debug_aranges
                0x00000940       0x20 c:/mgc/embedded201406/readystart-arm/codebench/bin/../lib/gcc/arm-none-eabi/4.8.3/../../../../arm-none-eabi/lib\libcs3arm.a(arm_isr_dabort.o)
 .debug_aranges
                0x00000960       0x20 c:/mgc/embedded201406/readystart-arm/codebench/bin/../lib/gcc/arm-none-eabi/4.8.3/../../../../arm-none-eabi/lib\libcs3unhosted.a(unhosted-sbrk.o)
 .debug_aranges
                0x00000980       0x20 c:/mgc/embedded201406/readystart-arm/codebench/bin/../lib/gcc/arm-none-eabi/4.8.3/../../../../arm-none-eabi/lib\libcs3unhosted.a(unhosted-start.o)
 .debug_aranges
                0x000009a0       0x18 c:/mgc/embedded201406/readystart-arm/codebench/bin/../lib/gcc/arm-none-eabi/4.8.3/../../../../arm-none-eabi/lib\libcs3.a(heap.o)
 .debug_aranges
                0x000009b8       0x20 c:/mgc/embedded201406/readystart-arm/codebench/bin/../lib/gcc/arm-none-eabi/4.8.3\libgcc.a(_udivsi3.o)
 .debug_aranges
                0x000009d8       0x20 c:/mgc/embedded201406/readystart-arm/codebench/bin/../lib/gcc/arm-none-eabi/4.8.3\libgcc.a(_divsi3.o)
 .debug_aranges
                0x000009f8       0x20 c:/mgc/embedded201406/readystart-arm/codebench/bin/../lib/gcc/arm-none-eabi/4.8.3\libgcc.a(_dvmd_tls.o)
 .debug_aranges
                0x00000a18       0x20 c:/mgc/embedded201406/readystart-arm/codebench/bin/../lib/gcc/arm-none-eabi/4.8.3\libgcc.a(_arm_addsubdf3.o)
 .debug_aranges
                0x00000a38       0x20 c:/mgc/embedded201406/readystart-arm/codebench/bin/../lib/gcc/arm-none-eabi/4.8.3\libgcc.a(_arm_muldivdf3.o)
 .debug_aranges
                0x00000a58       0x20 c:/mgc/embedded201406/readystart-arm/codebench/bin/../lib/gcc/arm-none-eabi/4.8.3\libgcc.a(_arm_cmpdf2.o)
 .debug_aranges
                0x00000a78       0x20 c:/mgc/embedded201406/readystart-arm/codebench/bin/../lib/gcc/arm-none-eabi/4.8.3\libgcc.a(_arm_fixdfsi.o)
 .debug_aranges
                0x00000a98       0x20 c:/mgc/embedded201406/readystart-arm/codebench/bin/../lib/gcc/arm-none-eabi/4.8.3\libgcc.a(_aeabi_uldivmod.o)
 .debug_aranges
                0x00000ab8       0x20 c:/mgc/embedded201406/readystart-arm/codebench/bin/../lib/gcc/arm-none-eabi/4.8.3\libgcc.a(bpabi.o)
 .debug_aranges
                0x00000ad8       0x20 c:/mgc/embedded201406/readystart-arm/codebench/bin/../lib/gcc/arm-none-eabi/4.8.3\libgcc.a(_divdi3.o)
 .debug_aranges
                0x00000af8       0x20 c:/mgc/embedded201406/readystart-arm/codebench/bin/../lib/gcc/arm-none-eabi/4.8.3\libgcc.a(_udivdi3.o)
 .debug_aranges
                0x00000b18       0x20 c:/mgc/embedded201406/readystart-arm/codebench/bin/../lib/gcc/arm-none-eabi/4.8.3\libgcc.a(_clzsi2.o)

.debug_pubnames
 *(.debug_pubnames)

.debug_info     0x00000000     0xd974
 *(.debug_info .gnu.linkonce.wi.*)
 .debug_info    0x00000000     0x13c2 tests/master/baremetal/func_test_suite/func_test_suite.o
 .debug_info    0x000013c2      0xfd0 c:/users/nrasheed/open-amp-master/libs/open_amp\libopen_amp.a(remoteproc.o)
 .debug_info    0x00002392      0x319 c:/users/nrasheed/open-amp-master/libs/open_amp\libopen_amp.a(remoteproc_loader.o)
 .debug_info    0x000026ab     0x10c2 c:/users/nrasheed/open-amp-master/libs/open_amp\libopen_amp.a(rsc_table_parser.o)
 .debug_info    0x0000376d      0xf30 c:/users/nrasheed/open-amp-master/libs/open_amp\libopen_amp.a(rpmsg.o)
 .debug_info    0x0000469d     0x1481 c:/users/nrasheed/open-amp-master/libs/open_amp\libopen_amp.a(rpmsg_core.o)
 .debug_info    0x00005b1e      0xce3 c:/users/nrasheed/open-amp-master/libs/open_amp\libopen_amp.a(virtqueue.o)
 .debug_info    0x00006801      0xd04 c:/users/nrasheed/open-amp-master/libs/open_amp\libopen_amp.a(hil.o)
 .debug_info    0x00007505       0xf2 c:/users/nrasheed/open-amp-master/libs/open_amp\libopen_amp.a(llist.o)
 .debug_info    0x000075f7      0x2ed c:/users/nrasheed/open-amp-master/libs/open_amp\libopen_amp.a(sh_mem.o)
 .debug_info    0x000078e4      0x180 c:/users/nrasheed/open-amp-master/libs/open_amp\libopen_amp.a(config.o)
 .debug_info    0x00007a64      0x945 c:/users/nrasheed/open-amp-master/libs/open_amp\libopen_amp.a(platform_info.o)
 .debug_info    0x000083a9      0x960 c:/users/nrasheed/open-amp-master/libs/open_amp\libopen_amp.a(bm_env.o)
 .debug_info    0x00008d09      0xa93 c:/users/nrasheed/open-amp-master/libs/open_amp\libopen_amp.a(elf_loader.o)
 .debug_info    0x0000979c     0x1226 c:/users/nrasheed/open-amp-master/libs/open_amp\libopen_amp.a(remote_device.o)
 .debug_info    0x0000a9c2      0x8c1 c:/users/nrasheed/open-amp-master/libs/open_amp\libopen_amp.a(platform.o)
 .debug_info    0x0000b283       0x79 c:/users/nrasheed/open-amp-master/libs/open_amp\libopen_amp.a(cyclone_trampoline.o)
 .debug_info    0x0000b2fc      0x928 c:/users/nrasheed/open-amp-master/libs/system/cyclone_v_soc_dk/baremetal\libbaremetal_master.a(baremetal.o)
 .debug_info    0x0000bc24      0x231 c:/mgc/embedded201406/readystart-arm/codebench/bin/../lib/gcc/arm-none-eabi/4.8.3/../../../../arm-none-eabi/lib\libcs3.a(start_c.o)
 .debug_info    0x0000be55       0xe3 c:/mgc/embedded201406/readystart-arm/codebench/bin/../lib/gcc/arm-none-eabi/4.8.3/../../../../arm-none-eabi/lib\libcs3.a(cycloneV-dk-reset-ram.o)
 .debug_info    0x0000bf38       0xdc c:/mgc/embedded201406/readystart-arm/codebench/bin/../lib/gcc/arm-none-eabi/4.8.3/../../../../arm-none-eabi/lib\libcs3arm.a(arm-vector.o)
 .debug_info    0x0000c014       0xda c:/mgc/embedded201406/readystart-arm/codebench/bin/../lib/gcc/arm-none-eabi/4.8.3/../../../../arm-none-eabi/lib\libcs3arm.a(arm_isr_interrupt.o)
 .debug_info    0x0000c0ee       0xda c:/mgc/embedded201406/readystart-arm/codebench/bin/../lib/gcc/arm-none-eabi/4.8.3/../../../../arm-none-eabi/lib\libcs3arm.a(arm_isr_undef.o)
 .debug_info    0x0000c1c8       0xda c:/mgc/embedded201406/readystart-arm/codebench/bin/../lib/gcc/arm-none-eabi/4.8.3/../../../../arm-none-eabi/lib\libcs3arm.a(arm_isr_swi.o)
 .debug_info    0x0000c2a2       0xda c:/mgc/embedded201406/readystart-arm/codebench/bin/../lib/gcc/arm-none-eabi/4.8.3/../../../../arm-none-eabi/lib\libcs3arm.a(arm_isr_pabort.o)
 .debug_info    0x0000c37c       0xda c:/mgc/embedded201406/readystart-arm/codebench/bin/../lib/gcc/arm-none-eabi/4.8.3/../../../../arm-none-eabi/lib\libcs3arm.a(arm_isr_dabort.o)
 .debug_info    0x0000c456       0xfb c:/mgc/embedded201406/readystart-arm/codebench/bin/../lib/gcc/arm-none-eabi/4.8.3/../../../../arm-none-eabi/lib\libcs3unhosted.a(unhosted-sbrk.o)
 .debug_info    0x0000c551       0xd7 c:/mgc/embedded201406/readystart-arm/codebench/bin/../lib/gcc/arm-none-eabi/4.8.3/../../../../arm-none-eabi/lib\libcs3unhosted.a(unhosted-start.o)
 .debug_info    0x0000c628       0x3f c:/mgc/embedded201406/readystart-arm/codebench/bin/../lib/gcc/arm-none-eabi/4.8.3/../../../../arm-none-eabi/lib\libcs3.a(heap.o)
 .debug_info    0x0000c667       0xb6 c:/mgc/embedded201406/readystart-arm/codebench/bin/../lib/gcc/arm-none-eabi/4.8.3\libgcc.a(_udivsi3.o)
 .debug_info    0x0000c71d       0xb6 c:/mgc/embedded201406/readystart-arm/codebench/bin/../lib/gcc/arm-none-eabi/4.8.3\libgcc.a(_divsi3.o)
 .debug_info    0x0000c7d3       0xb6 c:/mgc/embedded201406/readystart-arm/codebench/bin/../lib/gcc/arm-none-eabi/4.8.3\libgcc.a(_dvmd_tls.o)
 .debug_info    0x0000c889       0xb7 c:/mgc/embedded201406/readystart-arm/codebench/bin/../lib/gcc/arm-none-eabi/4.8.3\libgcc.a(_arm_addsubdf3.o)
 .debug_info    0x0000c940       0xb7 c:/mgc/embedded201406/readystart-arm/codebench/bin/../lib/gcc/arm-none-eabi/4.8.3\libgcc.a(_arm_muldivdf3.o)
 .debug_info    0x0000c9f7       0xb7 c:/mgc/embedded201406/readystart-arm/codebench/bin/../lib/gcc/arm-none-eabi/4.8.3\libgcc.a(_arm_cmpdf2.o)
 .debug_info    0x0000caae       0xb7 c:/mgc/embedded201406/readystart-arm/codebench/bin/../lib/gcc/arm-none-eabi/4.8.3\libgcc.a(_arm_fixdfsi.o)
 .debug_info    0x0000cb65       0xb2 c:/mgc/embedded201406/readystart-arm/codebench/bin/../lib/gcc/arm-none-eabi/4.8.3\libgcc.a(_aeabi_uldivmod.o)
 .debug_info    0x0000cc17      0x160 c:/mgc/embedded201406/readystart-arm/codebench/bin/../lib/gcc/arm-none-eabi/4.8.3\libgcc.a(bpabi.o)
 .debug_info    0x0000cd77      0x5c4 c:/mgc/embedded201406/readystart-arm/codebench/bin/../lib/gcc/arm-none-eabi/4.8.3\libgcc.a(_divdi3.o)
 .debug_info    0x0000d33b      0x583 c:/mgc/embedded201406/readystart-arm/codebench/bin/../lib/gcc/arm-none-eabi/4.8.3\libgcc.a(_udivdi3.o)
 .debug_info    0x0000d8be       0xb6 c:/mgc/embedded201406/readystart-arm/codebench/bin/../lib/gcc/arm-none-eabi/4.8.3\libgcc.a(_clzsi2.o)

.debug_abbrev   0x00000000     0x23c2
 *(.debug_abbrev)
 .debug_abbrev  0x00000000      0x256 tests/master/baremetal/func_test_suite/func_test_suite.o
 .debug_abbrev  0x00000256      0x18a c:/users/nrasheed/open-amp-master/libs/open_amp\libopen_amp.a(remoteproc.o)
 .debug_abbrev  0x000003e0       0xdb c:/users/nrasheed/open-amp-master/libs/open_amp\libopen_amp.a(remoteproc_loader.o)
 .debug_abbrev  0x000004bb      0x19b c:/users/nrasheed/open-amp-master/libs/open_amp\libopen_amp.a(rsc_table_parser.o)
 .debug_abbrev  0x00000656      0x1e9 c:/users/nrasheed/open-amp-master/libs/open_amp\libopen_amp.a(rpmsg.o)
 .debug_abbrev  0x0000083f      0x239 c:/users/nrasheed/open-amp-master/libs/open_amp\libopen_amp.a(rpmsg_core.o)
 .debug_abbrev  0x00000a78      0x23f c:/users/nrasheed/open-amp-master/libs/open_amp\libopen_amp.a(virtqueue.o)
 .debug_abbrev  0x00000cb7      0x1e2 c:/users/nrasheed/open-amp-master/libs/open_amp\libopen_amp.a(hil.o)
 .debug_abbrev  0x00000e99       0x93 c:/users/nrasheed/open-amp-master/libs/open_amp\libopen_amp.a(llist.o)
 .debug_abbrev  0x00000f2c       0xf5 c:/users/nrasheed/open-amp-master/libs/open_amp\libopen_amp.a(sh_mem.o)
 .debug_abbrev  0x00001021       0xcb c:/users/nrasheed/open-amp-master/libs/open_amp\libopen_amp.a(config.o)
 .debug_abbrev  0x000010ec      0x151 c:/users/nrasheed/open-amp-master/libs/open_amp\libopen_amp.a(platform_info.o)
 .debug_abbrev  0x0000123d      0x2b2 c:/users/nrasheed/open-amp-master/libs/open_amp\libopen_amp.a(bm_env.o)
 .debug_abbrev  0x000014ef      0x19a c:/users/nrasheed/open-amp-master/libs/open_amp\libopen_amp.a(elf_loader.o)
 .debug_abbrev  0x00001689      0x24a c:/users/nrasheed/open-amp-master/libs/open_amp\libopen_amp.a(remote_device.o)
 .debug_abbrev  0x000018d3      0x171 c:/users/nrasheed/open-amp-master/libs/open_amp\libopen_amp.a(platform.o)
 .debug_abbrev  0x00001a44       0x14 c:/users/nrasheed/open-amp-master/libs/open_amp\libopen_amp.a(cyclone_trampoline.o)
 .debug_abbrev  0x00001a58      0x24f c:/users/nrasheed/open-amp-master/libs/system/cyclone_v_soc_dk/baremetal\libbaremetal_master.a(baremetal.o)
 .debug_abbrev  0x00001ca7      0x127 c:/mgc/embedded201406/readystart-arm/codebench/bin/../lib/gcc/arm-none-eabi/4.8.3/../../../../arm-none-eabi/lib\libcs3.a(start_c.o)
 .debug_abbrev  0x00001dce       0x12 c:/mgc/embedded201406/readystart-arm/codebench/bin/../lib/gcc/arm-none-eabi/4.8.3/../../../../arm-none-eabi/lib\libcs3.a(cycloneV-dk-reset-ram.o)
 .debug_abbrev  0x00001de0       0x14 c:/mgc/embedded201406/readystart-arm/codebench/bin/../lib/gcc/arm-none-eabi/4.8.3/../../../../arm-none-eabi/lib\libcs3arm.a(arm-vector.o)
 .debug_abbrev  0x00001df4       0x14 c:/mgc/embedded201406/readystart-arm/codebench/bin/../lib/gcc/arm-none-eabi/4.8.3/../../../../arm-none-eabi/lib\libcs3arm.a(arm_isr_interrupt.o)
 .debug_abbrev  0x00001e08       0x14 c:/mgc/embedded201406/readystart-arm/codebench/bin/../lib/gcc/arm-none-eabi/4.8.3/../../../../arm-none-eabi/lib\libcs3arm.a(arm_isr_undef.o)
 .debug_abbrev  0x00001e1c       0x14 c:/mgc/embedded201406/readystart-arm/codebench/bin/../lib/gcc/arm-none-eabi/4.8.3/../../../../arm-none-eabi/lib\libcs3arm.a(arm_isr_swi.o)
 .debug_abbrev  0x00001e30       0x14 c:/mgc/embedded201406/readystart-arm/codebench/bin/../lib/gcc/arm-none-eabi/4.8.3/../../../../arm-none-eabi/lib\libcs3arm.a(arm_isr_pabort.o)
 .debug_abbrev  0x00001e44       0x14 c:/mgc/embedded201406/readystart-arm/codebench/bin/../lib/gcc/arm-none-eabi/4.8.3/../../../../arm-none-eabi/lib\libcs3arm.a(arm_isr_dabort.o)
 .debug_abbrev  0x00001e58       0xf2 c:/mgc/embedded201406/readystart-arm/codebench/bin/../lib/gcc/arm-none-eabi/4.8.3/../../../../arm-none-eabi/lib\libcs3unhosted.a(unhosted-sbrk.o)
 .debug_abbrev  0x00001f4a       0x14 c:/mgc/embedded201406/readystart-arm/codebench/bin/../lib/gcc/arm-none-eabi/4.8.3/../../../../arm-none-eabi/lib\libcs3unhosted.a(unhosted-start.o)
 .debug_abbrev  0x00001f5e       0x42 c:/mgc/embedded201406/readystart-arm/codebench/bin/../lib/gcc/arm-none-eabi/4.8.3/../../../../arm-none-eabi/lib\libcs3.a(heap.o)
 .debug_abbrev  0x00001fa0       0x14 c:/mgc/embedded201406/readystart-arm/codebench/bin/../lib/gcc/arm-none-eabi/4.8.3\libgcc.a(_udivsi3.o)
 .debug_abbrev  0x00001fb4       0x14 c:/mgc/embedded201406/readystart-arm/codebench/bin/../lib/gcc/arm-none-eabi/4.8.3\libgcc.a(_divsi3.o)
 .debug_abbrev  0x00001fc8       0x14 c:/mgc/embedded201406/readystart-arm/codebench/bin/../lib/gcc/arm-none-eabi/4.8.3\libgcc.a(_dvmd_tls.o)
 .debug_abbrev  0x00001fdc       0x14 c:/mgc/embedded201406/readystart-arm/codebench/bin/../lib/gcc/arm-none-eabi/4.8.3\libgcc.a(_arm_addsubdf3.o)
 .debug_abbrev  0x00001ff0       0x14 c:/mgc/embedded201406/readystart-arm/codebench/bin/../lib/gcc/arm-none-eabi/4.8.3\libgcc.a(_arm_muldivdf3.o)
 .debug_abbrev  0x00002004       0x14 c:/mgc/embedded201406/readystart-arm/codebench/bin/../lib/gcc/arm-none-eabi/4.8.3\libgcc.a(_arm_cmpdf2.o)