Archive member included to satisfy reference by file (symbol)

c:/users/nrasheed/open-amp-master/libs/open_amp\libopen_amp.a(remoteproc.o)
                              tests/master/baremetal/echo_test/echo_test.o (remoteproc_init)
c:/users/nrasheed/open-amp-master/libs/open_amp\libopen_amp.a(remoteproc_loader.o)
                              c:/users/nrasheed/open-amp-master/libs/open_amp\libopen_amp.a(remoteproc.o) (remoteproc_loader_init)
c:/users/nrasheed/open-amp-master/libs/open_amp\libopen_amp.a(rsc_table_parser.o)
                              c:/users/nrasheed/open-amp-master/libs/open_amp\libopen_amp.a(remoteproc.o) (handle_rsc_table)
c:/users/nrasheed/open-amp-master/libs/open_amp\libopen_amp.a(rpmsg.o)
                              c:/users/nrasheed/open-amp-master/libs/open_amp\libopen_amp.a(remoteproc.o) (rpmsg_init)
c:/users/nrasheed/open-amp-master/libs/open_amp\libopen_amp.a(rpmsg_core.o)
                              c:/users/nrasheed/open-amp-master/libs/open_amp\libopen_amp.a(rpmsg.o) (rpmsg_start_ipc)
c:/users/nrasheed/open-amp-master/libs/open_amp\libopen_amp.a(virtqueue.o)
                              c:/users/nrasheed/open-amp-master/libs/open_amp\libopen_amp.a(rpmsg_core.o) (virtqueue_add_buffer)
c:/users/nrasheed/open-amp-master/libs/open_amp\libopen_amp.a(hil.o)
                              c:/users/nrasheed/open-amp-master/libs/open_amp\libopen_amp.a(remoteproc.o) (hil_create_proc)
c:/users/nrasheed/open-amp-master/libs/open_amp\libopen_amp.a(llist.o)
                              c:/users/nrasheed/open-amp-master/libs/open_amp\libopen_amp.a(rpmsg_core.o) (add_to_list)
c:/users/nrasheed/open-amp-master/libs/open_amp\libopen_amp.a(sh_mem.o)
                              c:/users/nrasheed/open-amp-master/libs/open_amp\libopen_amp.a(rpmsg_core.o) (sh_mem_get_buffer)
c:/users/nrasheed/open-amp-master/libs/open_amp\libopen_amp.a(config.o)
                              c:/users/nrasheed/open-amp-master/libs/open_amp\libopen_amp.a(hil.o) (config_get_firmware)
c:/users/nrasheed/open-amp-master/libs/open_amp\libopen_amp.a(platform_info.o)
                              c:/users/nrasheed/open-amp-master/libs/open_amp\libopen_amp.a(hil.o) (platform_get_processor_info)
c:/users/nrasheed/open-amp-master/libs/open_amp\libopen_amp.a(bm_env.o)
                              c:/users/nrasheed/open-amp-master/libs/open_amp\libopen_amp.a(remoteproc.o) (env_init)
c:/users/nrasheed/open-amp-master/libs/open_amp\libopen_amp.a(elf_loader.o)
                              c:/users/nrasheed/open-amp-master/libs/open_amp\libopen_amp.a(remoteproc_loader.o) (elf_loader_init)
c:/users/nrasheed/open-amp-master/libs/open_amp\libopen_amp.a(remote_device.o)
                              c:/users/nrasheed/open-amp-master/libs/open_amp\libopen_amp.a(rpmsg.o) (rpmsg_rdev_init)
c:/users/nrasheed/open-amp-master/libs/open_amp\libopen_amp.a(platform.o)
                              c:/users/nrasheed/open-amp-master/libs/open_amp\libopen_amp.a(platform_info.o) (proc_ops)
c:/users/nrasheed/open-amp-master/libs/open_amp\libopen_amp.a(cyclone_trampoline.o)
                              c:/users/nrasheed/open-amp-master/libs/open_amp\libopen_amp.a(platform.o) (cyclone_trampoline)
c:/users/nrasheed/open-amp-master/libs/system/cyclone_v_soc_dk/baremetal\libbaremetal_master.a(baremetal.o)
                              tests/master/baremetal/echo_test/echo_test.o (ARM_AR_ISR_SYS_Stack)
c:/mgc/embedded201406/readystart-arm/codebench/bin/../lib/gcc/arm-none-eabi/4.8.3/../../../../arm-none-eabi/lib\libc.a(lib_a-asm-memcpy.o)
                              c:/users/nrasheed/open-amp-master/libs/open_amp\libopen_amp.a(bm_env.o) (memcpy)
c:/mgc/embedded201406/readystart-arm/codebench/bin/../lib/gcc/arm-none-eabi/4.8.3/../../../../arm-none-eabi/lib\libc.a(lib_a-malloc.o)
                              c:/users/nrasheed/open-amp-master/libs/open_amp\libopen_amp.a(bm_env.o) (malloc)
c:/mgc/embedded201406/readystart-arm/codebench/bin/../lib/gcc/arm-none-eabi/4.8.3/../../../../arm-none-eabi/lib\libc.a(lib_a-mallocr.o)
                              c:/mgc/embedded201406/readystart-arm/codebench/bin/../lib/gcc/arm-none-eabi/4.8.3/../../../../arm-none-eabi/lib\libc.a(lib_a-malloc.o) (_malloc_r)
c:/mgc/embedded201406/readystart-arm/codebench/bin/../lib/gcc/arm-none-eabi/4.8.3/../../../../arm-none-eabi/lib\libc.a(lib_a-memset.o)
                              c:/users/nrasheed/open-amp-master/libs/open_amp\libopen_amp.a(bm_env.o) (memset)
c:/mgc/embedded201406/readystart-arm/codebench/bin/../lib/gcc/arm-none-eabi/4.8.3/../../../../arm-none-eabi/lib\libc.a(lib_a-mlock.o)
                              c:/mgc/embedded201406/readystart-arm/codebench/bin/../lib/gcc/arm-none-eabi/4.8.3/../../../../arm-none-eabi/lib\libc.a(lib_a-mallocr.o) (__malloc_lock)
c:/mgc/embedded201406/readystart-arm/codebench/bin/../lib/gcc/arm-none-eabi/4.8.3/../../../../arm-none-eabi/lib\libc.a(lib_a-printf.o)
[...]
Memory Configuration

Name             Origin             Length             Attributes
boot_rom         0xfffd0000         0x00010000         xr
oc_ram           0xffff0000         0x00010000         xrw
ram              0x20000000         0x1ff00000         xrw
*default*        0x00000000         0xffffffff

Linker script and memory map

LOAD c:/mgc/embedded201406/readystart-arm/codebench/bin/../lib/gcc/arm-none-eabi/4.8.3/crti.o
LOAD c:/mgc/embedded201406/readystart-arm/codebench/bin/../lib/gcc/arm-none-eabi/4.8.3/crtbegin.o
START GROUP
LOAD tests/master/baremetal/echo_test/echo_test.o
LOAD tests/master/baremetal/echo_test/firmware1.o
LOAD tests/master/baremetal/echo_test/firmware2.o
LOAD c:/users/nrasheed/open-amp-master/libs/open_amp\libopen_amp.a
LOAD c:/users/nrasheed/open-amp-master/libs/system/cyclone_v_soc_dk/baremetal\libbaremetal_master.a
LOAD c:/mgc/embedded201406/readystart-arm/codebench/bin/../lib/gcc/arm-none-eabi/4.8.3/../../../../arm-none-eabi/lib\libc.a
LOAD c:/mgc/embedded201406/readystart-arm/codebench/bin/../lib/gcc/arm-none-eabi/4.8.3/../../../../arm-none-eabi/lib\libm.a
LOAD c:/mgc/embedded201406/readystart-arm/codebench/bin/../lib/gcc/arm-none-eabi/4.8.3/../../../../arm-none-eabi/lib\libstdc++.a
LOAD c:/mgc/embedded201406/readystart-arm/codebench/bin/../lib/gcc/arm-none-eabi/4.8.3/../../../../arm-none-eabi/lib\libcs3.a
LOAD c:/mgc/embedded201406/readystart-arm/codebench/bin/../lib/gcc/arm-none-eabi/4.8.3/../../../../arm-none-eabi/lib\libcs3arm.a
LOAD c:/mgc/embedded201406/readystart-arm/codebench/bin/../lib/gcc/arm-none-eabi/4.8.3/../../../../arm-none-eabi/lib\libcs3unhosted.a
END GROUP
START GROUP
LOAD c:/mgc/embedded201406/readystart-arm/codebench/bin/../lib/gcc/arm-none-eabi/4.8.3\libgcc.a
LOAD c:/mgc/embedded201406/readystart-arm/codebench/bin/../lib/gcc/arm-none-eabi/4.8.3/../../../../arm-none-eabi/lib\libc.a
END GROUP
LOAD c:/mgc/embedded201406/readystart-arm/codebench/bin/../lib/gcc/arm-none-eabi/4.8.3/crtend.o
LOAD c:/mgc/embedded201406/readystart-arm/codebench/bin/../lib/gcc/arm-none-eabi/4.8.3/crtn.o
START GROUP
LOAD c:/mgc/embedded201406/readystart-arm/codebench/bin/../lib/gcc/arm-none-eabi/4.8.3\libgcc.a
LOAD c:/mgc/embedded201406/readystart-arm/codebench/bin/../lib/gcc/arm-none-eabi/4.8.3/../../../../arm-none-eabi/lib\libc.a
LOAD c:/mgc/embedded201406/readystart-arm/codebench/bin/../lib/gcc/arm-none-eabi/4.8.3/../../../../arm-none-eabi/lib\libcs3.a
LOAD c:/mgc/embedded201406/readystart-arm/codebench/bin/../lib/gcc/arm-none-eabi/4.8.3/../../../../arm-none-eabi/lib\libcs3unhosted.a
LOAD c:/mgc/embedded201406/readystart-arm/codebench/bin/../lib/gcc/arm-none-eabi/4.8.3/../../../../arm-none-eabi/lib\libcs3arm.a
END GROUP
                0x20010b28                PROVIDE (__cs3_heap_start, _end)
                0x3ff00000                PROVIDE (__cs3_heap_end, (__cs3_region_start_ram + __cs3_region_size_ram))
                0x00000002                PROVIDE (__cs3_region_num, ((__cs3_regions_end - __cs3_regions) / 0x14))
                0x3ff00000                PROVIDE (__cs3_stack, (__cs3_region_start_ram + __cs3_region_size_ram))
                0x00000000                _binary_firmware1_start = 0x0
                0x00000000                _binary_firmware1_end = 0x0
                0x00000000                _binary_firmware2_start = 0x0
                0x00000000                _binary_firmware2_end = 0x0

.text           0x20000000     0xe07c
 CREATE_OBJECT_SYMBOLS
                0x20000000                __cs3_region_start_ram = .
                0x20000000                _ftext = .
 *(.cs3.region-head.ram)
                0x00000001                ASSERT ((. == __cs3_region_start_ram), .cs3.region-head.ram not permitted)
                0x20000000                __cs3_interrupt_vector = __cs3_interrupt_vector_arm
 *(.cs3.interrupt_vector)
 .cs3.interrupt_vector
                0x20000000       0x40 c:/mgc/embedded201406/readystart-arm/codebench/bin/../lib/gcc/arm-none-eabi/4.8.3/../../../../arm-none-eabi/lib\libcs3arm.a(arm-vector.o)
                0x20000000                __cs3_interrupt_vector_arm
                0x00000001                ASSERT ((. != __cs3_interrupt_vector_arm), No interrupt vector)
                0x20000040                PROVIDE (__cs3_reset, __cs3_reset_cycloneV_dk_ram)
 *(.cs3.reset)
 .cs3.reset     0x20000040        0x4 c:/mgc/embedded201406/readystart-arm/codebench/bin/../lib/gcc/arm-none-eabi/4.8.3/../../../../arm-none-eabi/lib\libcs3.a(cycloneV-dk-reset-ram.o)
                0x20000040                __cs3_reset_cycloneV_dk_ram
                [0x200000d8]                _start = DEFINED (__cs3_start_asm)?__cs3_start_asm:_start
 *(.text.cs3.init)
 .text.cs3.init
                0x20000044       0x94 c:/mgc/embedded201406/readystart-arm/codebench/bin/../lib/gcc/arm-none-eabi/4.8.3/../../../../arm-none-eabi/lib\libcs3.a(start_c.o)
                0x20000044                __cs3_start_c
 .text.cs3.init
                0x200000d8        0xc c:/mgc/embedded201406/readystart-arm/codebench/bin/../lib/gcc/arm-none-eabi/4.8.3/../../../../arm-none-eabi/lib\libcs3unhosted.a(unhosted-start.o)
 *(.text .text.* .gnu.linkonce.t.*)
 .text          0x200000e4      0x128 c:/mgc/embedded201406/readystart-arm/codebench/bin/../lib/gcc/arm-none-eabi/4.8.3/crtbegin.o
 .text.rpmsg_send
                0x2000020c       0x80 tests/master/baremetal/echo_test/echo_test.o
 .text.main     0x2000028c      0x128 tests/master/baremetal/echo_test/echo_test.o
                0x2000028c                main
 .text.rpmsg_channel_created
                0x200003b4       0x50 tests/master/baremetal/echo_test/echo_test.o
 .text.rpmsg_channel_deleted
                0x20000404       0x2c tests/master/baremetal/echo_test/echo_test.o
 .text.rpmsg_read_cb
                0x20000430       0x60 tests/master/baremetal/echo_test/echo_test.o
 .text.sleep    0x20000490       0x44 tests/master/baremetal/echo_test/echo_test.o
 .text.init_system
                0x200004d4       0x20 tests/master/baremetal/echo_test/echo_test.o
 .text.remoteproc_init
                0x200004f4      0x220 c:/users/nrasheed/open-amp-master/libs/open_amp\libopen_amp.a(remoteproc.o)
                0x200004f4                remoteproc_init
 .text.remoteproc_deinit
                0x20000714       0x90 c:/users/nrasheed/open-amp-master/libs/open_amp\libopen_amp.a(remoteproc.o)
                0x20000714                remoteproc_deinit
 .text.remoteproc_boot
                0x200007a4      0x124 c:/users/nrasheed/open-amp-master/libs/open_amp\libopen_amp.a(remoteproc.o)
                0x200007a4                remoteproc_boot
 .text.remoteproc_shutdown
                0x200008c8       0x78 c:/users/nrasheed/open-amp-master/libs/open_amp\libopen_amp.a(remoteproc.o)
                0x200008c8                remoteproc_shutdown
 .text.remoteproc_loader_init
                0x20000940       0xa0 c:/users/nrasheed/open-amp-master/libs/open_amp\libopen_amp.a(remoteproc_loader.o)
                0x20000940                remoteproc_loader_init
 .text.remoteproc_loader_delete
                0x200009e0       0x64 c:/users/nrasheed/open-amp-master/libs/open_amp\libopen_amp.a(remoteproc_loader.o)
                0x200009e0                remoteproc_loader_delete
 .text.remoteproc_loader_attach_firmware
                0x20000a44       0xd0 c:/users/nrasheed/open-amp-master/libs/open_amp\libopen_amp.a(remoteproc_loader.o)
                0x20000a44                remoteproc_loader_attach_firmware
 .text.remoteproc_loader_retrieve_resource_section
                0x20000b14       0x64 c:/users/nrasheed/open-amp-master/libs/open_amp\libopen_amp.a(remoteproc_loader.o)
                0x20000b14                remoteproc_loader_retrieve_resource_section
 .text.remoteproc_loader_load_remote_firmware
                0x20000b78       0x64 c:/users/nrasheed/open-amp-master/libs/open_amp\libopen_amp.a(remoteproc_loader.o)
                0x20000b78                remoteproc_loader_load_remote_firmware
 .text.remoteproc_get_load_address
                0x20000bdc       0x64 c:/users/nrasheed/open-amp-master/libs/open_amp\libopen_amp.a(remoteproc_loader.o)
                0x20000bdc                remoteproc_get_load_address
 .text.vring_size
                0x20000c40       0x84 c:/users/nrasheed/open-amp-master/libs/open_amp\libopen_amp.a(rsc_table_parser.o)
 .text.handle_rsc_table
                0x20000cc4      0x150 c:/users/nrasheed/open-amp-master/libs/open_amp\libopen_amp.a(rsc_table_parser.o)
                0x20000cc4                handle_rsc_table
 .text.handle_carve_out_rsc
                0x20000e14       0x9c c:/users/nrasheed/open-amp-master/libs/open_amp\libopen_amp.a(rsc_table_parser.o)
                0x20000e14                handle_carve_out_rsc
 .text.handle_trace_rsc
                0x20000eb0       0x2c c:/users/nrasheed/open-amp-master/libs/open_amp\libopen_amp.a(rsc_table_parser.o)
                0x20000eb0                handle_trace_rsc
 .text.handle_dev_mem_rsc
                0x20000edc       0x2c c:/users/nrasheed/open-amp-master/libs/open_amp\libopen_amp.a(rsc_table_parser.o)
                0x20000edc                handle_dev_mem_rsc
 .text.handle_vdev_rsc
                0x20000f08      0x1d4 c:/users/nrasheed/open-amp-master/libs/open_amp\libopen_amp.a(rsc_table_parser.o)
                0x20000f08                handle_vdev_rsc
 .text.handle_mmu_rsc
                0x200010dc       0x2c c:/users/nrasheed/open-amp-master/libs/open_amp\libopen_amp.a(rsc_table_parser.o)
                0x200010dc                handle_mmu_rsc
 .text.rpmsg_init
                0x20001108       0xa4 c:/users/nrasheed/open-amp-master/libs/open_amp\libopen_amp.a(rpmsg.o)
                0x20001108                rpmsg_init
 .text.rpmsg_deinit
                0x200011ac       0x30 c:/users/nrasheed/open-amp-master/libs/open_amp\libopen_amp.a(rpmsg.o)
                0x200011ac                rpmsg_deinit
 .text.rpmsg_send_offchannel_raw
                0x200011dc      0x26c c:/users/nrasheed/open-amp-master/libs/open_amp\libopen_amp.a(rpmsg.o)
                0x200011dc                rpmsg_send_offchannel_raw
 .text.rpmsg_create_ept
                0x20001448       0x98 c:/users/nrasheed/open-amp-master/libs/open_amp\libopen_amp.a(rpmsg.o)
                0x20001448                rpmsg_create_ept
 .text.rpmsg_destroy_ept
                0x200014e0       0x4c c:/users/nrasheed/open-amp-master/libs/open_amp\libopen_amp.a(rpmsg.o)
                0x200014e0                rpmsg_destroy_ept
 .text.rpmsg_send
                0x2000152c       0x80 c:/users/nrasheed/open-amp-master/libs/open_amp\libopen_amp.a(rpmsg_core.o)
 .text.rpmsg_start_ipc
                0x200015ac      0x158 c:/users/nrasheed/open-amp-master/libs/open_amp\libopen_amp.a(rpmsg_core.o)
                0x200015ac                rpmsg_start_ipc
 .text._rpmsg_create_channel
                0x20001704       0xf4 c:/users/nrasheed/open-amp-master/libs/open_amp\libopen_amp.a(rpmsg_core.o)
                0x20001704                _rpmsg_create_channel
 .text._rpmsg_delete_channel
                0x200017f8       0x9c c:/users/nrasheed/open-amp-master/libs/open_amp\libopen_amp.a(rpmsg_core.o)
                0x200017f8                _rpmsg_delete_channel
 .text._create_endpoint
                0x20001894      0x194 c:/users/nrasheed/open-amp-master/libs/open_amp\libopen_amp.a(rpmsg_core.o)
                0x20001894                _create_endpoint
 .text._destroy_endpoint
                0x20001a28       0xa4 c:/users/nrasheed/open-amp-master/libs/open_amp\libopen_amp.a(rpmsg_core.o)
                0x20001a28                _destroy_endpoint
 .text.rpmsg_send_ns_message
                0x20001acc      0x110 c:/users/nrasheed/open-amp-master/libs/open_amp\libopen_amp.a(rpmsg_core.o)
                0x20001acc                rpmsg_send_ns_message
 .text.rpmsg_enqueue_buffer
                0x20001bdc       0xac c:/users/nrasheed/open-amp-master/libs/open_amp\libopen_amp.a(rpmsg_core.o)
                0x20001bdc                rpmsg_enqueue_buffer
 .text.rpmsg_return_buffer
                0x20001c88       0x9c c:/users/nrasheed/open-amp-master/libs/open_amp\libopen_amp.a(rpmsg_core.o)
                0x20001c88                rpmsg_return_buffer
 .text.rpmsg_get_tx_buffer
                0x20001d24       0xa4 c:/users/nrasheed/open-amp-master/libs/open_amp\libopen_amp.a(rpmsg_core.o)
                0x20001d24                rpmsg_get_tx_buffer
 .text.rpmsg_get_rx_buffer
                0x20001dc8       0x78 c:/users/nrasheed/open-amp-master/libs/open_amp\libopen_amp.a(rpmsg_core.o)
                0x20001dc8                rpmsg_get_rx_buffer
 .text.rpmsg_free_buffer
                0x20001e40       0x40 c:/users/nrasheed/open-amp-master/libs/open_amp\libopen_amp.a(rpmsg_core.o)
                0x20001e40                rpmsg_free_buffer
 .text.rpmsg_tx_callback
                0x20001e80       0xcc c:/users/nrasheed/open-amp-master/libs/open_amp\libopen_amp.a(rpmsg_core.o)
 .text.rpmsg_rx_callback
                0x20001f4c      0x188 c:/users/nrasheed/open-amp-master/libs/open_amp\libopen_amp.a(rpmsg_core.o)
 .text.rpmsg_ns_callback
                0x200020d4      0x178 c:/users/nrasheed/open-amp-master/libs/open_amp\libopen_amp.a(rpmsg_core.o)
                0x200020d4                rpmsg_ns_callback
 .text.rpmsg_get_address
                0x2000224c       0xd4 c:/users/nrasheed/open-amp-master/libs/open_amp\libopen_amp.a(rpmsg_core.o)
                0x2000224c                rpmsg_get_address
 .text.rpmsg_release_address
                0x20002320       0xc8 c:/users/nrasheed/open-amp-master/libs/open_amp\libopen_amp.a(rpmsg_core.o)
                0x20002320                rpmsg_release_address
 .text.rpmsg_is_address_set
                0x200023e8       0xac c:/users/nrasheed/open-amp-master/libs/open_amp\libopen_amp.a(rpmsg_core.o)
                0x200023e8                rpmsg_is_address_set
 .text.rpmsg_set_address
                0x20002494       0xc4 c:/users/nrasheed/open-amp-master/libs/open_amp\libopen_amp.a(rpmsg_core.o)
                0x20002494                rpmsg_set_address
 .text.vring_size
                0x20002558       0x84 c:/users/nrasheed/open-amp-master/libs/open_amp\libopen_amp.a(virtqueue.o)
 .text.vring_init
                0x200025dc       0x98 c:/users/nrasheed/open-amp-master/libs/open_amp\libopen_amp.a(virtqueue.o)
 .text.vring_need_event
                0x20002674       0x64 c:/users/nrasheed/open-amp-master/libs/open_amp\libopen_amp.a(virtqueue.o)
 .text.virtqueue_create
                0x200026d8      0x16c c:/users/nrasheed/open-amp-master/libs/open_amp\libopen_amp.a(virtqueue.o)
                0x200026d8                virtqueue_create
 .text.virtqueue_add_buffer
                0x20002844      0x10c c:/users/nrasheed/open-amp-master/libs/open_amp\libopen_amp.a(virtqueue.o)
                0x20002844                virtqueue_add_buffer
 .text.virtqueue_get_buffer
                0x20002950      0x118 c:/users/nrasheed/open-amp-master/libs/open_amp\libopen_amp.a(virtqueue.o)
                0x20002950                virtqueue_get_buffer
 .text.virtqueue_free
                0x20002a68       0x84 c:/users/nrasheed/open-amp-master/libs/open_amp\libopen_amp.a(virtqueue.o)
                0x20002a68                virtqueue_free
 .text.virtqueue_get_available_buffer
                0x20002aec      0x108 c:/users/nrasheed/open-amp-master/libs/open_amp\libopen_amp.a(virtqueue.o)
                0x20002aec                virtqueue_get_available_buffer
 .text.virtqueue_add_consumed_buffer
                0x20002bf4       0xd4 c:/users/nrasheed/open-amp-master/libs/open_amp\libopen_amp.a(virtqueue.o)
                0x20002bf4                virtqueue_add_consumed_buffer
 .text.virtqueue_disable_cb
                0x20002cc8       0x94 c:/users/nrasheed/open-amp-master/libs/open_amp\libopen_amp.a(virtqueue.o)
                0x20002cc8                virtqueue_disable_cb
 .text.virtqueue_kick
                0x20002d5c       0x44 c:/users/nrasheed/open-amp-master/libs/open_amp\libopen_amp.a(virtqueue.o)
                0x20002d5c                virtqueue_kick
 .text.vq_ring_add_buffer
                0x20002da0      0x138 c:/users/nrasheed/open-amp-master/libs/open_amp\libopen_amp.a(virtqueue.o)
 .text.vq_ring_free_chain
                0x20002ed8      0x108 c:/users/nrasheed/open-amp-master/libs/open_amp\libopen_amp.a(virtqueue.o)
 .text.vq_ring_init
                0x20002fe0       0xc8 c:/users/nrasheed/open-amp-master/libs/open_amp\libopen_amp.a(virtqueue.o)
 .text.vq_ring_update_avail
                0x200030a8       0xa4 c:/users/nrasheed/open-amp-master/libs/open_amp\libopen_amp.a(virtqueue.o)
 .text.virtqueue_notification
                0x2000314c       0x38 c:/users/nrasheed/open-amp-master/libs/open_amp\libopen_amp.a(virtqueue.o)
                0x2000314c                virtqueue_notification
 .text.vq_ring_must_notify_host
                0x20003184       0xcc c:/users/nrasheed/open-amp-master/libs/open_amp\libopen_amp.a(virtqueue.o)
 .text.vq_ring_notify_host
                0x20003250       0x38 c:/users/nrasheed/open-amp-master/libs/open_amp\libopen_amp.a(virtqueue.o)
 .text.hil_create_proc
                0x20003288      0x148 c:/users/nrasheed/open-amp-master/libs/open_amp\libopen_amp.a(hil.o)
                0x20003288                hil_create_proc
 .text.hil_get_cpuforfw
                0x200033d0       0x28 c:/users/nrasheed/open-amp-master/libs/open_amp\libopen_amp.a(hil.o)
                0x200033d0                hil_get_cpuforfw
 .text.hil_delete_proc
                0x200033f8       0x94 c:/users/nrasheed/open-amp-master/libs/open_amp\libopen_amp.a(hil.o)
                0x200033f8                hil_delete_proc
 .text.hil_isr  0x2000348c       0x28 c:/users/nrasheed/open-amp-master/libs/open_amp\libopen_amp.a(hil.o)
                0x2000348c                hil_isr
 .text.hil_get_chnl_info
                0x200034b4       0x40 c:/users/nrasheed/open-amp-master/libs/open_amp\libopen_amp.a(hil.o)
                0x200034b4                hil_get_chnl_info
 .text.hil_get_vdev_info
                0x200034f4       0x28 c:/users/nrasheed/open-amp-master/libs/open_amp\libopen_amp.a(hil.o)
                0x200034f4                hil_get_vdev_info
 .text.hil_get_vring_info
                0x2000351c       0x40 c:/users/nrasheed/open-amp-master/libs/open_amp\libopen_amp.a(hil.o)
                0x2000351c                hil_get_vring_info
 .text.hil_get_shm_info
                0x2000355c       0x28 c:/users/nrasheed/open-amp-master/libs/open_amp\libopen_amp.a(hil.o)
                0x2000355c                hil_get_shm_info
 .text.hil_enable_vring_notifications
                0x20003584       0x84 c:/users/nrasheed/open-amp-master/libs/open_amp\libopen_amp.a(hil.o)
                0x20003584                hil_enable_vring_notifications
 .text.hil_vring_notify
                0x20003608       0x88 c:/users/nrasheed/open-amp-master/libs/open_amp\libopen_amp.a(hil.o)
                0x20003608                hil_vring_notify
 .text.hil_get_status
                0x20003690       0x24 c:/users/nrasheed/open-amp-master/libs/open_amp\libopen_amp.a(hil.o)
                0x20003690                hil_get_status
 .text.hil_set_status
                0x200036b4       0x24 c:/users/nrasheed/open-amp-master/libs/open_amp\libopen_amp.a(hil.o)
                0x200036b4                hil_set_status
 .text.hil_boot_cpu
                0x200036d8       0x58 c:/users/nrasheed/open-amp-master/libs/open_amp\libopen_amp.a(hil.o)
                0x200036d8                hil_boot_cpu
 .text.hil_shutdown_cpu
                0x20003730       0x48 c:/users/nrasheed/open-amp-master/libs/open_amp\libopen_amp.a(hil.o)
                0x20003730                hil_shutdown_cpu
 .text.hil_get_firmware
                0x20003778       0x38 c:/users/nrasheed/open-amp-master/libs/open_amp\libopen_amp.a(hil.o)
                0x20003778                hil_get_firmware
 .text.add_to_list
                0x200037b0       0xa8 c:/users/nrasheed/open-amp-master/libs/open_amp\libopen_amp.a(llist.o)
                0x200037b0                add_to_list
 .text.remove_from_list
                0x20003858       0xbc c:/users/nrasheed/open-amp-master/libs/open_amp\libopen_amp.a(llist.o)
                0x20003858                remove_from_list
 .text.sh_mem_create_pool
                0x20003914      0x198 c:/users/nrasheed/open-amp-master/libs/open_amp\libopen_amp.a(sh_mem.o)
                0x20003914                sh_mem_create_pool
 .text.sh_mem_get_buffer
                0x20003aac      0x170 c:/users/nrasheed/open-amp-master/libs/open_amp\libopen_amp.a(sh_mem.o)
                0x20003aac                sh_mem_get_buffer
 .text.sh_mem_free_buffer
                0x20003c1c      0x108 c:/users/nrasheed/open-amp-master/libs/open_amp\libopen_amp.a(sh_mem.o)
                0x20003c1c                sh_mem_free_buffer
 .text.sh_mem_delete_pool
                0x20003d24       0x3c c:/users/nrasheed/open-amp-master/libs/open_amp\libopen_amp.a(sh_mem.o)
                0x20003d24                sh_mem_delete_pool
 .text.get_first_zero_bit
                0x20003d60       0xcc c:/users/nrasheed/open-amp-master/libs/open_amp\libopen_amp.a(sh_mem.o)
                0x20003d60                get_first_zero_bit
 .text.config_get_firmware
                0x20003e2c      0x120 c:/users/nrasheed/open-amp-master/libs/open_amp\libopen_amp.a(config.o)
                0x20003e2c                config_get_firmware
 .text.platform_get_processor_info
                0x20003f4c       0xbc c:/users/nrasheed/open-amp-master/libs/open_amp\libopen_amp.a(platform_info.o)
                0x20003f4c                platform_get_processor_info
 .text.platform_get_processor_for_fw
                0x20004008       0x24 c:/users/nrasheed/open-amp-master/libs/open_amp\libopen_amp.a(platform_info.o)
                0x20004008                platform_get_processor_for_fw
 .text.env_init
                0x2000402c       0x1c c:/users/nrasheed/open-amp-master/libs/open_amp\libopen_amp.a(bm_env.o)
                0x2000402c                env_init
 .text.env_deinit
                0x20004048       0x1c c:/users/nrasheed/open-amp-master/libs/open_amp\libopen_amp.a(bm_env.o)
                0x20004048                env_deinit
 .text.env_allocate_memory
                0x20004064       0x28 c:/users/nrasheed/open-amp-master/libs/open_amp\libopen_amp.a(bm_env.o)
                0x20004064                env_allocate_memory
 .text.env_free_memory
                0x2000408c       0x2c c:/users/nrasheed/open-amp-master/libs/open_amp\libopen_amp.a(bm_env.o)
                0x2000408c                env_free_memory
 .text.env_memset
                0x200040b8       0x30 c:/users/nrasheed/open-amp-master/libs/open_amp\libopen_amp.a(bm_env.o)
                0x200040b8                env_memset
 .text.env_memcpy
                0x200040e8       0x30 c:/users/nrasheed/open-amp-master/libs/open_amp\libopen_amp.a(bm_env.o)
                0x200040e8                env_memcpy
 .text.env_strcmp
                0x20004118       0x30 c:/users/nrasheed/open-amp-master/libs/open_amp\libopen_amp.a(bm_env.o)
                0x20004118                env_strcmp
 .text.env_strncpy
                0x20004148       0x30 c:/users/nrasheed/open-amp-master/libs/open_amp\libopen_amp.a(bm_env.o)
                0x20004148                env_strncpy
 .text.env_strncmp
                0x20004178       0x38 c:/users/nrasheed/open-amp-master/libs/open_amp\libopen_amp.a(bm_env.o)
                0x20004178                env_strncmp
 .text.env_mb   0x200041b0       0x14 c:/users/nrasheed/open-amp-master/libs/open_amp\libopen_amp.a(bm_env.o)
                0x200041b0                env_mb
 .text.env_rmb  0x200041c4       0x14 c:/users/nrasheed/open-amp-master/libs/open_amp\libopen_amp.a(bm_env.o)
                0x200041c4                env_rmb
 .text.env_wmb  0x200041d8       0x14 c:/users/nrasheed/open-amp-master/libs/open_amp\libopen_amp.a(bm_env.o)
                0x200041d8                env_wmb
 .text.env_map_vatopa
                0x200041ec       0x24 c:/users/nrasheed/open-amp-master/libs/open_amp\libopen_amp.a(bm_env.o)
                0x200041ec                env_map_vatopa
 .text.env_map_patova
                0x20004210       0x24 c:/users/nrasheed/open-amp-master/libs/open_amp\libopen_amp.a(bm_env.o)
                0x20004210                env_map_patova
 .text.env_create_mutex
                0x20004234       0x28 c:/users/nrasheed/open-amp-master/libs/open_amp\libopen_amp.a(bm_env.o)
                0x20004234                env_create_mutex
 .text.env_delete_mutex
                0x2000425c       0x1c c:/users/nrasheed/open-amp-master/libs/open_amp\libopen_amp.a(bm_env.o)
                0x2000425c                env_delete_mutex
 .text.env_lock_mutex
                0x20004278       0x1c c:/users/nrasheed/open-amp-master/libs/open_amp\libopen_amp.a(bm_env.o)
                0x20004278                env_lock_mutex
 .text.env_unlock_mutex
                0x20004294       0x1c c:/users/nrasheed/open-amp-master/libs/open_amp\libopen_amp.a(bm_env.o)
                0x20004294                env_unlock_mutex
 .text.env_sleep_msec
                0x200042b0       0x1c c:/users/nrasheed/open-amp-master/libs/open_amp\libopen_amp.a(bm_env.o)
                0x200042b0                env_sleep_msec
 .text.env_disable_interrupts
                0x200042cc       0x34 c:/users/nrasheed/open-amp-master/libs/open_amp\libopen_amp.a(bm_env.o)
                0x200042cc                env_disable_interrupts
 .text.env_restore_interrupts
                0x20004300       0x34 c:/users/nrasheed/open-amp-master/libs/open_amp\libopen_amp.a(bm_env.o)
                0x20004300                env_restore_interrupts
 .text.env_register_isr
                0x20004334       0xe8 c:/users/nrasheed/open-amp-master/libs/open_amp\libopen_amp.a(bm_env.o)
                0x20004334                env_register_isr
 .text.env_enable_interrupt
                0x2000441c       0xfc c:/users/nrasheed/open-amp-master/libs/open_amp\libopen_amp.a(bm_env.o)
                0x2000441c                env_enable_interrupt
 .text.env_disable_interrupt
                0x20004518       0x24 c:/users/nrasheed/open-amp-master/libs/open_amp\libopen_amp.a(bm_env.o)
                0x20004518                env_disable_interrupt
 .text.env_map_memory
                0x2000453c       0xac c:/users/nrasheed/open-amp-master/libs/open_amp\libopen_amp.a(bm_env.o)
                0x2000453c                env_map_memory
 .text.bm_env_isr
                0x200045e8       0xd8 c:/users/nrasheed/open-amp-master/libs/open_amp\libopen_amp.a(bm_env.o)
                0x200045e8                bm_env_isr
 .text.elf_loader_init
                0x200046c0       0x84 c:/users/nrasheed/open-amp-master/libs/open_amp\libopen_amp.a(elf_loader.o)
                0x200046c0                elf_loader_init
 .text.elf_loader_attach_firmware
                0x20004744       0x9c c:/users/nrasheed/open-amp-master/libs/open_amp\libopen_amp.a(elf_loader.o)
                0x20004744                elf_loader_attach_firmware
 .text.elf_loader_detach_firmware
                0x200047e0       0x60 c:/users/nrasheed/open-amp-master/libs/open_amp\libopen_amp.a(elf_loader.o)
                0x200047e0                elf_loader_detach_firmware
 .text.elf_loader_retrieve_entry_point
                0x20004840       0x30 c:/users/nrasheed/open-amp-master/libs/open_amp\libopen_amp.a(elf_loader.o)
                0x20004840                elf_loader_retrieve_entry_point
 .text.elf_loader_retrieve_resource_section
                0x20004870       0x84 c:/users/nrasheed/open-amp-master/libs/open_amp\libopen_amp.a(elf_loader.o)
                0x20004870                elf_loader_retrieve_resource_section
 .text.elf_loader_load_remote_firmware
                0x200048f4       0x5c c:/users/nrasheed/open-amp-master/libs/open_amp\libopen_amp.a(elf_loader.o)
                0x200048f4                elf_loader_load_remote_firmware
 .text.elf_get_load_address
                0x20004950       0xd0 c:/users/nrasheed/open-amp-master/libs/open_amp\libopen_amp.a(elf_loader.o)
                0x20004950                elf_get_load_address
 .text.elf_loader_get_needed_sections
                0x20004a20      0x23c c:/users/nrasheed/open-amp-master/libs/open_amp\libopen_amp.a(elf_loader.o)
 .text.elf_loader_relocs_specific
                0x20004c5c       0xa8 c:/users/nrasheed/open-amp-master/libs/open_amp\libopen_amp.a(elf_loader.o)
 .text.elf_loader_get_entry_point_address
                0x20004d04       0x28 c:/users/nrasheed/open-amp-master/libs/open_amp\libopen_amp.a(elf_loader.o)
 .text.elf_loader_relocate_link
                0x20004d2c       0x84 c:/users/nrasheed/open-amp-master/libs/open_amp\libopen_amp.a(elf_loader.o)
 .text.elf_loader_seek_and_read
                0x20004db0       0x54 c:/users/nrasheed/open-amp-master/libs/open_amp\libopen_amp.a(elf_loader.o)
 .text.elf_loader_read_headers
                0x20004e04      0x140 c:/users/nrasheed/open-amp-master/libs/open_amp\libopen_amp.a(elf_loader.o)
 .text.elf_loader_load_sections
                0x20004f44       0xf0 c:/users/nrasheed/open-amp-master/libs/open_amp\libopen_amp.a(elf_loader.o)
 .text.elf_loader_get_decode_info
                0x20005034       0x48 c:/users/nrasheed/open-amp-master/libs/open_amp\libopen_amp.a(elf_loader.o)
 .text.elf_loader_get_dynamic_symbol_addr
                0x2000507c       0x50 c:/users/nrasheed/open-amp-master/libs/open_amp\libopen_amp.a(elf_loader.o)
 .text.elf_loader_reloc_entry
                0x200050cc       0x88 c:/users/nrasheed/open-amp-master/libs/open_amp\libopen_amp.a(elf_loader.o)
 .text.vring_size
                0x20005154       0x84 c:/users/nrasheed/open-amp-master/libs/open_amp\libopen_amp.a(remote_device.o)
 .text.rpmsg_rdev_init
                0x200051d8      0x1d4 c:/users/nrasheed/open-amp-master/libs/open_amp\libopen_amp.a(remote_device.o)
                0x200051d8                rpmsg_rdev_init
 .text.rpmsg_rdev_deinit
                0x200053ac      0x184 c:/users/nrasheed/open-amp-master/libs/open_amp\libopen_amp.a(remote_device.o)
                0x200053ac                rpmsg_rdev_deinit
 .text.rpmsg_rdev_get_chnl_node_from_id
                0x20005530       0xb0 c:/users/nrasheed/open-amp-master/libs/open_amp\libopen_amp.a(remote_device.o)
                0x20005530                rpmsg_rdev_get_chnl_node_from_id
 .text.rpmsg_rdev_get_endpoint_from_addr
                0x200055e0       0xa4 c:/users/nrasheed/open-amp-master/libs/open_amp\libopen_amp.a(remote_device.o)
                0x200055e0                rpmsg_rdev_get_endpoint_from_addr
 .text.rpmsg_rdev_notify
                0x20005684       0x98 c:/users/nrasheed/open-amp-master/libs/open_amp\libopen_amp.a(remote_device.o)
                0x20005684                rpmsg_rdev_notify
 .text.rpmsg_rdev_init_channels
                0x2000571c      0x10c c:/users/nrasheed/open-amp-master/libs/open_amp\libopen_amp.a(remote_device.o)
 .text.rpmsg_rdev_create_virtqueues
                0x20005828      0x338 c:/users/nrasheed/open-amp-master/libs/open_amp\libopen_amp.a(remote_device.o)
                0x20005828                rpmsg_rdev_create_virtqueues
 .text.rpmsg_rdev_get_status
                0x20005b60       0x24 c:/users/nrasheed/open-amp-master/libs/open_amp\libopen_amp.a(remote_device.o)
                0x20005b60                rpmsg_rdev_get_status
 .text.rpmsg_rdev_set_status
                0x20005b84       0x24 c:/users/nrasheed/open-amp-master/libs/open_amp\libopen_amp.a(remote_device.o)
                0x20005b84                rpmsg_rdev_set_status
 .text.rpmsg_rdev_get_feature
                0x20005ba8       0x28 c:/users/nrasheed/open-amp-master/libs/open_amp\libopen_amp.a(remote_device.o)
                0x20005ba8                rpmsg_rdev_get_feature
 .text.rpmsg_rdev_set_feature
                0x20005bd0       0x38 c:/users/nrasheed/open-amp-master/libs/open_amp\libopen_amp.a(remote_device.o)
                0x20005bd0                rpmsg_rdev_set_feature
 .text.rpmsg_rdev_negotiate_feature
                0x20005c08       0x28 c:/users/nrasheed/open-amp-master/libs/open_amp\libopen_amp.a(remote_device.o)
                0x20005c08                rpmsg_rdev_negotiate_feature
 .text.rpmsg_rdev_read_config
                0x20005c30       0x2c c:/users/nrasheed/open-amp-master/libs/open_amp\libopen_amp.a(remote_device.o)
                0x20005c30                rpmsg_rdev_read_config
 .text.rpmsg_rdev_write_config
                0x20005c5c       0x2c c:/users/nrasheed/open-amp-master/libs/open_amp\libopen_amp.a(remote_device.o)
                0x20005c5c                rpmsg_rdev_write_config
 .text.rpmsg_rdev_reset
                0x20005c88       0x20 c:/users/nrasheed/open-amp-master/libs/open_amp\libopen_amp.a(remote_device.o)
                0x20005c88                rpmsg_rdev_reset
 .text._enable_interrupt
                0x20005ca8       0x64 c:/users/nrasheed/open-amp-master/libs/open_amp\libopen_amp.a(platform.o)
                0x20005ca8                _enable_interrupt
 .text._notify  0x20005d0c       0x68 c:/users/nrasheed/open-amp-master/libs/open_amp\libopen_amp.a(platform.o)
                0x20005d0c                _notify
 .text._boot_cpu
                0x20005d74      0x104 c:/users/nrasheed/open-amp-master/libs/open_amp\libopen_amp.a(platform.o)
                0x20005d74                _boot_cpu
 .text._shutdown_cpu
                0x20005e78       0x54 c:/users/nrasheed/open-amp-master/libs/open_amp\libopen_amp.a(platform.o)
                0x20005e78                _shutdown_cpu
 .text.platform_isr
                0x20005ecc       0x24 c:/users/nrasheed/open-amp-master/libs/open_amp\libopen_amp.a(platform.o)
                0x20005ecc                platform_isr
 .text          0x20005ef0        0x8 c:/users/nrasheed/open-amp-master/libs/open_amp\libopen_amp.a(cyclone_trampoline.o)
                0x20005ef0                cyclone_trampoline
                0x20005ef8                cyclone_trampoline_jump
                0x20005ef8                cyclone_trampoline_end
 .text.cyclone_v_soc_dk_gic_initialize
                0x20005ef8       0x58 c:/users/nrasheed/open-amp-master/libs/system/cyclone_v_soc_dk/baremetal\libbaremetal_master.a(baremetal.o)
                0x20005ef8                cyclone_v_soc_dk_gic_initialize
 .text.cyclone_v_soc_dk_gic_pr_int_initialize
                0x20005f50       0xac c:/users/nrasheed/open-amp-master/libs/system/cyclone_v_soc_dk/baremetal\libbaremetal_master.a(baremetal.o)
                0x20005f50                cyclone_v_soc_dk_gic_pr_int_initialize
 .text.cyclone_v_soc_dk_gic_interrupt_enable
                0x20005ffc      0x148 c:/users/nrasheed/open-amp-master/libs/system/cyclone_v_soc_dk/baremetal\libbaremetal_master.a(baremetal.o)
                0x20005ffc                cyclone_v_soc_dk_gic_interrupt_enable
 .text.cyclone_v_soc_dk_gic_interrupt_disable
                0x20006144       0xfc c:/users/nrasheed/open-amp-master/libs/system/cyclone_v_soc_dk/baremetal\libbaremetal_master.a(baremetal.o)
                0x20006144                cyclone_v_soc_dk_gic_interrupt_disable
 .text.arm_arch_install_isr_vector_table
                0x20006240       0x70 c:/users/nrasheed/open-amp-master/libs/system/cyclone_v_soc_dk/baremetal\libbaremetal_master.a(baremetal.o)
                0x20006240                arm_arch_install_isr_vector_table
 .text.__cs3_isr_irq
                0x200062b0       0x4c c:/users/nrasheed/open-amp-master/libs/system/cyclone_v_soc_dk/baremetal\libbaremetal_master.a(baremetal.o)
                0x200062b0                __cs3_isr_irq
 .text.__cs3_isr_fiq
                0x200062fc        0x8 c:/users/nrasheed/open-amp-master/libs/system/cyclone_v_soc_dk/baremetal\libbaremetal_master.a(baremetal.o)
                0x200062fc                __cs3_isr_fiq
 .text.get_cpu_id_arm
                0x20006304       0x34 c:/users/nrasheed/open-amp-master/libs/system/cyclone_v_soc_dk/baremetal\libbaremetal_master.a(baremetal.o)
 .text.restore_global_interrupts
                0x20006338       0x4c c:/users/nrasheed/open-amp-master/libs/system/cyclone_v_soc_dk/baremetal\libbaremetal_master.a(baremetal.o)
                0x20006338                restore_global_interrupts
 .text.disable_global_interrupts
                0x20006384       0x8c c:/users/nrasheed/open-amp-master/libs/system/cyclone_v_soc_dk/baremetal\libbaremetal_master.a(baremetal.o)
                0x20006384                disable_global_interrupts
 .text.init_arm_stacks
                0x20006410       0x58 c:/users/nrasheed/open-amp-master/libs/system/cyclone_v_soc_dk/baremetal\libbaremetal_master.a(baremetal.o)
                0x20006410                init_arm_stacks
 .text.arm_ar_mem_enable_mmu
                0x20006468      0x3b4 c:/users/nrasheed/open-amp-master/libs/system/cyclone_v_soc_dk/baremetal\libbaremetal_master.a(baremetal.o)
                0x20006468                arm_ar_mem_enable_mmu
 .text.arm_ar_map_mem_region
                0x2000681c      0x118 c:/users/nrasheed/open-amp-master/libs/system/cyclone_v_soc_dk/baremetal\libbaremetal_master.a(baremetal.o)
                0x2000681c                arm_ar_map_mem_region
 .text._fstat   0x20006934       0x28 c:/users/nrasheed/open-amp-master/libs/system/cyclone_v_soc_dk/baremetal\libbaremetal_master.a(baremetal.o)
                0x20006934                _fstat
 .text._isatty  0x2000695c       0x24 c:/users/nrasheed/open-amp-master/libs/system/cyclone_v_soc_dk/baremetal\libbaremetal_master.a(baremetal.o)
                0x2000695c                _isatty
 .text._lseek   0x20006980       0x2c c:/users/nrasheed/open-amp-master/libs/system/cyclone_v_soc_dk/baremetal\libbaremetal_master.a(baremetal.o)
                0x20006980                _lseek
 .text._close   0x200069ac       0x24 c:/users/nrasheed/open-amp-master/libs/system/cyclone_v_soc_dk/baremetal\libbaremetal_master.a(baremetal.o)
                0x200069ac                _close
 .text._read    0x200069d0       0x2c c:/users/nrasheed/open-amp-master/libs/system/cyclone_v_soc_dk/baremetal\libbaremetal_master.a(baremetal.o)
                0x200069d0                _read
 .text._write   0x200069fc       0x2c c:/users/nrasheed/open-amp-master/libs/system/cyclone_v_soc_dk/baremetal\libbaremetal_master.a(baremetal.o)
                0x200069fc                _write
 *fill*         0x20006a28        0x8 
 .text          0x20006a30      0x310 c:/mgc/embedded201406/readystart-arm/codebench/bin/../lib/gcc/arm-none-eabi/4.8.3/../../../../arm-none-eabi/lib\libc.a(lib_a-asm-memcpy.o)
                0x20006a30                memcpy
 .text          0x20006d40       0x40 c:/mgc/embedded201406/readystart-arm/codebench/bin/../lib/gcc/arm-none-eabi/4.8.3/../../../../arm-none-eabi/lib\libc.a(lib_a-malloc.o)
                0x20006d40                malloc
                0x20006d60                free
 .text          0x20006d80      0x5e4 c:/mgc/embedded201406/readystart-arm/codebench/bin/../lib/gcc/arm-none-eabi/4.8.3/../../../../arm-none-eabi/lib\libc.a(lib_a-mallocr.o)
                0x20006d80                _malloc_r
 .text          0x20007364      0x110 c:/mgc/embedded201406/readystart-arm/codebench/bin/../lib/gcc/arm-none-eabi/4.8.3/../../../../arm-none-eabi/lib\libc.a(lib_a-memset.o)
                0x20007364                memset
 .text          0x20007474        0x8 c:/mgc/embedded201406/readystart-arm/codebench/bin/../lib/gcc/arm-none-eabi/4.8.3/../../../../arm-none-eabi/lib\libc.a(lib_a-mlock.o)
                0x20007474                __malloc_lock
                0x20007478                __malloc_unlock
 .text          0x2000747c       0x40 c:/mgc/embedded201406/readystart-arm/codebench/bin/../lib/gcc/arm-none-eabi/4.8.3/../../../../arm-none-eabi/lib\libc.a(lib_a-printf.o)
                0x2000747c                printf
 .text.startup  0x200074bc       0x70 c:/mgc/embedded201406/readystart-arm/codebench/bin/../lib/gcc/arm-none-eabi/4.8.3/../../../../arm-none-eabi/lib\libc.a(lib_a-stdout.o)
 .text          0x2000752c      0x248 c:/mgc/embedded201406/readystart-arm/codebench/bin/../lib/gcc/arm-none-eabi/4.8.3/../../../../arm-none-eabi/lib\libc.a(lib_a-strcmp.o)
                0x2000752c                strcmp
 .text          0x20007774      0x160 c:/mgc/embedded201406/readystart-arm/codebench/bin/../lib/gcc/arm-none-eabi/4.8.3/../../../../arm-none-eabi/lib\libc.a(lib_a-strncmp.o)
                0x20007774                strncmp
 .text          0x200078d4       0xd4 c:/mgc/embedded201406/readystart-arm/codebench/bin/../lib/gcc/arm-none-eabi/4.8.3/../../../../arm-none-eabi/lib\libc.a(lib_a-strncpy.o)
                0x200078d4                strncpy
 .text          0x200079a8     0x163c c:/mgc/embedded201406/readystart-arm/codebench/bin/../lib/gcc/arm-none-eabi/4.8.3/../../../../arm-none-eabi/lib\libc.a(lib_a-vfprintf.o)
                0x200079a8                _vfprintf_r
                0x20008fb8                vfprintf
 .text          0x20008fe4       0x38 c:/mgc/embedded201406/readystart-arm/codebench/bin/../lib/gcc/arm-none-eabi/4.8.3/../../../../arm-none-eabi/lib\libc.a(lib_a-vfsprint.o)
                0x20008fe4                __sprint_r
 .text          0x2000901c       0xf8 c:/mgc/embedded201406/readystart-arm/codebench/bin/../lib/gcc/arm-none-eabi/4.8.3/../../../../arm-none-eabi/lib\libc.a(lib_a-wsetup.o)
                0x2000901c                __swsetup_r
 .text          0x20009114      0x400 c:/mgc/embedded201406/readystart-arm/codebench/bin/../lib/gcc/arm-none-eabi/4.8.3/../../../../arm-none-eabi/lib\libc.a(lib_a-__fpspecifierhelp.o)
                0x20009114                __handle_fp_specifiers
 .text          0x20009514     0x141c c:/mgc/embedded201406/readystart-arm/codebench/bin/../lib/gcc/arm-none-eabi/4.8.3/../../../../arm-none-eabi/lib\libc.a(lib_a-dtoa.o)
                0x200096c0                dtoa
 .text          0x2000a930      0x25c c:/mgc/embedded201406/readystart-arm/codebench/bin/../lib/gcc/arm-none-eabi/4.8.3/../../../../arm-none-eabi/lib\libc.a(lib_a-fflush.o)
                0x2000a930                _fflush_r
                0x2000ab58                fflush
 .text          0x2000ab8c      0x33c c:/mgc/embedded201406/readystart-arm/codebench/bin/../lib/gcc/arm-none-eabi/4.8.3/../../../../arm-none-eabi/lib\libc.a(lib_a-freer.o)
                0x2000ab8c                _malloc_trim_r
                0x2000ac7c                _free_r
 .text          0x2000aec8      0x3c0 c:/mgc/embedded201406/readystart-arm/codebench/bin/../lib/gcc/arm-none-eabi/4.8.3/../../../../arm-none-eabi/lib\libc.a(lib_a-fvwrite.o)
                0x2000aec8                __sfvwrite_r
 .text          0x2000b288       0x74 c:/mgc/embedded201406/readystart-arm/codebench/bin/../lib/gcc/arm-none-eabi/4.8.3/../../../../arm-none-eabi/lib\libc.a(lib_a-fwalk.o)
                0x2000b288                _fwalk_nonreent
 .text          0x2000b2fc       0xa8 c:/mgc/embedded201406/readystart-arm/codebench/bin/../lib/gcc/arm-none-eabi/4.8.3/../../../../arm-none-eabi/lib\libc.a(lib_a-locale.o)
                0x2000b2fc                setlocale
                0x2000b368                __locale_charset
                0x2000b374                __locale_mb_cur_max
                0x2000b384                __locale_msgcharset
                0x2000b390                __locale_cjk_lang
                0x2000b398                localeconv
 .text          0x2000b3a4       0xe8 c:/mgc/embedded201406/readystart-arm/codebench/bin/../lib/gcc/arm-none-eabi/4.8.3/../../../../arm-none-eabi/lib\libc.a(lib_a-makebuf.o)
                0x2000b3a4                __smakebuf_r
 .text          0x2000b48c      0x114 c:/mgc/embedded201406/readystart-arm/codebench/bin/../lib/gcc/arm-none-eabi/4.8.3/../../../../arm-none-eabi/lib\libc.a(lib_a-memchr.o)
                0x2000b48c                memchr
 .text          0x2000b5a0      0x134 c:/mgc/embedded201406/readystart-arm/codebench/bin/../lib/gcc/arm-none-eabi/4.8.3/../../../../arm-none-eabi/lib\libc.a(lib_a-memmove.o)
                0x2000b5a0                memmove
 .text          0x2000b6d4      0xbc0 c:/mgc/embedded201406/readystart-arm/codebench/bin/../lib/gcc/arm-none-eabi/4.8.3/../../../../arm-none-eabi/lib\libc.a(lib_a-mprec.o)
                0x2000b6d4                _Balloc
                0x2000b760                _Bfree
                0x2000b788                __multadd
                0x2000b844                __s2b
                0x2000b914                __hi0bits
                0x2000b978                __lo0bits
                0x2000ba0c                __i2b
                0x2000ba30                __multiply
                0x2000bbc8                __pow5mult
                0x2000bcac                __lshift
                0x2000bd94                __mcmp
                0x2000bdf4                __mdiff
                0x2000bf10                __ulp
                0x2000bf6c                __b2d
                0x2000c028                __d2b
                0x2000c128                __ratio
                0x2000c198                _mprec_log10
                0x2000c1e8                __copybits
                0x2000c228                __any_on
 .text          0x2000c294       0x2c c:/mgc/embedded201406/readystart-arm/codebench/bin/../lib/gcc/arm-none-eabi/4.8.3/../../../../arm-none-eabi/lib\libc.a(lib_a-s_isinf.o)
                0x2000c294                isinf
 .text          0x2000c2c0       0x20 c:/mgc/embedded201406/readystart-arm/codebench/bin/../lib/gcc/arm-none-eabi/4.8.3/../../../../arm-none-eabi/lib\libc.a(lib_a-s_isnan.o)
                0x2000c2c0                isnan
 .text          0x2000c2e0        0x8 c:/mgc/embedded201406/readystart-arm/codebench/bin/../lib/gcc/arm-none-eabi/4.8.3/../../../../arm-none-eabi/lib\libc.a(lib_a-sfplock.o)
                0x2000c2e0                __sfp_lock_acquire
                0x2000c2e4                __sfp_lock_release
 .text          0x2000c2e8       0x50 c:/mgc/embedded201406/readystart-arm/codebench/bin/../lib/gcc/arm-none-eabi/4.8.3/../../../../arm-none-eabi/lib\libc.a(lib_a-sinit.o)
                0x2000c2e8                __sinit
                0x2000c330                __sinit_lock_acquire
                0x2000c334                __sinit_lock_release
 .text          0x2000c338      0x154 c:/mgc/embedded201406/readystart-arm/codebench/bin/../lib/gcc/arm-none-eabi/4.8.3/../../../../arm-none-eabi/lib\libc.a(lib_a-stdio.o)
                0x2000c338                __sread
                0x2000c374                __sseek
                0x2000c3b0                __swrite
                0x2000c3fc                __sclose
                0x2000c410                _cslibc_global_std
 .text          0x2000c48c       0x60 c:/mgc/embedded201406/readystart-arm/codebench/bin/../lib/gcc/arm-none-eabi/4.8.3/../../../../arm-none-eabi/lib\libc.a(lib_a-strlen.o)
                0x2000c48c                strlen
 .text          0x2000c4ec      0x100 c:/mgc/embedded201406/readystart-arm/codebench/bin/../lib/gcc/arm-none-eabi/4.8.3/../../../../arm-none-eabi/lib\libc.a(lib_a-__stdiobufferinghelp.o)
                0x2000c4ec                __init_stdio_buffer
                0x2000c584                __alloc_stdio_buffer
                0x2000c5d8                __free_stdio_buffer
 .text          0x2000c5ec       0x1c c:/mgc/embedded201406/readystart-arm/codebench/bin/../lib/gcc/arm-none-eabi/4.8.3/../../../../arm-none-eabi/lib\libc.a(lib_a-_cleanup.o)
                0x2000c5ec                _cleanup_r
                0x2000c604                _cleanup
 .text          0x2000c608       0x28 c:/mgc/embedded201406/readystart-arm/codebench/bin/../lib/gcc/arm-none-eabi/4.8.3/../../../../arm-none-eabi/lib\libc.a(lib_a-calloc.o)
                0x2000c608                calloc
 .text          0x2000c630       0x90 c:/mgc/embedded201406/readystart-arm/codebench/bin/../lib/gcc/arm-none-eabi/4.8.3/../../../../arm-none-eabi/lib\libc.a(lib_a-callocr.o)
                0x2000c630                _calloc_r
 .text          0x2000c6c0       0xc4 c:/mgc/embedded201406/readystart-arm/codebench/bin/../lib/gcc/arm-none-eabi/4.8.3/../../../../arm-none-eabi/lib\libc.a(lib_a-fclose.o)
                0x2000c6c0                fclose
 .text          0x2000c784       0x4c c:/mgc/embedded201406/readystart-arm/codebench/bin/../lib/gcc/arm-none-eabi/4.8.3/../../../../arm-none-eabi/lib\libcs3.a(start_c.o)
                0x2000c784                __cs3_premain
 .text          0x2000c7d0       0x6c c:/mgc/embedded201406/readystart-arm/codebench/bin/../lib/gcc/arm-none-eabi/4.8.3/../../../../arm-none-eabi/lib\libcs3.a(cycloneV-dk-reset-ram.o)
 .text          0x2000c83c        0x4 c:/mgc/embedded201406/readystart-arm/codebench/bin/../lib/gcc/arm-none-eabi/4.8.3/../../../../arm-none-eabi/lib\libcs3arm.a(arm_isr_interrupt.o)
                0x2000c83c                __cs3_isr_reserved
                0x2000c83c                __cs3_isr_interrupt
 .text          0x2000c840        0x4 c:/mgc/embedded201406/readystart-arm/codebench/bin/../lib/gcc/arm-none-eabi/4.8.3/../../../../arm-none-eabi/lib\libcs3arm.a(arm_isr_undef.o)
                0x2000c840                __cs3_isr_undef
 .text          0x2000c844        0x4 c:/mgc/embedded201406/readystart-arm/codebench/bin/../lib/gcc/arm-none-eabi/4.8.3/../../../../arm-none-eabi/lib\libcs3arm.a(arm_isr_swi.o)
                0x2000c844                __cs3_isr_swi
 .text          0x2000c848        0x4 c:/mgc/embedded201406/readystart-arm/codebench/bin/../lib/gcc/arm-none-eabi/4.8.3/../../../../arm-none-eabi/lib\libcs3arm.a(arm_isr_pabort.o)
                0x2000c848                __cs3_isr_pabort
 .text          0x2000c84c        0x4 c:/mgc/embedded201406/readystart-arm/codebench/bin/../lib/gcc/arm-none-eabi/4.8.3/../../../../arm-none-eabi/lib\libcs3arm.a(arm_isr_dabort.o)
                0x2000c84c                __cs3_isr_dabort
 .text          0x2000c850       0x70 c:/mgc/embedded201406/readystart-arm/codebench/bin/../lib/gcc/arm-none-eabi/4.8.3/../../../../arm-none-eabi/lib\libcs3unhosted.a(unhosted-sbrk.o)
                0x2000c850                _sbrk
 .text          0x2000c8c0       0x34 c:/mgc/embedded201406/readystart-arm/codebench/bin/../lib/gcc/arm-none-eabi/4.8.3/../../../../arm-none-eabi/lib\libc.a(lib_a-errno.o)
                0x2000c8c0                __errno
                0x2000c8cc                _get_errno
                0x2000c8dc                _set_errno
 .text          0x2000c8f4       0x88 c:/mgc/embedded201406/readystart-arm/codebench/bin/../lib/gcc/arm-none-eabi/4.8.3/../../../../arm-none-eabi/lib\libc.a(lib_a-init.o)
                0x2000c8f4                __libc_init_array
 .text          0x2000c97c      0x114 c:/mgc/embedded201406/readystart-arm/codebench/bin/../lib/gcc/arm-none-eabi/4.8.3\libgcc.a(_udivsi3.o)
                0x2000c97c                __aeabi_uidiv
                0x2000c97c                __udivsi3
                0x2000ca70                __aeabi_uidivmod
 .text          0x2000ca90      0x148 c:/mgc/embedded201406/readystart-arm/codebench/bin/../lib/gcc/arm-none-eabi/4.8.3\libgcc.a(_divsi3.o)
                0x2000ca90                __divsi3
                0x2000ca90                __aeabi_idiv
                0x2000cbb8                __aeabi_idivmod
 .text          0x2000cbd8        0x4 c:/mgc/embedded201406/readystart-arm/codebench/bin/../lib/gcc/arm-none-eabi/4.8.3\libgcc.a(_dvmd_tls.o)
                0x2000cbd8                __aeabi_idiv0
                0x2000cbd8                __aeabi_ldiv0
 .text          0x2000cbdc      0x41c c:/mgc/embedded201406/readystart-arm/codebench/bin/../lib/gcc/arm-none-eabi/4.8.3\libgcc.a(_arm_addsubdf3.o)
                0x2000cbdc                __aeabi_drsub
                0x2000cbe4                __aeabi_dsub
                0x2000cbe4                __subdf3
                0x2000cbe8                __aeabi_dadd
                0x2000cbe8                __adddf3
                0x2000cef8                __floatunsidf
                0x2000cef8                __aeabi_ui2d
                0x2000cf1c                __floatsidf
                0x2000cf1c                __aeabi_i2d
                0x2000cf44                __aeabi_f2d
                0x2000cf44                __extendsfdf2
                0x2000cf84                __floatundidf
                0x2000cf84                __aeabi_ul2d
                0x2000cf98                __floatdidf
                0x2000cf98                __aeabi_l2d
 .text          0x2000cff8      0x49c c:/mgc/embedded201406/readystart-arm/codebench/bin/../lib/gcc/arm-none-eabi/4.8.3\libgcc.a(_arm_muldivdf3.o)
                0x2000cff8                __aeabi_dmul
                0x2000cff8                __muldf3
                0x2000d288                __divdf3
                0x2000d288                __aeabi_ddiv
 .text          0x2000d494      0x144 c:/mgc/embedded201406/readystart-arm/codebench/bin/../lib/gcc/arm-none-eabi/4.8.3\libgcc.a(_arm_cmpdf2.o)
                0x2000d494                __gtdf2
                0x2000d494                __gedf2
                0x2000d49c                __ltdf2
                0x2000d49c                __ledf2
                0x2000d4a4                __nedf2
                0x2000d4a4                __eqdf2
                0x2000d4a4                __cmpdf2
                0x2000d52c                __aeabi_cdrcmple
                0x2000d548                __aeabi_cdcmpeq
                0x2000d548                __aeabi_cdcmple
                0x2000d560                __aeabi_dcmpeq
                0x2000d578                __aeabi_dcmplt
                0x2000d590                __aeabi_dcmple
                0x2000d5a8                __aeabi_dcmpge
                0x2000d5c0                __aeabi_dcmpgt
 .text          0x2000d5d8       0x5c c:/mgc/embedded201406/readystart-arm/codebench/bin/../lib/gcc/arm-none-eabi/4.8.3\libgcc.a(_arm_fixdfsi.o)
                0x2000d5d8                __aeabi_d2iz
                0x2000d5d8                __fixdfsi
 .text          0x2000d634       0x3c c:/mgc/embedded201406/readystart-arm/codebench/bin/../lib/gcc/arm-none-eabi/4.8.3\libgcc.a(_aeabi_uldivmod.o)
                0x2000d634                __aeabi_uldivmod
 .text          0x2000d670       0x84 c:/mgc/embedded201406/readystart-arm/codebench/bin/../lib/gcc/arm-none-eabi/4.8.3\libgcc.a(bpabi.o)
                0x2000d670                __gnu_ldivmod_helper
                0x2000d6b4                __gnu_uldivmod_helper
 .text          0x2000d6f4      0x4d0 c:/mgc/embedded201406/readystart-arm/codebench/bin/../lib/gcc/arm-none-eabi/4.8.3\libgcc.a(_divdi3.o)
                0x2000d6f4                __divdi3
 .text          0x2000dbc4      0x470 c:/mgc/embedded201406/readystart-arm/codebench/bin/../lib/gcc/arm-none-eabi/4.8.3\libgcc.a(_udivdi3.o)
                0x2000dbc4                __udivdi3
 .text          0x2000e034       0x48 c:/mgc/embedded201406/readystart-arm/codebench/bin/../lib/gcc/arm-none-eabi/4.8.3\libgcc.a(_clzsi2.o)
                0x2000e034                __clzsi2
 *(.plt)
 *(.gnu.warning)
 *(.glue_7t)
 .glue_7t       0x00000000        0x0 linker stubs
 *(.glue_7)
 .glue_7        0x00000000        0x0 linker stubs
 *(.vfp11_veneer)
 .vfp11_veneer  0x00000000        0x0 linker stubs
 *(.ARM.extab* .gnu.linkonce.armextab.*)
 *(.gcc_except_table)

.v4_bx          0x2000e07c        0x0
 .v4_bx         0x00000000        0x0 linker stubs

.iplt           0x2000e07c        0x0
 .iplt          0x00000000        0x0 c:/mgc/embedded201406/readystart-arm/codebench/bin/../lib/gcc/arm-none-eabi/4.8.3/crtbegin.o

.eh_frame_hdr
 *(.eh_frame_hdr)
 *(.eh_frame_entry .eh_frame_entry.*)

.eh_frame       0x2000e07c        0x4
 *(.eh_frame)
 .eh_frame      0x2000e07c        0x0 c:/mgc/embedded201406/readystart-arm/codebench/bin/../lib/gcc/arm-none-eabi/4.8.3/crtbegin.o
 .eh_frame      0x2000e07c        0x4 c:/mgc/embedded201406/readystart-arm/codebench/bin/../lib/gcc/arm-none-eabi/4.8.3/crtend.o
 *(.eh_frame.*)
                0x2000e080                PROVIDE (__exidx_start, .)

.ARM.exidx      0x2000e080        0x8
 *(.ARM.exidx* .gnu.linkonce.armexidx.*)
 .ARM.exidx     0x2000e080        0x8 c:/mgc/embedded201406/readystart-arm/codebench/bin/../lib/gcc/arm-none-eabi/4.8.3\libgcc.a(_divdi3.o)
 .ARM.exidx     0x2000e088        0x0 c:/mgc/embedded201406/readystart-arm/codebench/bin/../lib/gcc/arm-none-eabi/4.8.3\libgcc.a(_udivdi3.o)
                                  0x8 (size before relaxing)
                0x2000e088                PROVIDE (__exidx_end, .)

.rel.dyn        0x2000e088        0x0
 .rel.iplt      0x00000000        0x0 c:/mgc/embedded201406/readystart-arm/codebench/bin/../lib/gcc/arm-none-eabi/4.8.3/crtbegin.o

.rodata         0x2000e088      0x398
 *(.rodata .rodata.* .gnu.linkonce.r.*)
 .rodata        0x2000e088       0x10 c:/users/nrasheed/open-amp-master/libs/open_amp\libopen_amp.a(rpmsg_core.o)
 .rodata        0x2000e098       0xc0 c:/users/nrasheed/open-amp-master/libs/open_amp\libopen_amp.a(virtqueue.o)
 .rodata.fw_table
                0x2000e158       0x50 c:/users/nrasheed/open-amp-master/libs/open_amp\libopen_amp.a(config.o)
                0x2000e158                fw_table
 .rodata        0x2000e1a8       0x38 c:/users/nrasheed/open-amp-master/libs/open_amp\libopen_amp.a(elf_loader.o)
 .rodata        0x2000e1e0       0x20 c:/mgc/embedded201406/readystart-arm/codebench/bin/../lib/gcc/arm-none-eabi/4.8.3/../../../../arm-none-eabi/lib\libc.a(lib_a-vfprintf.o)
 .rodata.str1.1
                0x2000e200       0x2a c:/mgc/embedded201406/readystart-arm/codebench/bin/../lib/gcc/arm-none-eabi/4.8.3/../../../../arm-none-eabi/lib\libc.a(lib_a-vfprintf.o)
 .rodata.str1.1
                0x2000e22a       0x10 c:/mgc/embedded201406/readystart-arm/codebench/bin/../lib/gcc/arm-none-eabi/4.8.3/../../../../arm-none-eabi/lib\libc.a(lib_a-__fpspecifierhelp.o)
 .rodata.str1.1
                0x2000e23a        0xd c:/mgc/embedded201406/readystart-arm/codebench/bin/../lib/gcc/arm-none-eabi/4.8.3/../../../../arm-none-eabi/lib\libc.a(lib_a-dtoa.o)
                                  0xf (size before relaxing)
 *fill*         0x2000e247        0x1 
 .rodata        0x2000e248       0x38 c:/mgc/embedded201406/readystart-arm/codebench/bin/../lib/gcc/arm-none-eabi/4.8.3/../../../../arm-none-eabi/lib\libc.a(lib_a-locale.o)
 .rodata.str1.1
                0x2000e280       0x10 c:/mgc/embedded201406/readystart-arm/codebench/bin/../lib/gcc/arm-none-eabi/4.8.3/../../../../arm-none-eabi/lib\libc.a(lib_a-locale.o)
                                 0x11 (size before relaxing)
 .rodata        0x2000e290      0x128 c:/mgc/embedded201406/readystart-arm/codebench/bin/../lib/gcc/arm-none-eabi/4.8.3/../../../../arm-none-eabi/lib\libc.a(lib_a-mprec.o)
                0x2000e2a0                __mprec_tens
                0x2000e368                __mprec_tinytens
                0x2000e390                __mprec_bigtens
                0x2000e3b8                . = ALIGN (0x4)
 *(.init)
 .init          0x2000e3b8        0xc c:/mgc/embedded201406/readystart-arm/codebench/bin/../lib/gcc/arm-none-eabi/4.8.3/crti.o
                0x2000e3b8                _init
 .init          0x2000e3c4        0xc c:/mgc/embedded201406/readystart-arm/codebench/bin/../lib/gcc/arm-none-eabi/4.8.3/crtn.o
                0x2000e3d0                . = ALIGN (0x4)
                0x2000e3d0                __preinit_array_start = .
 *(.preinit_array)
 .preinit_array
                0x2000e3d0        0x4 c:/mgc/embedded201406/readystart-arm/codebench/bin/../lib/gcc/arm-none-eabi/4.8.3/../../../../arm-none-eabi/lib\libcs3.a(cycloneV-dk-reset-ram.o)
                0x2000e3d4                __preinit_array_end = .
                0x2000e3d4                . = ALIGN (0x4)
                0x2000e3d4                __init_array_start = .
 *(SORT(.init_array.*))
 .init_array.00005
                0x2000e3d4        0x4 c:/mgc/embedded201406/readystart-arm/codebench/bin/../lib/gcc/arm-none-eabi/4.8.3/../../../../arm-none-eabi/lib\libc.a(lib_a-stdout.o)
 *(.init_array)
 .init_array    0x2000e3d8        0x4 c:/mgc/embedded201406/readystart-arm/codebench/bin/../lib/gcc/arm-none-eabi/4.8.3/crtbegin.o
                0x2000e3dc                __init_array_end = .
                0x2000e3dc                . = ALIGN (0x4)
 *(.fini)
 .fini          0x2000e3dc        0xc c:/mgc/embedded201406/readystart-arm/codebench/bin/../lib/gcc/arm-none-eabi/4.8.3/crti.o
                0x2000e3dc                _fini
 .fini          0x2000e3e8        0xc c:/mgc/embedded201406/readystart-arm/codebench/bin/../lib/gcc/arm-none-eabi/4.8.3/crtn.o
                0x2000e3f4                . = ALIGN (0x4)
                0x2000e3f4                __fini_array_start = .
 *(.fini_array)
 .fini_array    0x2000e3f4        0x4 c:/mgc/embedded201406/readystart-arm/codebench/bin/../lib/gcc/arm-none-eabi/4.8.3/crtbegin.o
 *(SORT(.fini_array.*))
                0x2000e3f8                __fini_array_end = .
                0x2000e3f8                . = ALIGN (0x4)
 *crtbegin.o(.ctors)
 *(EXCLUDE_FILE(*crtend.o) .ctors)
 *(SORT(.ctors.*))
 *crtend.o(.ctors)
                0x2000e3f8                . = ALIGN (0x4)
 *crtbegin.o(.dtors)
 *(EXCLUDE_FILE(*crtend.o) .dtors)
 *(SORT(.dtors.*))
 *crtend.o(.dtors)
                0x2000e3f8                . = ALIGN (0x4)
                0x2000e3f8                __cs3_regions = .
                0x2000e3f8        0x4 LONG 0x0
                0x2000e3fc        0x4 LONG 0xffff0000 __cs3_region_init_oc_ram
                0x2000e400        0x4 LONG 0xffff0000 __cs3_region_start_oc_ram
                0x2000e404        0x4 LONG 0x0 __cs3_region_init_size_oc_ram
                0x2000e408        0x4 LONG 0x0 __cs3_region_zero_size_oc_ram
                0x2000e40c        0x4 LONG 0x0
                0x2000e410        0x4 LONG 0x20000000 __cs3_region_init_ram
                0x2000e414        0x4 LONG 0x20000000 __cs3_region_start_ram
                0x2000e418        0x4 LONG 0xe9c8 __cs3_region_init_size_ram
                0x2000e41c        0x4 LONG 0x2160 __cs3_region_zero_size_ram
                0x2000e420                __cs3_regions_end = .
                0x2000e420                . = ALIGN (0x8)
                0x2000e420                _etext = .
                0x00000001                ASSERT (! ((__cs3_region_init_oc_ram & 0x7)), __cs3_region_init_oc_ram not aligned)
                0x00000001                ASSERT (! ((__cs3_region_start_oc_ram & 0x7)), __cs3_region_start_oc_ram not aligned)
                0x00000001                ASSERT (! ((__cs3_region_init_size_oc_ram & 0x7)), __cs3_region_init_size_oc_ram not aligned)
                0x00000001                ASSERT (! ((__cs3_region_zero_size_oc_ram & 0x7)), __cs3_region_zero_size_oc_ram not aligned)
                0x00000001                ASSERT (! ((__cs3_region_init_ram & 0x7)), __cs3_region_init_ram not aligned)
                0x00000001                ASSERT (! ((__cs3_region_start_ram & 0x7)), __cs3_region_start_ram not aligned)
                0x00000001                ASSERT (! ((__cs3_region_init_size_ram & 0x7)), __cs3_region_init_size_ram not aligned)
                0x00000001                ASSERT (! ((__cs3_region_zero_size_ram & 0x7)), __cs3_region_zero_size_ram not aligned)

.cs3.boot_rom   0xfffd0000        0x0
                0xfffd0000                __cs3_region_start_boot_rom = .
 *(.cs3.region-head.boot_rom)
 *(.boot_rom)
                0xfffd0000                . = ALIGN (0x8)

.cs3.boot_rom.bss
                0xfffd0000        0x0
 *(.boot_rom.b .bss.boot_rom)
                0xfffd0000                . = ALIGN (0x8)
                0xfffe0000                __cs3_region_end_boot_rom = (__cs3_region_start_boot_rom + 0x10000)
                0x00010000                __cs3_region_size_boot_rom = 0x10000
                0xfffd0000                __cs3_region_init_boot_rom = LOADADDR (.cs3.boot_rom)
                0x00000000                __cs3_region_init_size_boot_rom = (LOADADDR (.cs3.boot_rom.bss) - LOADADDR (.cs3.boot_rom))
                0x00000000                __cs3_region_zero_size_boot_rom = SIZEOF (.cs3.boot_rom.bss)

.cs3.oc_ram     0xffff0000        0x0
                0xffff0000                __cs3_region_start_oc_ram = .
 *(.cs3.region-head.oc_ram)
 *(.oc_ram)
                0xffff0000                . = ALIGN (0x8)

.cs3.oc_ram.bss
                0xffff0000        0x0
 *(.oc_ram.b .bss.oc_ram)
                0xffff0000                . = ALIGN (0x8)
                0x00000000                __cs3_region_end_oc_ram = (__cs3_region_start_oc_ram + 0x10000)
                0x00010000                __cs3_region_size_oc_ram = 0x10000
                0xffff0000                __cs3_region_init_oc_ram = LOADADDR (.cs3.oc_ram)
                0x00000000                __cs3_region_init_size_oc_ram = (LOADADDR (.cs3.oc_ram.bss) - LOADADDR (.cs3.oc_ram))
                0x00000000                __cs3_region_zero_size_oc_ram = SIZEOF (.cs3.oc_ram.bss)

.data           0x2000e420      0x5a8
 *(.jcr)
 .jcr           0x2000e420        0x0 c:/mgc/embedded201406/readystart-arm/codebench/bin/../lib/gcc/arm-none-eabi/4.8.3/crtbegin.o
 .jcr           0x2000e420        0x4 c:/mgc/embedded201406/readystart-arm/codebench/bin/../lib/gcc/arm-none-eabi/4.8.3/crtend.o
 *(.got.plt)
 *(.got)
 *(.shdata)
 *(.data .data.* .gnu.linkonce.d.*)
 .data.fw_name  0x2000e424        0xc tests/master/baremetal/echo_test/echo_test.o
                0x2000e424                fw_name
 .data.rsc_handler_table
                0x2000e430       0x14 c:/users/nrasheed/open-amp-master/libs/open_amp\libopen_amp.a(rsc_table_parser.o)
                0x2000e430                rsc_handler_table
 .data.proc_table
                0x2000e444      0x120 c:/users/nrasheed/open-amp-master/libs/open_amp\libopen_amp.a(platform_info.o)
                0x2000e444                proc_table
 .data.Intr_Enable_Flag
                0x2000e564        0x4 c:/users/nrasheed/open-amp-master/libs/open_amp\libopen_amp.a(bm_env.o)
                0x2000e564                Intr_Enable_Flag
 .data.rpmsg_rdev_config_ops
                0x2000e568       0x24 c:/users/nrasheed/open-amp-master/libs/open_amp\libopen_amp.a(remote_device.o)
                0x2000e568                rpmsg_rdev_config_ops
 .data.proc_ops
                0x2000e58c       0x18 c:/users/nrasheed/open-amp-master/libs/open_amp\libopen_amp.a(platform.o)
                0x2000e58c                proc_ops
 .data          0x2000e5a4      0x410 c:/mgc/embedded201406/readystart-arm/codebench/bin/../lib/gcc/arm-none-eabi/4.8.3/../../../../arm-none-eabi/lib\libc.a(lib_a-mallocr.o)
                0x2000e5a4                __malloc_av_
                0x2000e9ac                __malloc_sbrk_base
                0x2000e9b0                __malloc_trim_threshold
 .data          0x2000e9b4        0x4 c:/mgc/embedded201406/readystart-arm/codebench/bin/../lib/gcc/arm-none-eabi/4.8.3/../../../../arm-none-eabi/lib\libc.a(lib_a-impure.o)
                0x2000e9b4                _csl_impure_ptr
 .data          0x2000e9b8        0x4 c:/mgc/embedded201406/readystart-arm/codebench/bin/../lib/gcc/arm-none-eabi/4.8.3/../../../../arm-none-eabi/lib\libc.a(lib_a-locale.o)
                0x2000e9b8                __mb_cur_max
 .data          0x2000e9bc        0x4 c:/mgc/embedded201406/readystart-arm/codebench/bin/../lib/gcc/arm-none-eabi/4.8.3/../../../../arm-none-eabi/lib\libcs3unhosted.a(unhosted-sbrk.o)
 .data          0x2000e9c0        0x4 c:/mgc/embedded201406/readystart-arm/codebench/bin/../lib/gcc/arm-none-eabi/4.8.3/../../../../arm-none-eabi/lib\libcs3.a(heap.o)
                0x2000e9c0                __cs3_heap_limit
                0x2000e9c8                . = ALIGN (0x8)
 *fill*         0x2000e9c4        0x4 
 *(.ram)
                0x2000e9c8                . = ALIGN (0x8)
                0x2000e9c8                _edata = .

.tm_clone_table
                0x2000e9c8        0x0
 .tm_clone_table
                0x2000e9c8        0x0 c:/mgc/embedded201406/readystart-arm/codebench/bin/../lib/gcc/arm-none-eabi/4.8.3/crtbegin.o
 .tm_clone_table
                0x2000e9c8        0x0 c:/mgc/embedded201406/readystart-arm/codebench/bin/../lib/gcc/arm-none-eabi/4.8.3/crtend.o

.igot.plt       0x2000e9c8        0x0
 .igot.plt      0x00000000        0x0 c:/mgc/embedded201406/readystart-arm/codebench/bin/../lib/gcc/arm-none-eabi/4.8.3/crtbegin.o

.bss            0x2000e9c8     0x2160
 *(.shbss)
 *(.bss .bss.* .gnu.linkonce.b.*)
 .bss           0x2000e9c8       0x1c c:/mgc/embedded201406/readystart-arm/codebench/bin/../lib/gcc/arm-none-eabi/4.8.3/crtbegin.o
 .bss.app_rp_chnl
                0x2000e9e4        0x4 tests/master/baremetal/echo_test/echo_test.o
 .bss.rp_ept    0x2000e9e8        0x4 tests/master/baremetal/echo_test/echo_test.o
 .bss.shutdown_called
                0x2000e9ec        0x4 tests/master/baremetal/echo_test/echo_test.o
 .bss.procs     0x2000e9f0        0x4 c:/users/nrasheed/open-amp-master/libs/open_amp\libopen_amp.a(hil.o)
                0x2000e9f0                procs
 .bss.isr_table
                0x2000e9f4       0x50 c:/users/nrasheed/open-amp-master/libs/open_amp\libopen_amp.a(bm_env.o)
                0x2000e9f4                isr_table
 .bss.Intr_Count
                0x2000ea44        0x4 c:/users/nrasheed/open-amp-master/libs/open_amp\libopen_amp.a(bm_env.o)
                0x2000ea44                Intr_Count
 .bss.ARM_AR_ISR_IRQ_Data
                0x2000ea48      0x800 c:/users/nrasheed/open-amp-master/libs/system/cyclone_v_soc_dk/baremetal\libbaremetal_master.a(baremetal.o)
                0x2000ea48                ARM_AR_ISR_IRQ_Data
 .bss.ARM_AR_ISR_FIQ_Data
                0x2000f248      0x800 c:/users/nrasheed/open-amp-master/libs/system/cyclone_v_soc_dk/baremetal\libbaremetal_master.a(baremetal.o)
                0x2000f248                ARM_AR_ISR_FIQ_Data
 .bss.ARM_AR_ISR_SUP_Stack
                0x2000fa48      0x800 c:/users/nrasheed/open-amp-master/libs/system/cyclone_v_soc_dk/baremetal\libbaremetal_master.a(baremetal.o)
                0x2000fa48                ARM_AR_ISR_SUP_Stack
 .bss.ARM_AR_ISR_SYS_Stack
                0x20010248      0x800 c:/users/nrasheed/open-amp-master/libs/system/cyclone_v_soc_dk/baremetal\libbaremetal_master.a(baremetal.o)
                0x20010248                ARM_AR_ISR_SYS_Stack
 .bss.old_value
                0x20010a48        0x4 c:/users/nrasheed/open-amp-master/libs/system/cyclone_v_soc_dk/baremetal\libbaremetal_master.a(baremetal.o)
                0x20010a48                old_value
 .bss           0x20010a4c       0x34 c:/mgc/embedded201406/readystart-arm/codebench/bin/../lib/gcc/arm-none-eabi/4.8.3/../../../../arm-none-eabi/lib\libc.a(lib_a-mallocr.o)
                0x20010a4c                __malloc_top_pad
                0x20010a50                __malloc_current_mallinfo
                0x20010a78                __malloc_max_sbrked_mem
                0x20010a7c                __malloc_max_total_mem
 .bss           0x20010a80       0x7c c:/mgc/embedded201406/readystart-arm/codebench/bin/../lib/gcc/arm-none-eabi/4.8.3/../../../../arm-none-eabi/lib\libc.a(lib_a-stdout.o)
                0x20010a80                _cslibc_global__stdout
                0x20010aec                __stdout
 .bss           0x20010afc        0x8 c:/mgc/embedded201406/readystart-arm/codebench/bin/../lib/gcc/arm-none-eabi/4.8.3/../../../../arm-none-eabi/lib\libc.a(lib_a-cleanupg.o)
                0x20010afc                _cslibc_global___cleanup
                0x20010b00                _cslibc_global___sdidinit
 .bss           0x20010b04       0x10 c:/mgc/embedded201406/readystart-arm/codebench/bin/../lib/gcc/arm-none-eabi/4.8.3/../../../../arm-none-eabi/lib\libc.a(lib_a-dtoag.o)
                0x20010b04                _cslibc_global__freelist
                0x20010b08                _cslibc_global__p5s
                0x20010b0c                _cslibc_global__result_k
                0x20010b10                _cslibc_global__result
 .bss           0x20010b14        0x4 c:/mgc/embedded201406/readystart-arm/codebench/bin/../lib/gcc/arm-none-eabi/4.8.3/../../../../arm-none-eabi/lib\libc.a(lib_a-errnog.o)
                0x20010b14                _cslibc_global__errno
 .bss           0x20010b18        0x0 c:/mgc/embedded201406/readystart-arm/codebench/bin/../lib/gcc/arm-none-eabi/4.8.3/../../../../arm-none-eabi/lib\libc.a(lib_a-impure.o)
 .bss           0x20010b18        0xc c:/mgc/embedded201406/readystart-arm/codebench/bin/../lib/gcc/arm-none-eabi/4.8.3/../../../../arm-none-eabi/lib\libc.a(lib_a-sglueg.o)
                0x20010b18                _cslibc_global___sglue
 *(COMMON)
                0x20010b28                . = ALIGN (0x8)
 *fill*         0x20010b24        0x4 
 *(.ram.b .bss.ram)
                0x20010b28                . = ALIGN (0x8)
                0x20010b28                _end = .
                0x20010b28                __end = .
                0x3ff00000                __cs3_region_end_ram = (__cs3_region_start_ram + 0x1ff00000)
                0x1ff00000                __cs3_region_size_ram = 0x1ff00000
                0x20000000                __cs3_region_init_ram = LOADADDR (.text)
                0x0000e9c8                __cs3_region_init_size_ram = (_edata - ADDR (.text))
                0x00002160                __cs3_region_zero_size_ram = (_end - _edata)

.stab
 *(.stab)

.stabstr
 *(.stabstr)

.debug
 *(.debug)

.line
 *(.line)

.debug_srcinfo
 *(.debug_srcinfo)

.debug_sfnames
 *(.debug_sfnames)

.debug_aranges  0x00000000      0xad0
 *(.debug_aranges)
 .debug_aranges
                0x00000000       0x50 tests/master/baremetal/echo_test/echo_test.o
 .debug_aranges
                0x00000050       0x48 c:/users/nrasheed/open-amp-master/libs/open_amp\libopen_amp.a(remoteproc.o)
 .debug_aranges
                0x00000098       0x50 c:/users/nrasheed/open-amp-master/libs/open_amp\libopen_amp.a(remoteproc_loader.o)
 .debug_aranges
                0x000000e8       0x50 c:/users/nrasheed/open-amp-master/libs/open_amp\libopen_amp.a(rsc_table_parser.o)
 .debug_aranges
                0x00000138       0x58 c:/users/nrasheed/open-amp-master/libs/open_amp\libopen_amp.a(rpmsg.o)
 .debug_aranges
                0x00000190       0xb0 c:/users/nrasheed/open-amp-master/libs/open_amp\libopen_amp.a(rpmsg_core.o)
 .debug_aranges
                0x00000240       0xd8 c:/users/nrasheed/open-amp-master/libs/open_amp\libopen_amp.a(virtqueue.o)
 .debug_aranges
                0x00000318       0x98 c:/users/nrasheed/open-amp-master/libs/open_amp\libopen_amp.a(hil.o)
 .debug_aranges
                0x000003b0       0x28 c:/users/nrasheed/open-amp-master/libs/open_amp\libopen_amp.a(llist.o)
 .debug_aranges
                0x000003d8       0x40 c:/users/nrasheed/open-amp-master/libs/open_amp\libopen_amp.a(sh_mem.o)
 .debug_aranges
                0x00000418       0x20 c:/users/nrasheed/open-amp-master/libs/open_amp\libopen_amp.a(config.o)
 .debug_aranges
                0x00000438       0x28 c:/users/nrasheed/open-amp-master/libs/open_amp\libopen_amp.a(platform_info.o)
 .debug_aranges
                0x00000460      0x130 c:/users/nrasheed/open-amp-master/libs/open_amp\libopen_amp.a(bm_env.o)
 .debug_aranges
                0x00000590       0xa0 c:/users/nrasheed/open-amp-master/libs/open_amp\libopen_amp.a(elf_loader.o)
 .debug_aranges
                0x00000630       0xa0 c:/users/nrasheed/open-amp-master/libs/open_amp\libopen_amp.a(remote_device.o)
 .debug_aranges
                0x000006d0       0x40 c:/users/nrasheed/open-amp-master/libs/open_amp\libopen_amp.a(platform.o)
 .debug_aranges
                0x00000710       0x20 c:/users/nrasheed/open-amp-master/libs/open_amp\libopen_amp.a(cyclone_trampoline.o)
 .debug_aranges
                0x00000730       0xb8 c:/users/nrasheed/open-amp-master/libs/system/cyclone_v_soc_dk/baremetal\libbaremetal_master.a(baremetal.o)
 .debug_aranges
                0x000007e8       0x28 c:/mgc/embedded201406/readystart-arm/codebench/bin/../lib/gcc/arm-none-eabi/4.8.3/../../../../arm-none-eabi/lib\libcs3.a(start_c.o)
 .debug_aranges
                0x00000810       0x28 c:/mgc/embedded201406/readystart-arm/codebench/bin/../lib/gcc/arm-none-eabi/4.8.3/../../../../arm-none-eabi/lib\libcs3.a(cycloneV-dk-reset-ram.o)
 .debug_aranges
                0x00000838       0x20 c:/mgc/embedded201406/readystart-arm/codebench/bin/../lib/gcc/arm-none-eabi/4.8.3/../../../../arm-none-eabi/lib\libcs3arm.a(arm-vector.o)
 .debug_aranges
                0x00000858       0x20 c:/mgc/embedded201406/readystart-arm/codebench/bin/../lib/gcc/arm-none-eabi/4.8.3/../../../../arm-none-eabi/lib\libcs3arm.a(arm_isr_interrupt.o)
 .debug_aranges
                0x00000878       0x20 c:/mgc/embedded201406/readystart-arm/codebench/bin/../lib/gcc/arm-none-eabi/4.8.3/../../../../arm-none-eabi/lib\libcs3arm.a(arm_isr_undef.o)
 .debug_aranges
                0x00000898       0x20 c:/mgc/embedded201406/readystart-arm/codebench/bin/../lib/gcc/arm-none-eabi/4.8.3/../../../../arm-none-eabi/lib\libcs3arm.a(arm_isr_swi.o)
 .debug_aranges
                0x000008b8       0x20 c:/mgc/embedded201406/readystart-arm/codebench/bin/../lib/gcc/arm-none-eabi/4.8.3/../../../../arm-none-eabi/lib\libcs3arm.a(arm_isr_pabort.o)
 .debug_aranges
                0x000008d8       0x20 c:/mgc/embedded201406/readystart-arm/codebench/bin/../lib/gcc/arm-none-eabi/4.8.3/../../../../arm-none-eabi/lib\libcs3arm.a(arm_isr_dabort.o)
 .debug_aranges
                0x000008f8       0x20 c:/mgc/embedded201406/readystart-arm/codebench/bin/../lib/gcc/arm-none-eabi/4.8.3/../../../../arm-none-eabi/lib\libcs3unhosted.a(unhosted-sbrk.o)
 .debug_aranges
                0x00000918       0x20 c:/mgc/embedded201406/readystart-arm/codebench/bin/../lib/gcc/arm-none-eabi/4.8.3/../../../../arm-none-eabi/lib\libcs3unhosted.a(unhosted-start.o)
 .debug_aranges
                0x00000938       0x18 c:/mgc/embedded201406/readystart-arm/codebench/bin/../lib/gcc/arm-none-eabi/4.8.3/../../../../arm-none-eabi/lib\libcs3.a(heap.o)
 .debug_aranges
                0x00000950       0x20 c:/mgc/embedded201406/readystart-arm/codebench/bin/../lib/gcc/arm-none-eabi/4.8.3\libgcc.a(_udivsi3.o)
 .debug_aranges
                0x00000970       0x20 c:/mgc/embedded201406/readystart-arm/codebench/bin/../lib/gcc/arm-none-eabi/4.8.3\libgcc.a(_divsi3.o)
 .debug_aranges
                0x00000990       0x20 c:/mgc/embedded201406/readystart-arm/codebench/bin/../lib/gcc/arm-none-eabi/4.8.3\libgcc.a(_dvmd_tls.o)
 .debug_aranges
                0x000009b0       0x20 c:/mgc/embedded201406/readystart-arm/codebench/bin/../lib/gcc/arm-none-eabi/4.8.3\libgcc.a(_arm_addsubdf3.o)
 .debug_aranges
                0x000009d0       0x20 c:/mgc/embedded201406/readystart-arm/codebench/bin/../lib/gcc/arm-none-eabi/4.8.3\libgcc.a(_arm_muldivdf3.o)
 .debug_aranges
                0x000009f0       0x20 c:/mgc/embedded201406/readystart-arm/codebench/bin/../lib/gcc/arm-none-eabi/4.8.3\libgcc.a(_arm_cmpdf2.o)
 .debug_aranges
                0x00000a10       0x20 c:/mgc/embedded201406/readystart-arm/codebench/bin/../lib/gcc/arm-none-eabi/4.8.3\libgcc.a(_arm_fixdfsi.o)
 .debug_aranges
                0x00000a30       0x20 c:/mgc/embedded201406/readystart-arm/codebench/bin/../lib/gcc/arm-none-eabi/4.8.3\libgcc.a(_aeabi_uldivmod.o)
 .debug_aranges
                0x00000a50       0x20 c:/mgc/embedded201406/readystart-arm/codebench/bin/../lib/gcc/arm-none-eabi/4.8.3\libgcc.a(bpabi.o)
 .debug_aranges
                0x00000a70       0x20 c:/mgc/embedded201406/readystart-arm/codebench/bin/../lib/gcc/arm-none-eabi/4.8.3\libgcc.a(_divdi3.o)
 .debug_aranges
                0x00000a90       0x20 c:/mgc/embedded201406/readystart-arm/codebench/bin/../lib/gcc/arm-none-eabi/4.8.3\libgcc.a(_udivdi3.o)
 .debug_aranges
                0x00000ab0       0x20 c:/mgc/embedded201406/readystart-arm/codebench/bin/../lib/gcc/arm-none-eabi/4.8.3\libgcc.a(_clzsi2.o)

.debug_pubnames
 *(.debug_pubnames)

.debug_info     0x00000000     0xd3b8
 *(.debug_info .gnu.linkonce.wi.*)
 .debug_info    0x00000000      0xe06 tests/master/baremetal/echo_test/echo_test.o
 .debug_info    0x00000e06      0xfd0 c:/users/nrasheed/open-amp-master/libs/open_amp\libopen_amp.a(remoteproc.o)
 .debug_info    0x00001dd6      0x319 c:/users/nrasheed/open-amp-master/libs/open_amp\libopen_amp.a(remoteproc_loader.o)
 .debug_info    0x000020ef     0x10c2 c:/users/nrasheed/open-amp-master/libs/open_amp\libopen_amp.a(rsc_table_parser.o)
 .debug_info    0x000031b1      0xf30 c:/users/nrasheed/open-amp-master/libs/open_amp\libopen_amp.a(rpmsg.o)
 .debug_info    0x000040e1     0x1481 c:/users/nrasheed/open-amp-master/libs/open_amp\libopen_amp.a(rpmsg_core.o)
 .debug_info    0x00005562      0xce3 c:/users/nrasheed/open-amp-master/libs/open_amp\libopen_amp.a(virtqueue.o)
 .debug_info    0x00006245      0xd04 c:/users/nrasheed/open-amp-master/libs/open_amp\libopen_amp.a(hil.o)
 .debug_info    0x00006f49       0xf2 c:/users/nrasheed/open-amp-master/libs/open_amp\libopen_amp.a(llist.o)
 .debug_info    0x0000703b      0x2ed c:/users/nrasheed/open-amp-master/libs/open_amp\libopen_amp.a(sh_mem.o)
 .debug_info    0x00007328      0x180 c:/users/nrasheed/open-amp-master/libs/open_amp\libopen_amp.a(config.o)
 .debug_info    0x000074a8      0x945 c:/users/nrasheed/open-amp-master/libs/open_amp\libopen_amp.a(platform_info.o)
 .debug_info    0x00007ded      0x960 c:/users/nrasheed/open-amp-master/libs/open_amp\libopen_amp.a(bm_env.o)
 .debug_info    0x0000874d      0xa93 c:/users/nrasheed/open-amp-master/libs/open_amp\libopen_amp.a(elf_loader.o)
 .debug_info    0x000091e0     0x1226 c:/users/nrasheed/open-amp-master/libs/open_amp\libopen_amp.a(remote_device.o)
 .debug_info    0x0000a406      0x8c1 c:/users/nrasheed/open-amp-master/libs/open_amp\libopen_amp.a(platform.o)
 .debug_info    0x0000acc7       0x79 c:/users/nrasheed/open-amp-master/libs/open_amp\libopen_amp.a(cyclone_trampoline.o)
 .debug_info    0x0000ad40      0x928 c:/users/nrasheed/open-amp-master/libs/system/cyclone_v_soc_dk/baremetal\libbaremetal_master.a(baremetal.o)
 .debug_info    0x0000b668      0x231 c:/mgc/embedded201406/readystart-arm/codebench/bin/../lib/gcc/arm-none-eabi/4.8.3/../../../../arm-none-eabi/lib\libcs3.a(start_c.o)
 .debug_info    0x0000b899       0xe3 c:/mgc/embedded201406/readystart-arm/codebench/bin/../lib/gcc/arm-none-eabi/4.8.3/../../../../arm-none-eabi/lib\libcs3.a(cycloneV-dk-reset-ram.o)
 .debug_info    0x0000b97c       0xdc c:/mgc/embedded201406/readystart-arm/codebench/bin/../lib/gcc/arm-none-eabi/4.8.3/../../../../arm-none-eabi/lib\libcs3arm.a(arm-vector.o)
 .debug_info    0x0000ba58       0xda c:/mgc/embedded201406/readystart-arm/codebench/bin/../lib/gcc/arm-none-eabi/4.8.3/../../../../arm-none-eabi/lib\libcs3arm.a(arm_isr_interrupt.o)
 .debug_info    0x0000bb32       0xda c:/mgc/embedded201406/readystart-arm/codebench/bin/../lib/gcc/arm-none-eabi/4.8.3/../../../../arm-none-eabi/lib\libcs3arm.a(arm_isr_undef.o)
 .debug_info    0x0000bc0c       0xda c:/mgc/embedded201406/readystart-arm/codebench/bin/../lib/gcc/arm-none-eabi/4.8.3/../../../../arm-none-eabi/lib\libcs3arm.a(arm_isr_swi.o)
 .debug_info    0x0000bce6       0xda c:/mgc/embedded201406/readystart-arm/codebench/bin/../lib/gcc/arm-none-eabi/4.8.3/../../../../arm-none-eabi/lib\libcs3arm.a(arm_isr_pabort.o)
 .debug_info    0x0000bdc0       0xda c:/mgc/embedded201406/readystart-arm/codebench/bin/../lib/gcc/arm-none-eabi/4.8.3/../../../../arm-none-eabi/lib\libcs3arm.a(arm_isr_dabort.o)
 .debug_info    0x0000be9a       0xfb c:/mgc/embedded201406/readystart-arm/codebench/bin/../lib/gcc/arm-none-eabi/4.8.3/../../../../arm-none-eabi/lib\libcs3unhosted.a(unhosted-sbrk.o)
 .debug_info    0x0000bf95       0xd7 c:/mgc/embedded201406/readystart-arm/codebench/bin/../lib/gcc/arm-none-eabi/4.8.3/../../../../arm-none-eabi/lib\libcs3unhosted.a(unhosted-start.o)
 .debug_info    0x0000c06c       0x3f c:/mgc/embedded201406/readystart-arm/codebench/bin/../lib/gcc/arm-none-eabi/4.8.3/../../../../arm-none-eabi/lib\libcs3.a(heap.o)
 .debug_info    0x0000c0ab       0xb6 c:/mgc/embedded201406/readystart-arm/codebench/bin/../lib/gcc/arm-none-eabi/4.8.3\libgcc.a(_udivsi3.o)
 .debug_info    0x0000c161       0xb6 c:/mgc/embedded201406/readystart-arm/codebench/bin/../lib/gcc/arm-none-eabi/4.8.3\libgcc.a(_divsi3.o)
 .debug_info    0x0000c217       0xb6 c:/mgc/embedded201406/readystart-arm/codebench/bin/../lib/gcc/arm-none-eabi/4.8.3\libgcc.a(_dvmd_tls.o)
 .debug_info    0x0000c2cd       0xb7 c:/mgc/embedded201406/readystart-arm/codebench/bin/../lib/gcc/arm-none-eabi/4.8.3\libgcc.a(_arm_addsubdf3.o)
 .debug_info    0x0000c384       0xb7 c:/mgc/embedded201406/readystart-arm/codebench/bin/../lib/gcc/arm-none-eabi/4.8.3\libgcc.a(_arm_muldivdf3.o)
 .debug_info    0x0000c43b       0xb7 c:/mgc/embedded201406/readystart-arm/codebench/bin/../lib/gcc/arm-none-eabi/4.8.3\libgcc.a(_arm_cmpdf2.o)
 .debug_info    0x0000c4f2       0xb7 c:/mgc/embedded201406/readystart-arm/codebench/bin/../lib/gcc/arm-none-eabi/4.8.3\libgcc.a(_arm_fixdfsi.o)
 .debug_info    0x0000c5a9       0xb2 c:/mgc/embedded201406/readystart-arm/codebench/bin/../lib/gcc/arm-none-eabi/4.8.3\libgcc.a(_aeabi_uldivmod.o)
 .debug_info    0x0000c65b      0x160 c:/mgc/embedded201406/readystart-arm/codebench/bin/../lib/gcc/arm-none-eabi/4.8.3\libgcc.a(bpabi.o)
 .debug_info    0x0000c7bb      0x5c4 c:/mgc/embedded201406/readystart-arm/codebench/bin/../lib/gcc/arm-none-eabi/4.8.3\libgcc.a(_divdi3.o)
 .debug_info    0x0000cd7f      0x583 c:/mgc/embedded201406/readystart-arm/codebench/bin/../lib/gcc/arm-none-eabi/4.8.3\libgcc.a(_udivdi3.o)
 .debug_info    0x0000d302       0xb6 c:/mgc/embedded201406/readystart-arm/codebench/bin/../lib/gcc/arm-none-eabi/4.8.3\libgcc.a(_clzsi2.o)

.debug_abbrev   0x00000000     0x2336
 *(.debug_abbrev)
 .debug_abbrev  0x00000000      0x1ca tests/master/baremetal/echo_test/echo_test.o
 .debug_abbrev  0x000001ca      0x18a c:/users/nrasheed/open-amp-master/libs/open_amp\libopen_amp.a(remoteproc.o)
 .debug_abbrev  0x00000354       0xdb c:/users/nrasheed/open-amp-master/libs/open_amp\libopen_amp.a(remoteproc_loader.o)
 .debug_abbrev  0x0000042f      0x19b c:/users/nrasheed/open-amp-master/libs/open_amp\libopen_amp.a(rsc_table_parser.o)
 .debug_abbrev  0x000005ca      0x1e9 c:/users/nrasheed/open-amp-master/libs/open_amp\libopen_amp.a(rpmsg.o)
 .debug_abbrev  0x000007b3      0x239 c:/users/nrasheed/open-amp-master/libs/open_amp\libopen_amp.a(rpmsg_core.o)
 .debug_abbrev  0x000009ec      0x23f c:/users/nrasheed/open-amp-master/libs/open_amp\libopen_amp.a(virtqueue.o)
 .debug_abbrev  0x00000c2b      0x1e2 c:/users/nrasheed/open-amp-master/libs/open_amp\libopen_amp.a(hil.o)
 .debug_abbrev  0x00000e0d       0x93 c:/users/nrasheed/open-amp-master/libs/open_amp\libopen_amp.a(llist.o)
 .debug_abbrev  0x00000ea0       0xf5 c:/users/nrasheed/open-amp-master/libs/open_amp\libopen_amp.a(sh_mem.o)
 .debug_abbrev  0x00000f95       0xcb c:/users/nrasheed/open-amp-master/libs/open_amp\libopen_amp.a(config.o)
 .debug_abbrev  0x00001060      0x151 c:/users/nrasheed/open-amp-master/libs/open_amp\libopen_amp.a(platform_info.o)
 .debug_abbrev  0x000011b1      0x2b2 c:/users/nrasheed/open-amp-master/libs/open_amp\libopen_amp.a(bm_env.o)
 .debug_abbrev  0x00001463      0x19a c:/users/nrasheed/open-amp-master/libs/open_amp\libopen_amp.a(elf_loader.o)
 .debug_abbrev  0x000015fd      0x24a c:/users/nrasheed/open-amp-master/libs/open_amp\libopen_amp.a(remote_device.o)
 .debug_abbrev  0x00001847      0x171 c:/users/nrasheed/open-amp-master/libs/open_amp\libopen_amp.a(platform.o)
 .debug_abbrev  0x000019b8       0x14 c:/users/nrasheed/open-amp-master/libs/open_amp\libopen_amp.a(cyclone_trampoline.o)
 .debug_abbrev  0x000019cc      0x24f c:/users/nrasheed/open-amp-master/libs/system/cyclone_v_soc_dk/baremetal\libbaremetal_master.a(baremetal.o)
 .debug_abbrev  0x00001c1b      0x127 c:/mgc/embedded201406/readystart-arm/codebench/bin/../lib/gcc/arm-none-eabi/4.8.3/../../../../arm-none-eabi/lib\libcs3.a(start_c.o)
 .debug_abbrev  0x00001d42       0x12 c:/mgc/embedded201406/readystart-arm/codebench/bin/../lib/gcc/arm-none-eabi/4.8.3/../../../../arm-none-eabi/lib\libcs3.a(cycloneV-dk-reset-ram.o)
 .debug_abbrev  0x00001d54       0x14 c:/mgc/embedded201406/readystart-arm/codebench/bin/../lib/gcc/arm-none-eabi/4.8.3/../../../../arm-none-eabi/lib\libcs3arm.a(arm-vector.o)
 .debug_abbrev  0x00001d68       0x14 c:/mgc/embedded201406/readystart-arm/codebench/bin/../lib/gcc/arm-none-eabi/4.8.3/../../../../arm-none-eabi/lib\libcs3arm.a(arm_isr_interrupt.o)
 .debug_abbrev  0x00001d7c       0x14 c:/mgc/embedded201406/readystart-arm/codebench/bin/../lib/gcc/arm-none-eabi/4.8.3/../../../../arm-none-eabi/lib\libcs3arm.a(arm_isr_undef.o)
 .debug_abbrev  0x00001d90       0x14 c:/mgc/embedded201406/readystart-arm/codebench/bin/../lib/gcc/arm-none-eabi/4.8.3/../../../../arm-none-eabi/lib\libcs3arm.a(arm_isr_swi.o)
 .debug_abbrev  0x00001da4       0x14 c:/mgc/embedded201406/readystart-arm/codebench/bin/../lib/gcc/arm-none-eabi/4.8.3/../../../../arm-none-eabi/lib\libcs3arm.a(arm_isr_pabort.o)
 .debug_abbrev  0x00001db8       0x14 c:/mgc/embedded201406/readystart-arm/codebench/bin/../lib/gcc/arm-none-eabi/4.8.3/../../../../arm-none-eabi/lib\libcs3arm.a(arm_isr_dabort.o)
 .debug_abbrev  0x00001dcc       0xf2 c:/mgc/embedded201406/readystart-arm/codebench/bin/../lib/gcc/arm-none-eabi/4.8.3/../../../../arm-none-eabi/lib\libcs3unhosted.a(unhosted-sbrk.o)
 .debug_abbrev  0x00001ebe       0x14 c:/mgc/embedded201406/readystart-arm/codebench/bin/../lib/gcc/arm-none-eabi/4.8.3/../../../../arm-none-eabi/lib\libcs3unhosted.a(unhosted-start.o)
 .debug_abbrev  0x00001ed2       0x42 c:/mgc/embedded201406/readystart-arm/codebench/bin/../lib/gcc/arm-none-eabi/4.8.3/../../../../arm-none-eabi/lib\libcs3.a(heap.o)
 .debug_abbrev  0x00001f14       0x14 c:/mgc/embedded201406/readystart-arm/codebench/bin/../lib/gcc/arm-none-eabi/4.8.3\libgcc.a(_udivsi3.o)
 .debug_abbrev  0x00001f28       0x14 c:/mgc/embedded201406/readystart-arm/codebench/bin/../lib/gcc/arm-none-eabi/4.8.3\libgcc.a(_divsi3.o)
 .debug_abbrev  0x00001f3c       0x14 c:/mgc/embedded201406/readystart-arm/codebench/bin/../lib/gcc/arm-none-eabi/4.8.3\libgcc.a(_dvmd_tls.o)
 .debug_abbrev  0x00001f50       0x14 c:/mgc/embedded201406/readystart-arm/codebench/bin/../lib/gcc/arm-none-eabi/4.8.3\libgcc.a(_arm_addsubdf3.o)
 .debug_abbrev  0x00001f64       0x14 c:/mgc/embedded201406/readystart-arm/codebench/bin/../lib/gcc/arm-none-eabi/4.8.3\libgcc.a(_arm_muldivdf3.o)
 .debug_abbrev  0x00001f78       0x14 c:/mgc/embedded201406/readystart-arm/codebench/bin/../lib/gcc/arm-none-eabi/4.8.3\libgcc.a(_arm_cmpdf2.o)
 .debug_abbrev  0x00001f8c       0x14 c:/mgc/embedded201406/readystart-arm/codebench/bin/../lib/gcc/arm-none-eabi/4.8.3\libgcc.a(_arm_fixdfsi.o)
 .debug_abbrev  0x00001fa0       0x14 c:/mgc/embedded201406/readystart-arm/codebench/bin/../lib/gcc/arm-none-eabi/4.8.3\libgcc.a(_aeabi_uldivmod.o)
 .debug_abbrev  0x00001fb4       0xb5 c:/mgc/embedded201406/readystart-arm/codebench/bin/../lib/gcc/arm-none-eabi/4.8.3\libgcc.a(bpabi.o)
 .debug_abbrev  0x00002069      0x165 c:/mgc/embedded201406/readystart-arm/codebench/bin/../lib/gcc/arm-none-eabi/4.8.3\libgcc.a(_divdi3.o)
 .debug_abbrev  0x000021ce      0x154 c:/mgc/embedded201406/readystart-arm/codebench/bin/../lib/gcc/arm-none-eabi/4.8.3\libgcc.a(_udivdi3.o)
 .debug_abbrev  0x00002322       0x14 c:/mgc/embedded201406/readystart-arm/codebench/bin/../lib/gcc/arm-none-eabi/4.8.3\libgcc.a(_clzsi2.o)

.debug_line     0x00000000     0x6a17
 *(.debug_line)
 .debug_line    0x00000000      0x958 tests/master/baremetal/echo_test/echo_test.o
 .debug_line    0x00000958      0x6a9 c:/users/nrasheed/open-amp-master/libs/open_amp\libopen_amp.a(remoteproc.o)
 .debug_line    0x00001001      0x638 c:/users/nrasheed/open-amp-master/libs/open_amp\libopen_amp.a(remoteproc_loader.o)
 .debug_line    0x00001639      0x6da c:/users/nrasheed/open-amp-master/libs/open_amp\libopen_amp.a(rsc_table_parser.o)
 .debug_line    0x00001d13      0x578 c:/users/nrasheed/open-amp-master/libs/open_amp\libopen_amp.a(rpmsg.o)
 .debug_line    0x0000228b      0x6df c:/users/nrasheed/open-amp-master/libs/open_amp\libopen_amp.a(rpmsg_core.o)
 .debug_line    0x0000296a      0x525 c:/users/nrasheed/open-amp-master/libs/open_amp\libopen_amp.a(virtqueue.o)
 .debug_line    0x00002e8f      0x47b c:/users/nrasheed/open-amp-master/libs/open_amp\libopen_amp.a(hil.o)
 .debug_line    0x0000330a       0x7a c:/users/nrasheed/open-amp-master/libs/open_amp\libopen_amp.a(llist.o)
 .debug_line    0x00003384      0x310 c:/users/nrasheed/open-amp-master/libs/open_amp\libopen_amp.a(sh_mem.o)
 .debug_line    0x00003694      0x255 c:/users/nrasheed/open-amp-master/libs/open_amp\libopen_amp.a(config.o)
 .debug_line    0x000038e9      0x484 c:/users/nrasheed/open-amp-master/libs/open_amp\libopen_amp.a(platform_info.o)
 .debug_line    0x00003d6d      0x5e6 c:/users/nrasheed/open-amp-master/libs/open_amp\libopen_amp.a(bm_env.o)
 .debug_line    0x00004353      0x7a0 c:/users/nrasheed/open-amp-master/libs/open_amp\libopen_amp.a(elf_loader.o)
 .debug_line    0x00004af3      0x6ae c:/users/nrasheed/open-amp-master/libs/open_amp\libopen_amp.a(remote_device.o)
 .debug_line    0x000051a1      0x4bb c:/users/nrasheed/open-amp-master/libs/open_amp\libopen_amp.a(platform.o)
 .debug_line    0x0000565c       0x5e c:/users/nrasheed/open-amp-master/libs/open_amp\libopen_amp.a(cyclone_trampoline.o)
 .debug_line    0x000056ba      0x492 c:/users/nrasheed/open-amp-master/libs/system/cyclone_v_soc_dk/baremetal\libbaremetal_master.a(baremetal.o)
 .debug_line    0x00005b4c       0xfd c:/mgc/embedded201406/readystart-arm/codebench/bin/../lib/gcc/arm-none-eabi/4.8.3/../../../../arm-none-eabi/lib\libcs3.a(start_c.o)
 .debug_line    0x00005c49       0x9a c:/mgc/embedded201406/readystart-arm/codebench/bin/../lib/gcc/arm-none-eabi/4.8.3/../../../../arm-none-eabi/lib\libcs3.a(cycloneV-dk-reset-ram.o)
 .debug_line    0x00005ce3       0x6b c:/mgc/embedded201406/readystart-arm/codebench/bin/../lib/gcc/arm-none-eabi/4.8.3/../../../../arm-none-eabi/lib\libcs3arm.a(arm-vector.o)