Archive member included to satisfy reference by file (symbol)

c:/users/nrasheed/open-amp-master/libs/open_amp\libopen_amp.a(remoteproc.o)
                              tests/remote/baremetal/func_test_suite/func_test_suite.o (remoteproc_resource_init)
c:/users/nrasheed/open-amp-master/libs/open_amp\libopen_amp.a(remoteproc_loader.o)
                              c:/users/nrasheed/open-amp-master/libs/open_amp\libopen_amp.a(remoteproc.o) (remoteproc_loader_init)
c:/users/nrasheed/open-amp-master/libs/open_amp\libopen_amp.a(rsc_table_parser.o)
                              c:/users/nrasheed/open-amp-master/libs/open_amp\libopen_amp.a(remoteproc.o) (handle_rsc_table)
c:/users/nrasheed/open-amp-master/libs/open_amp\libopen_amp.a(rpmsg.o)
                              c:/users/nrasheed/open-amp-master/libs/open_amp\libopen_amp.a(remoteproc.o) (rpmsg_init)
c:/users/nrasheed/open-amp-master/libs/open_amp\libopen_amp.a(rpmsg_core.o)
                              c:/users/nrasheed/open-amp-master/libs/open_amp\libopen_amp.a(rpmsg.o) (rpmsg_start_ipc)
c:/users/nrasheed/open-amp-master/libs/open_amp\libopen_amp.a(virtqueue.o)
                              c:/users/nrasheed/open-amp-master/libs/open_amp\libopen_amp.a(rpmsg_core.o) (virtqueue_add_buffer)
c:/users/nrasheed/open-amp-master/libs/open_amp\libopen_amp.a(hil.o)
                              c:/users/nrasheed/open-amp-master/libs/open_amp\libopen_amp.a(remoteproc.o) (hil_create_proc)
c:/users/nrasheed/open-amp-master/libs/open_amp\libopen_amp.a(llist.o)
                              c:/users/nrasheed/open-amp-master/libs/open_amp\libopen_amp.a(rpmsg_core.o) (add_to_list)
c:/users/nrasheed/open-amp-master/libs/open_amp\libopen_amp.a(sh_mem.o)
                              c:/users/nrasheed/open-amp-master/libs/open_amp\libopen_amp.a(rpmsg_core.o) (sh_mem_get_buffer)
c:/users/nrasheed/open-amp-master/libs/open_amp\libopen_amp.a(config.o)
                              c:/users/nrasheed/open-amp-master/libs/open_amp\libopen_amp.a(hil.o) (config_get_firmware)
c:/users/nrasheed/open-amp-master/libs/open_amp\libopen_amp.a(platform_info.o)
                              c:/users/nrasheed/open-amp-master/libs/open_amp\libopen_amp.a(hil.o) (platform_get_processor_info)
c:/users/nrasheed/open-amp-master/libs/open_amp\libopen_amp.a(bm_env.o)
                              c:/users/nrasheed/open-amp-master/libs/open_amp\libopen_amp.a(remoteproc.o) (env_init)
c:/users/nrasheed/open-amp-master/libs/open_amp\libopen_amp.a(elf_loader.o)
                              c:/users/nrasheed/open-amp-master/libs/open_amp\libopen_amp.a(remoteproc_loader.o) (elf_loader_init)
c:/users/nrasheed/open-amp-master/libs/open_amp\libopen_amp.a(remote_device.o)
                              c:/users/nrasheed/open-amp-master/libs/open_amp\libopen_amp.a(rpmsg.o) (rpmsg_rdev_init)
c:/users/nrasheed/open-amp-master/libs/open_amp\libopen_amp.a(platform.o)
                              c:/users/nrasheed/open-amp-master/libs/open_amp\libopen_amp.a(platform_info.o) (proc_ops)
c:/users/nrasheed/open-amp-master/libs/open_amp\libopen_amp.a(cyclone_trampoline.o)
                              c:/users/nrasheed/open-amp-master/libs/open_amp\libopen_amp.a(platform.o) (cyclone_trampoline)
c:/users/nrasheed/open-amp-master/libs/system/cyclone_v_soc_dk/baremetal\libbaremetal_remote.a(baremetal.o)
                              tests/remote/baremetal/func_test_suite/func_test_suite.o (ARM_AR_ISR_SYS_Stack)
c:/mgc/embedded201406/readystart-arm/codebench/bin/../lib/gcc/arm-none-eabi/4.8.3/../../../../arm-none-eabi/lib\libc.a(lib_a-asm-memcpy.o)
                              tests/remote/baremetal/func_test_suite/func_test_suite.o (memcpy)
c:/mgc/embedded201406/readystart-arm/codebench/bin/../lib/gcc/arm-none-eabi/4.8.3/../../../../arm-none-eabi/lib\libc.a(lib_a-malloc.o)
                              c:/users/nrasheed/open-amp-master/libs/open_amp\libopen_amp.a(bm_env.o) (malloc)
c:/mgc/embedded201406/readystart-arm/codebench/bin/../lib/gcc/arm-none-eabi/4.8.3/../../../../arm-none-eabi/lib\libc.a(lib_a-mallocr.o)
                              c:/mgc/embedded201406/readystart-arm/codebench/bin/../lib/gcc/arm-none-eabi/4.8.3/../../../../arm-none-eabi/lib\libc.a(lib_a-malloc.o) (_malloc_r)
c:/mgc/embedded201406/readystart-arm/codebench/bin/../lib/gcc/arm-none-eabi/4.8.3/../../../../arm-none-eabi/lib\libc.a(lib_a-memset.o)
                              c:/users/nrasheed/open-amp-master/libs/open_amp\libopen_amp.a(bm_env.o) (memset)
c:/mgc/embedded201406/readystart-arm/codebench/bin/../lib/gcc/arm-none-eabi/4.8.3/../../../../arm-none-eabi/lib\libc.a(lib_a-mlock.o)
                              c:/mgc/embedded201406/readystart-arm/codebench/bin/../lib/gcc/arm-none-eabi/4.8.3/../../../../arm-none-eabi/lib\libc.a(lib_a-mallocr.o) (__malloc_lock)
c:/mgc/embedded201406/readystart-arm/codebench/bin/../lib/gcc/arm-none-eabi/4.8.3/../../../../arm-none-eabi/lib\libc.a(lib_a-printf.o)
[...]
Memory Configuration

Name             Origin             Length             Attributes
boot_rom         0xfffd0000         0x00010000         xr
oc_ram           0xffff0000         0x00010000         xrw
ram              0x01000000         0x1f000000         xrw
*default*        0x00000000         0xffffffff

Linker script and memory map

LOAD c:/mgc/embedded201406/readystart-arm/codebench/bin/../lib/gcc/arm-none-eabi/4.8.3/crti.o
LOAD c:/mgc/embedded201406/readystart-arm/codebench/bin/../lib/gcc/arm-none-eabi/4.8.3/crtbegin.o
START GROUP
LOAD tests/remote/baremetal/func_test_suite/func_test_suite.o
LOAD tests/remote/baremetal/func_test_suite/rsc_table.o
LOAD c:/users/nrasheed/open-amp-master/libs/open_amp\libopen_amp.a
LOAD c:/users/nrasheed/open-amp-master/libs/system/cyclone_v_soc_dk/baremetal\libbaremetal_remote.a
LOAD c:/mgc/embedded201406/readystart-arm/codebench/bin/../lib/gcc/arm-none-eabi/4.8.3/../../../../arm-none-eabi/lib\libc.a
LOAD c:/mgc/embedded201406/readystart-arm/codebench/bin/../lib/gcc/arm-none-eabi/4.8.3/../../../../arm-none-eabi/lib\libm.a
LOAD c:/mgc/embedded201406/readystart-arm/codebench/bin/../lib/gcc/arm-none-eabi/4.8.3/../../../../arm-none-eabi/lib\libstdc++.a
LOAD c:/mgc/embedded201406/readystart-arm/codebench/bin/../lib/gcc/arm-none-eabi/4.8.3/../../../../arm-none-eabi/lib\libcs3.a
LOAD c:/mgc/embedded201406/readystart-arm/codebench/bin/../lib/gcc/arm-none-eabi/4.8.3/../../../../arm-none-eabi/lib\libcs3arm.a
LOAD c:/mgc/embedded201406/readystart-arm/codebench/bin/../lib/gcc/arm-none-eabi/4.8.3/../../../../arm-none-eabi/lib\libcs3unhosted.a
END GROUP
START GROUP
LOAD c:/mgc/embedded201406/readystart-arm/codebench/bin/../lib/gcc/arm-none-eabi/4.8.3\libgcc.a
LOAD c:/mgc/embedded201406/readystart-arm/codebench/bin/../lib/gcc/arm-none-eabi/4.8.3/../../../../arm-none-eabi/lib\libc.a
END GROUP
LOAD c:/mgc/embedded201406/readystart-arm/codebench/bin/../lib/gcc/arm-none-eabi/4.8.3/crtend.o
LOAD c:/mgc/embedded201406/readystart-arm/codebench/bin/../lib/gcc/arm-none-eabi/4.8.3/crtn.o
START GROUP
LOAD c:/mgc/embedded201406/readystart-arm/codebench/bin/../lib/gcc/arm-none-eabi/4.8.3\libgcc.a
LOAD c:/mgc/embedded201406/readystart-arm/codebench/bin/../lib/gcc/arm-none-eabi/4.8.3/../../../../arm-none-eabi/lib\libc.a
LOAD c:/mgc/embedded201406/readystart-arm/codebench/bin/../lib/gcc/arm-none-eabi/4.8.3/../../../../arm-none-eabi/lib\libcs3.a
LOAD c:/mgc/embedded201406/readystart-arm/codebench/bin/../lib/gcc/arm-none-eabi/4.8.3/../../../../arm-none-eabi/lib\libcs3unhosted.a
LOAD c:/mgc/embedded201406/readystart-arm/codebench/bin/../lib/gcc/arm-none-eabi/4.8.3/../../../../arm-none-eabi/lib\libcs3arm.a
END GROUP
                0x01010020                PROVIDE (__cs3_heap_start, _end)
                0x20000000                PROVIDE (__cs3_heap_end, (__cs3_region_start_ram + __cs3_region_size_ram))
                0x00000002                PROVIDE (__cs3_region_num, ((__cs3_regions_end - __cs3_regions) / 0x14))
                0x20000000                PROVIDE (__cs3_stack, (__cs3_region_start_ram + __cs3_region_size_ram))
                0x00000000                _binary_firmware1_start = 0x0
                0x00000000                _binary_firmware1_end = 0x0
                0x00000000                _binary_firmware2_start = 0x0
                0x00000000                _binary_firmware2_end = 0x0

.text           0x01000000     0xd320
 CREATE_OBJECT_SYMBOLS
                0x01000000                __cs3_region_start_ram = .
                0x01000000                _ftext = .
 *(.cs3.region-head.ram)
                0x00000001                ASSERT ((. == __cs3_region_start_ram), .cs3.region-head.ram not permitted)
                0x01000000                __cs3_interrupt_vector = __cs3_interrupt_vector_arm
 *(.cs3.interrupt_vector)
 .cs3.interrupt_vector
                0x01000000       0x40 c:/mgc/embedded201406/readystart-arm/codebench/bin/../lib/gcc/arm-none-eabi/4.8.3/../../../../arm-none-eabi/lib\libcs3arm.a(arm-vector.o)
                0x01000000                __cs3_interrupt_vector_arm
                0x00000001                ASSERT ((. != __cs3_interrupt_vector_arm), No interrupt vector)
                0x01000040                PROVIDE (__cs3_reset, __cs3_reset_cycloneV_dk_ram)
 *(.cs3.reset)
 .cs3.reset     0x01000040        0x4 c:/mgc/embedded201406/readystart-arm/codebench/bin/../lib/gcc/arm-none-eabi/4.8.3/../../../../arm-none-eabi/lib\libcs3.a(cycloneV-dk-reset-ram.o)
                0x01000040                __cs3_reset_cycloneV_dk_ram
                [0x010000d8]                _start = DEFINED (__cs3_start_asm)?__cs3_start_asm:_start
 *(.text.cs3.init)
 .text.cs3.init
                0x01000044       0x94 c:/mgc/embedded201406/readystart-arm/codebench/bin/../lib/gcc/arm-none-eabi/4.8.3/../../../../arm-none-eabi/lib\libcs3.a(start_c.o)
                0x01000044                __cs3_start_c
 .text.cs3.init
                0x010000d8        0xc c:/mgc/embedded201406/readystart-arm/codebench/bin/../lib/gcc/arm-none-eabi/4.8.3/../../../../arm-none-eabi/lib\libcs3unhosted.a(unhosted-start.o)
 *(.text .text.* .gnu.linkonce.t.*)
 .text          0x010000e4      0x128 c:/mgc/embedded201406/readystart-arm/codebench/bin/../lib/gcc/arm-none-eabi/4.8.3/crtbegin.o
 .text.rpmsg_sendto
                0x0100020c       0x7c tests/remote/baremetal/func_test_suite/func_test_suite.o
 .text.rpmsg_send
                0x01000288       0x80 tests/remote/baremetal/func_test_suite/func_test_suite.o
 .text.rpmsg_send_offchannel
                0x01000308       0x74 tests/remote/baremetal/func_test_suite/func_test_suite.o
 .text.main     0x0100037c      0x318 tests/remote/baremetal/func_test_suite/func_test_suite.o
                0x0100037c                main
 .text.rpmsg_channel_created
                0x01000694       0x2c tests/remote/baremetal/func_test_suite/func_test_suite.o
                0x01000694                rpmsg_channel_created
 .text.rpmsg_channel_deleted
                0x010006c0       0x1c tests/remote/baremetal/func_test_suite/func_test_suite.o
                0x010006c0                rpmsg_channel_deleted
 .text.rpmsg_read_default_cb
                0x010006dc       0x6c tests/remote/baremetal/func_test_suite/func_test_suite.o
                0x010006dc                rpmsg_read_default_cb
 .text.rpmsg_read_ept_cb
                0x01000748       0x50 tests/remote/baremetal/func_test_suite/func_test_suite.o
                0x01000748                rpmsg_read_ept_cb
 .text.sleep    0x01000798       0x3c tests/remote/baremetal/func_test_suite/func_test_suite.o
 .text.init_system
                0x010007d4       0x20 tests/remote/baremetal/func_test_suite/func_test_suite.o
 .text.remoteproc_resource_init
                0x010007f4      0x170 c:/users/nrasheed/open-amp-master/libs/open_amp\libopen_amp.a(remoteproc.o)
                0x010007f4                remoteproc_resource_init
 .text.remoteproc_resource_deinit
                0x01000964       0x7c c:/users/nrasheed/open-amp-master/libs/open_amp\libopen_amp.a(remoteproc.o)
                0x01000964                remoteproc_resource_deinit
 .text.vring_size
                0x010009e0       0x84 c:/users/nrasheed/open-amp-master/libs/open_amp\libopen_amp.a(rsc_table_parser.o)
 .text.handle_rsc_table
                0x01000a64      0x150 c:/users/nrasheed/open-amp-master/libs/open_amp\libopen_amp.a(rsc_table_parser.o)
                0x01000a64                handle_rsc_table
 .text.handle_carve_out_rsc
                0x01000bb4       0x9c c:/users/nrasheed/open-amp-master/libs/open_amp\libopen_amp.a(rsc_table_parser.o)
                0x01000bb4                handle_carve_out_rsc
 .text.handle_trace_rsc
                0x01000c50       0x2c c:/users/nrasheed/open-amp-master/libs/open_amp\libopen_amp.a(rsc_table_parser.o)
                0x01000c50                handle_trace_rsc
 .text.handle_dev_mem_rsc
                0x01000c7c       0x2c c:/users/nrasheed/open-amp-master/libs/open_amp\libopen_amp.a(rsc_table_parser.o)
                0x01000c7c                handle_dev_mem_rsc
 .text.handle_vdev_rsc
                0x01000ca8      0x1d4 c:/users/nrasheed/open-amp-master/libs/open_amp\libopen_amp.a(rsc_table_parser.o)
                0x01000ca8                handle_vdev_rsc
 .text.handle_mmu_rsc
                0x01000e7c       0x2c c:/users/nrasheed/open-amp-master/libs/open_amp\libopen_amp.a(rsc_table_parser.o)
                0x01000e7c                handle_mmu_rsc
 .text.rpmsg_init
                0x01000ea8       0xa4 c:/users/nrasheed/open-amp-master/libs/open_amp\libopen_amp.a(rpmsg.o)
                0x01000ea8                rpmsg_init
 .text.rpmsg_deinit
                0x01000f4c       0x30 c:/users/nrasheed/open-amp-master/libs/open_amp\libopen_amp.a(rpmsg.o)
                0x01000f4c                rpmsg_deinit
 .text.rpmsg_send_offchannel_raw
                0x01000f7c      0x26c c:/users/nrasheed/open-amp-master/libs/open_amp\libopen_amp.a(rpmsg.o)
                0x01000f7c                rpmsg_send_offchannel_raw
 .text.rpmsg_create_ept
                0x010011e8       0x98 c:/users/nrasheed/open-amp-master/libs/open_amp\libopen_amp.a(rpmsg.o)
                0x010011e8                rpmsg_create_ept
 .text.rpmsg_destroy_ept
                0x01001280       0x4c c:/users/nrasheed/open-amp-master/libs/open_amp\libopen_amp.a(rpmsg.o)
                0x01001280                rpmsg_destroy_ept
 .text.rpmsg_send
                0x010012cc       0x80 c:/users/nrasheed/open-amp-master/libs/open_amp\libopen_amp.a(rpmsg_core.o)
 .text.rpmsg_start_ipc
                0x0100134c      0x158 c:/users/nrasheed/open-amp-master/libs/open_amp\libopen_amp.a(rpmsg_core.o)
                0x0100134c                rpmsg_start_ipc
 .text._rpmsg_create_channel
                0x010014a4       0xf4 c:/users/nrasheed/open-amp-master/libs/open_amp\libopen_amp.a(rpmsg_core.o)
                0x010014a4                _rpmsg_create_channel
 .text._rpmsg_delete_channel
                0x01001598       0x9c c:/users/nrasheed/open-amp-master/libs/open_amp\libopen_amp.a(rpmsg_core.o)
                0x01001598                _rpmsg_delete_channel
 .text._create_endpoint
                0x01001634      0x194 c:/users/nrasheed/open-amp-master/libs/open_amp\libopen_amp.a(rpmsg_core.o)
                0x01001634                _create_endpoint
 .text._destroy_endpoint
                0x010017c8       0xa4 c:/users/nrasheed/open-amp-master/libs/open_amp\libopen_amp.a(rpmsg_core.o)
                0x010017c8                _destroy_endpoint
 .text.rpmsg_send_ns_message
                0x0100186c      0x110 c:/users/nrasheed/open-amp-master/libs/open_amp\libopen_amp.a(rpmsg_core.o)
                0x0100186c                rpmsg_send_ns_message
 .text.rpmsg_enqueue_buffer
                0x0100197c       0xac c:/users/nrasheed/open-amp-master/libs/open_amp\libopen_amp.a(rpmsg_core.o)
                0x0100197c                rpmsg_enqueue_buffer
 .text.rpmsg_return_buffer
                0x01001a28       0x9c c:/users/nrasheed/open-amp-master/libs/open_amp\libopen_amp.a(rpmsg_core.o)
                0x01001a28                rpmsg_return_buffer
 .text.rpmsg_get_tx_buffer
                0x01001ac4       0xa4 c:/users/nrasheed/open-amp-master/libs/open_amp\libopen_amp.a(rpmsg_core.o)
                0x01001ac4                rpmsg_get_tx_buffer
 .text.rpmsg_get_rx_buffer
                0x01001b68       0x78 c:/users/nrasheed/open-amp-master/libs/open_amp\libopen_amp.a(rpmsg_core.o)
                0x01001b68                rpmsg_get_rx_buffer
 .text.rpmsg_free_buffer
                0x01001be0       0x40 c:/users/nrasheed/open-amp-master/libs/open_amp\libopen_amp.a(rpmsg_core.o)
                0x01001be0                rpmsg_free_buffer
 .text.rpmsg_tx_callback
                0x01001c20       0xcc c:/users/nrasheed/open-amp-master/libs/open_amp\libopen_amp.a(rpmsg_core.o)
 .text.rpmsg_rx_callback
                0x01001cec      0x188 c:/users/nrasheed/open-amp-master/libs/open_amp\libopen_amp.a(rpmsg_core.o)
 .text.rpmsg_ns_callback
                0x01001e74      0x178 c:/users/nrasheed/open-amp-master/libs/open_amp\libopen_amp.a(rpmsg_core.o)
                0x01001e74                rpmsg_ns_callback
 .text.rpmsg_get_address
                0x01001fec       0xd4 c:/users/nrasheed/open-amp-master/libs/open_amp\libopen_amp.a(rpmsg_core.o)
                0x01001fec                rpmsg_get_address
 .text.rpmsg_release_address
                0x010020c0       0xc8 c:/users/nrasheed/open-amp-master/libs/open_amp\libopen_amp.a(rpmsg_core.o)
                0x010020c0                rpmsg_release_address
 .text.rpmsg_is_address_set
                0x01002188       0xac c:/users/nrasheed/open-amp-master/libs/open_amp\libopen_amp.a(rpmsg_core.o)
                0x01002188                rpmsg_is_address_set
 .text.rpmsg_set_address
                0x01002234       0xc4 c:/users/nrasheed/open-amp-master/libs/open_amp\libopen_amp.a(rpmsg_core.o)
                0x01002234                rpmsg_set_address
 .text.vring_size
                0x010022f8       0x84 c:/users/nrasheed/open-amp-master/libs/open_amp\libopen_amp.a(virtqueue.o)
 .text.vring_init
                0x0100237c       0x98 c:/users/nrasheed/open-amp-master/libs/open_amp\libopen_amp.a(virtqueue.o)
 .text.vring_need_event
                0x01002414       0x64 c:/users/nrasheed/open-amp-master/libs/open_amp\libopen_amp.a(virtqueue.o)
 .text.virtqueue_create
                0x01002478      0x16c c:/users/nrasheed/open-amp-master/libs/open_amp\libopen_amp.a(virtqueue.o)
                0x01002478                virtqueue_create
 .text.virtqueue_add_buffer
                0x010025e4      0x10c c:/users/nrasheed/open-amp-master/libs/open_amp\libopen_amp.a(virtqueue.o)
                0x010025e4                virtqueue_add_buffer
 .text.virtqueue_get_buffer
                0x010026f0      0x118 c:/users/nrasheed/open-amp-master/libs/open_amp\libopen_amp.a(virtqueue.o)
                0x010026f0                virtqueue_get_buffer
 .text.virtqueue_free
                0x01002808       0x84 c:/users/nrasheed/open-amp-master/libs/open_amp\libopen_amp.a(virtqueue.o)
                0x01002808                virtqueue_free
 .text.virtqueue_get_available_buffer
                0x0100288c      0x108 c:/users/nrasheed/open-amp-master/libs/open_amp\libopen_amp.a(virtqueue.o)
                0x0100288c                virtqueue_get_available_buffer
 .text.virtqueue_add_consumed_buffer
                0x01002994       0xd4 c:/users/nrasheed/open-amp-master/libs/open_amp\libopen_amp.a(virtqueue.o)
                0x01002994                virtqueue_add_consumed_buffer
 .text.virtqueue_disable_cb
                0x01002a68       0x94 c:/users/nrasheed/open-amp-master/libs/open_amp\libopen_amp.a(virtqueue.o)
                0x01002a68                virtqueue_disable_cb
 .text.virtqueue_kick
                0x01002afc       0x44 c:/users/nrasheed/open-amp-master/libs/open_amp\libopen_amp.a(virtqueue.o)
                0x01002afc                virtqueue_kick
 .text.vq_ring_add_buffer
                0x01002b40      0x138 c:/users/nrasheed/open-amp-master/libs/open_amp\libopen_amp.a(virtqueue.o)
 .text.vq_ring_free_chain
                0x01002c78      0x108 c:/users/nrasheed/open-amp-master/libs/open_amp\libopen_amp.a(virtqueue.o)
 .text.vq_ring_init
                0x01002d80       0xc8 c:/users/nrasheed/open-amp-master/libs/open_amp\libopen_amp.a(virtqueue.o)
 .text.vq_ring_update_avail
                0x01002e48       0xa4 c:/users/nrasheed/open-amp-master/libs/open_amp\libopen_amp.a(virtqueue.o)
 .text.virtqueue_notification
                0x01002eec       0x38 c:/users/nrasheed/open-amp-master/libs/open_amp\libopen_amp.a(virtqueue.o)
                0x01002eec                virtqueue_notification
 .text.vq_ring_must_notify_host
                0x01002f24       0xcc c:/users/nrasheed/open-amp-master/libs/open_amp\libopen_amp.a(virtqueue.o)
 .text.vq_ring_notify_host
                0x01002ff0       0x38 c:/users/nrasheed/open-amp-master/libs/open_amp\libopen_amp.a(virtqueue.o)
 .text.hil_create_proc
                0x01003028      0x148 c:/users/nrasheed/open-amp-master/libs/open_amp\libopen_amp.a(hil.o)
                0x01003028                hil_create_proc
 .text.hil_delete_proc
                0x01003170       0x94 c:/users/nrasheed/open-amp-master/libs/open_amp\libopen_amp.a(hil.o)
                0x01003170                hil_delete_proc
 .text.hil_isr  0x01003204       0x28 c:/users/nrasheed/open-amp-master/libs/open_amp\libopen_amp.a(hil.o)
                0x01003204                hil_isr
 .text.hil_get_chnl_info
                0x0100322c       0x40 c:/users/nrasheed/open-amp-master/libs/open_amp\libopen_amp.a(hil.o)
                0x0100322c                hil_get_chnl_info
 .text.hil_get_vdev_info
                0x0100326c       0x28 c:/users/nrasheed/open-amp-master/libs/open_amp\libopen_amp.a(hil.o)
                0x0100326c                hil_get_vdev_info
 .text.hil_get_vring_info
                0x01003294       0x40 c:/users/nrasheed/open-amp-master/libs/open_amp\libopen_amp.a(hil.o)
                0x01003294                hil_get_vring_info
 .text.hil_get_shm_info
                0x010032d4       0x28 c:/users/nrasheed/open-amp-master/libs/open_amp\libopen_amp.a(hil.o)
                0x010032d4                hil_get_shm_info
 .text.hil_enable_vring_notifications
                0x010032fc       0x84 c:/users/nrasheed/open-amp-master/libs/open_amp\libopen_amp.a(hil.o)
                0x010032fc                hil_enable_vring_notifications
 .text.hil_vring_notify
                0x01003380       0x88 c:/users/nrasheed/open-amp-master/libs/open_amp\libopen_amp.a(hil.o)
                0x01003380                hil_vring_notify
 .text.hil_get_status
                0x01003408       0x24 c:/users/nrasheed/open-amp-master/libs/open_amp\libopen_amp.a(hil.o)
                0x01003408                hil_get_status
 .text.hil_set_status
                0x0100342c       0x24 c:/users/nrasheed/open-amp-master/libs/open_amp\libopen_amp.a(hil.o)
                0x0100342c                hil_set_status
 .text.add_to_list
                0x01003450       0xa8 c:/users/nrasheed/open-amp-master/libs/open_amp\libopen_amp.a(llist.o)
                0x01003450                add_to_list
 .text.remove_from_list
                0x010034f8       0xbc c:/users/nrasheed/open-amp-master/libs/open_amp\libopen_amp.a(llist.o)
                0x010034f8                remove_from_list
 .text.sh_mem_create_pool
                0x010035b4      0x198 c:/users/nrasheed/open-amp-master/libs/open_amp\libopen_amp.a(sh_mem.o)
                0x010035b4                sh_mem_create_pool
 .text.sh_mem_get_buffer
                0x0100374c      0x170 c:/users/nrasheed/open-amp-master/libs/open_amp\libopen_amp.a(sh_mem.o)
                0x0100374c                sh_mem_get_buffer
 .text.sh_mem_free_buffer
                0x010038bc      0x108 c:/users/nrasheed/open-amp-master/libs/open_amp\libopen_amp.a(sh_mem.o)
                0x010038bc                sh_mem_free_buffer
 .text.sh_mem_delete_pool
                0x010039c4       0x3c c:/users/nrasheed/open-amp-master/libs/open_amp\libopen_amp.a(sh_mem.o)
                0x010039c4                sh_mem_delete_pool
 .text.get_first_zero_bit
                0x01003a00       0xcc c:/users/nrasheed/open-amp-master/libs/open_amp\libopen_amp.a(sh_mem.o)
                0x01003a00                get_first_zero_bit
 .text.platform_get_processor_info
                0x01003acc       0xbc c:/users/nrasheed/open-amp-master/libs/open_amp\libopen_amp.a(platform_info.o)
                0x01003acc                platform_get_processor_info
 .text.env_init
                0x01003b88       0x1c c:/users/nrasheed/open-amp-master/libs/open_amp\libopen_amp.a(bm_env.o)
                0x01003b88                env_init
 .text.env_deinit
                0x01003ba4       0x1c c:/users/nrasheed/open-amp-master/libs/open_amp\libopen_amp.a(bm_env.o)
                0x01003ba4                env_deinit
 .text.env_allocate_memory
                0x01003bc0       0x28 c:/users/nrasheed/open-amp-master/libs/open_amp\libopen_amp.a(bm_env.o)
                0x01003bc0                env_allocate_memory
 .text.env_free_memory
                0x01003be8       0x2c c:/users/nrasheed/open-amp-master/libs/open_amp\libopen_amp.a(bm_env.o)
                0x01003be8                env_free_memory
 .text.env_memset
                0x01003c14       0x30 c:/users/nrasheed/open-amp-master/libs/open_amp\libopen_amp.a(bm_env.o)
                0x01003c14                env_memset
 .text.env_memcpy
                0x01003c44       0x30 c:/users/nrasheed/open-amp-master/libs/open_amp\libopen_amp.a(bm_env.o)
                0x01003c44                env_memcpy
 .text.env_strncpy
                0x01003c74       0x30 c:/users/nrasheed/open-amp-master/libs/open_amp\libopen_amp.a(bm_env.o)
                0x01003c74                env_strncpy
 .text.env_strncmp
                0x01003ca4       0x38 c:/users/nrasheed/open-amp-master/libs/open_amp\libopen_amp.a(bm_env.o)
                0x01003ca4                env_strncmp
 .text.env_mb   0x01003cdc       0x14 c:/users/nrasheed/open-amp-master/libs/open_amp\libopen_amp.a(bm_env.o)
                0x01003cdc                env_mb
 .text.env_rmb  0x01003cf0       0x14 c:/users/nrasheed/open-amp-master/libs/open_amp\libopen_amp.a(bm_env.o)
                0x01003cf0                env_rmb
 .text.env_wmb  0x01003d04       0x14 c:/users/nrasheed/open-amp-master/libs/open_amp\libopen_amp.a(bm_env.o)
                0x01003d04                env_wmb
 .text.env_map_vatopa
                0x01003d18       0x24 c:/users/nrasheed/open-amp-master/libs/open_amp\libopen_amp.a(bm_env.o)
                0x01003d18                env_map_vatopa
 .text.env_map_patova
                0x01003d3c       0x24 c:/users/nrasheed/open-amp-master/libs/open_amp\libopen_amp.a(bm_env.o)
                0x01003d3c                env_map_patova
 .text.env_create_mutex
                0x01003d60       0x28 c:/users/nrasheed/open-amp-master/libs/open_amp\libopen_amp.a(bm_env.o)
                0x01003d60                env_create_mutex
 .text.env_delete_mutex
                0x01003d88       0x1c c:/users/nrasheed/open-amp-master/libs/open_amp\libopen_amp.a(bm_env.o)
                0x01003d88                env_delete_mutex
 .text.env_lock_mutex
                0x01003da4       0x1c c:/users/nrasheed/open-amp-master/libs/open_amp\libopen_amp.a(bm_env.o)
                0x01003da4                env_lock_mutex
 .text.env_unlock_mutex
                0x01003dc0       0x1c c:/users/nrasheed/open-amp-master/libs/open_amp\libopen_amp.a(bm_env.o)
                0x01003dc0                env_unlock_mutex
 .text.env_sleep_msec
                0x01003ddc       0x1c c:/users/nrasheed/open-amp-master/libs/open_amp\libopen_amp.a(bm_env.o)
                0x01003ddc                env_sleep_msec
 .text.env_disable_interrupts
                0x01003df8       0x34 c:/users/nrasheed/open-amp-master/libs/open_amp\libopen_amp.a(bm_env.o)
                0x01003df8                env_disable_interrupts
 .text.env_restore_interrupts
                0x01003e2c       0x34 c:/users/nrasheed/open-amp-master/libs/open_amp\libopen_amp.a(bm_env.o)
                0x01003e2c                env_restore_interrupts
 .text.env_register_isr
                0x01003e60       0xe8 c:/users/nrasheed/open-amp-master/libs/open_amp\libopen_amp.a(bm_env.o)
                0x01003e60                env_register_isr
 .text.env_enable_interrupt
                0x01003f48       0xfc c:/users/nrasheed/open-amp-master/libs/open_amp\libopen_amp.a(bm_env.o)
                0x01003f48                env_enable_interrupt
 .text.env_disable_interrupt
                0x01004044       0x24 c:/users/nrasheed/open-amp-master/libs/open_amp\libopen_amp.a(bm_env.o)
                0x01004044                env_disable_interrupt
 .text.env_map_memory
                0x01004068       0xac c:/users/nrasheed/open-amp-master/libs/open_amp\libopen_amp.a(bm_env.o)
                0x01004068                env_map_memory
 .text.env_disable_cache
                0x01004114      0x238 c:/users/nrasheed/open-amp-master/libs/open_amp\libopen_amp.a(bm_env.o)
                0x01004114                env_disable_cache
 .text.bm_env_isr
                0x0100434c       0xd8 c:/users/nrasheed/open-amp-master/libs/open_amp\libopen_amp.a(bm_env.o)
                0x0100434c                bm_env_isr
 .text.vring_size
                0x01004424       0x84 c:/users/nrasheed/open-amp-master/libs/open_amp\libopen_amp.a(remote_device.o)
 .text.rpmsg_rdev_init
                0x010044a8      0x1d4 c:/users/nrasheed/open-amp-master/libs/open_amp\libopen_amp.a(remote_device.o)
                0x010044a8                rpmsg_rdev_init
 .text.rpmsg_rdev_deinit
                0x0100467c      0x184 c:/users/nrasheed/open-amp-master/libs/open_amp\libopen_amp.a(remote_device.o)
                0x0100467c                rpmsg_rdev_deinit
 .text.rpmsg_rdev_get_chnl_node_from_id
                0x01004800       0xb0 c:/users/nrasheed/open-amp-master/libs/open_amp\libopen_amp.a(remote_device.o)
                0x01004800                rpmsg_rdev_get_chnl_node_from_id
 .text.rpmsg_rdev_get_endpoint_from_addr
                0x010048b0       0xa4 c:/users/nrasheed/open-amp-master/libs/open_amp\libopen_amp.a(remote_device.o)
                0x010048b0                rpmsg_rdev_get_endpoint_from_addr
 .text.rpmsg_rdev_notify
                0x01004954       0x98 c:/users/nrasheed/open-amp-master/libs/open_amp\libopen_amp.a(remote_device.o)
                0x01004954                rpmsg_rdev_notify
 .text.rpmsg_rdev_init_channels
                0x010049ec      0x10c c:/users/nrasheed/open-amp-master/libs/open_amp\libopen_amp.a(remote_device.o)
 .text.rpmsg_rdev_create_virtqueues
                0x01004af8      0x338 c:/users/nrasheed/open-amp-master/libs/open_amp\libopen_amp.a(remote_device.o)
                0x01004af8                rpmsg_rdev_create_virtqueues
 .text.rpmsg_rdev_get_status
                0x01004e30       0x24 c:/users/nrasheed/open-amp-master/libs/open_amp\libopen_amp.a(remote_device.o)
                0x01004e30                rpmsg_rdev_get_status
 .text.rpmsg_rdev_set_status
                0x01004e54       0x24 c:/users/nrasheed/open-amp-master/libs/open_amp\libopen_amp.a(remote_device.o)
                0x01004e54                rpmsg_rdev_set_status
 .text.rpmsg_rdev_get_feature
                0x01004e78       0x28 c:/users/nrasheed/open-amp-master/libs/open_amp\libopen_amp.a(remote_device.o)
                0x01004e78                rpmsg_rdev_get_feature
 .text.rpmsg_rdev_set_feature
                0x01004ea0       0x38 c:/users/nrasheed/open-amp-master/libs/open_amp\libopen_amp.a(remote_device.o)
                0x01004ea0                rpmsg_rdev_set_feature
 .text.rpmsg_rdev_negotiate_feature
                0x01004ed8       0x28 c:/users/nrasheed/open-amp-master/libs/open_amp\libopen_amp.a(remote_device.o)
                0x01004ed8                rpmsg_rdev_negotiate_feature
 .text.rpmsg_rdev_read_config
                0x01004f00       0x2c c:/users/nrasheed/open-amp-master/libs/open_amp\libopen_amp.a(remote_device.o)
                0x01004f00                rpmsg_rdev_read_config
 .text.rpmsg_rdev_write_config
                0x01004f2c       0x2c c:/users/nrasheed/open-amp-master/libs/open_amp\libopen_amp.a(remote_device.o)
                0x01004f2c                rpmsg_rdev_write_config
 .text.rpmsg_rdev_reset
                0x01004f58       0x20 c:/users/nrasheed/open-amp-master/libs/open_amp\libopen_amp.a(remote_device.o)
                0x01004f58                rpmsg_rdev_reset
 .text._enable_interrupt
                0x01004f78       0x64 c:/users/nrasheed/open-amp-master/libs/open_amp\libopen_amp.a(platform.o)
                0x01004f78                _enable_interrupt
 .text._notify  0x01004fdc       0x68 c:/users/nrasheed/open-amp-master/libs/open_amp\libopen_amp.a(platform.o)
                0x01004fdc                _notify
 .text._boot_cpu
                0x01005044      0x104 c:/users/nrasheed/open-amp-master/libs/open_amp\libopen_amp.a(platform.o)
                0x01005044                _boot_cpu
 .text._shutdown_cpu
                0x01005148       0x54 c:/users/nrasheed/open-amp-master/libs/open_amp\libopen_amp.a(platform.o)
                0x01005148                _shutdown_cpu
 .text.platform_isr
                0x0100519c       0x24 c:/users/nrasheed/open-amp-master/libs/open_amp\libopen_amp.a(platform.o)
                0x0100519c                platform_isr
 .text          0x010051c0        0x8 c:/users/nrasheed/open-amp-master/libs/open_amp\libopen_amp.a(cyclone_trampoline.o)
                0x010051c0                cyclone_trampoline
                0x010051c8                cyclone_trampoline_jump
                0x010051c8                cyclone_trampoline_end
 .text.cyclone_v_soc_dk_gic_initialize
                0x010051c8       0x58 c:/users/nrasheed/open-amp-master/libs/system/cyclone_v_soc_dk/baremetal\libbaremetal_remote.a(baremetal.o)
                0x010051c8                cyclone_v_soc_dk_gic_initialize
 .text.cyclone_v_soc_dk_gic_pr_int_initialize
                0x01005220       0xac c:/users/nrasheed/open-amp-master/libs/system/cyclone_v_soc_dk/baremetal\libbaremetal_remote.a(baremetal.o)
                0x01005220                cyclone_v_soc_dk_gic_pr_int_initialize
 .text.cyclone_v_soc_dk_gic_interrupt_enable
                0x010052cc      0x148 c:/users/nrasheed/open-amp-master/libs/system/cyclone_v_soc_dk/baremetal\libbaremetal_remote.a(baremetal.o)
                0x010052cc                cyclone_v_soc_dk_gic_interrupt_enable
 .text.cyclone_v_soc_dk_gic_interrupt_disable
                0x01005414       0xfc c:/users/nrasheed/open-amp-master/libs/system/cyclone_v_soc_dk/baremetal\libbaremetal_remote.a(baremetal.o)
                0x01005414                cyclone_v_soc_dk_gic_interrupt_disable
 .text.arm_arch_install_isr_vector_table
                0x01005510       0x70 c:/users/nrasheed/open-amp-master/libs/system/cyclone_v_soc_dk/baremetal\libbaremetal_remote.a(baremetal.o)
                0x01005510                arm_arch_install_isr_vector_table
 .text.__cs3_isr_irq
                0x01005580       0x4c c:/users/nrasheed/open-amp-master/libs/system/cyclone_v_soc_dk/baremetal\libbaremetal_remote.a(baremetal.o)
                0x01005580                __cs3_isr_irq
 .text.__cs3_isr_fiq
                0x010055cc        0x8 c:/users/nrasheed/open-amp-master/libs/system/cyclone_v_soc_dk/baremetal\libbaremetal_remote.a(baremetal.o)
                0x010055cc                __cs3_isr_fiq
 .text.get_cpu_id_arm
                0x010055d4       0x34 c:/users/nrasheed/open-amp-master/libs/system/cyclone_v_soc_dk/baremetal\libbaremetal_remote.a(baremetal.o)
 .text.restore_global_interrupts
                0x01005608       0x4c c:/users/nrasheed/open-amp-master/libs/system/cyclone_v_soc_dk/baremetal\libbaremetal_remote.a(baremetal.o)
                0x01005608                restore_global_interrupts
 .text.disable_global_interrupts
                0x01005654       0x8c c:/users/nrasheed/open-amp-master/libs/system/cyclone_v_soc_dk/baremetal\libbaremetal_remote.a(baremetal.o)
                0x01005654                disable_global_interrupts
 .text.init_arm_stacks
                0x010056e0       0x58 c:/users/nrasheed/open-amp-master/libs/system/cyclone_v_soc_dk/baremetal\libbaremetal_remote.a(baremetal.o)
                0x010056e0                init_arm_stacks
 .text.arm_ar_mem_enable_mmu
                0x01005738      0x3b4 c:/users/nrasheed/open-amp-master/libs/system/cyclone_v_soc_dk/baremetal\libbaremetal_remote.a(baremetal.o)
                0x01005738                arm_ar_mem_enable_mmu
 .text.arm_ar_map_mem_region
                0x01005aec      0x118 c:/users/nrasheed/open-amp-master/libs/system/cyclone_v_soc_dk/baremetal\libbaremetal_remote.a(baremetal.o)
                0x01005aec                arm_ar_map_mem_region
 .text._fstat   0x01005c04       0x28 c:/users/nrasheed/open-amp-master/libs/system/cyclone_v_soc_dk/baremetal\libbaremetal_remote.a(baremetal.o)
                0x01005c04                _fstat
 .text._isatty  0x01005c2c       0x24 c:/users/nrasheed/open-amp-master/libs/system/cyclone_v_soc_dk/baremetal\libbaremetal_remote.a(baremetal.o)
                0x01005c2c                _isatty
 .text._lseek   0x01005c50       0x2c c:/users/nrasheed/open-amp-master/libs/system/cyclone_v_soc_dk/baremetal\libbaremetal_remote.a(baremetal.o)
                0x01005c50                _lseek
 *fill*         0x01005c7c        0x4 
 .text          0x01005c80      0x310 c:/mgc/embedded201406/readystart-arm/codebench/bin/../lib/gcc/arm-none-eabi/4.8.3/../../../../arm-none-eabi/lib\libc.a(lib_a-asm-memcpy.o)
                0x01005c80                memcpy
 .text          0x01005f90       0x40 c:/mgc/embedded201406/readystart-arm/codebench/bin/../lib/gcc/arm-none-eabi/4.8.3/../../../../arm-none-eabi/lib\libc.a(lib_a-malloc.o)
                0x01005f90                malloc
                0x01005fb0                free
 .text          0x01005fd0      0x5e4 c:/mgc/embedded201406/readystart-arm/codebench/bin/../lib/gcc/arm-none-eabi/4.8.3/../../../../arm-none-eabi/lib\libc.a(lib_a-mallocr.o)
                0x01005fd0                _malloc_r
 .text          0x010065b4      0x110 c:/mgc/embedded201406/readystart-arm/codebench/bin/../lib/gcc/arm-none-eabi/4.8.3/../../../../arm-none-eabi/lib\libc.a(lib_a-memset.o)
                0x010065b4                memset
 .text          0x010066c4        0x8 c:/mgc/embedded201406/readystart-arm/codebench/bin/../lib/gcc/arm-none-eabi/4.8.3/../../../../arm-none-eabi/lib\libc.a(lib_a-mlock.o)
                0x010066c4                __malloc_lock
                0x010066c8                __malloc_unlock
 .text          0x010066cc       0x40 c:/mgc/embedded201406/readystart-arm/codebench/bin/../lib/gcc/arm-none-eabi/4.8.3/../../../../arm-none-eabi/lib\libc.a(lib_a-printf.o)
                0x010066cc                printf
 .text.startup  0x0100670c       0x70 c:/mgc/embedded201406/readystart-arm/codebench/bin/../lib/gcc/arm-none-eabi/4.8.3/../../../../arm-none-eabi/lib\libc.a(lib_a-stdout.o)
 .text          0x0100677c      0x248 c:/mgc/embedded201406/readystart-arm/codebench/bin/../lib/gcc/arm-none-eabi/4.8.3/../../../../arm-none-eabi/lib\libc.a(lib_a-strcmp.o)
                0x0100677c                strcmp
 .text          0x010069c4       0x60 c:/mgc/embedded201406/readystart-arm/codebench/bin/../lib/gcc/arm-none-eabi/4.8.3/../../../../arm-none-eabi/lib\libc.a(lib_a-strlen.o)
                0x010069c4                strlen
 .text          0x01006a24      0x160 c:/mgc/embedded201406/readystart-arm/codebench/bin/../lib/gcc/arm-none-eabi/4.8.3/../../../../arm-none-eabi/lib\libc.a(lib_a-strncmp.o)
                0x01006a24                strncmp
 .text          0x01006b84       0xd4 c:/mgc/embedded201406/readystart-arm/codebench/bin/../lib/gcc/arm-none-eabi/4.8.3/../../../../arm-none-eabi/lib\libc.a(lib_a-strncpy.o)
                0x01006b84                strncpy
 .text          0x01006c58     0x163c c:/mgc/embedded201406/readystart-arm/codebench/bin/../lib/gcc/arm-none-eabi/4.8.3/../../../../arm-none-eabi/lib\libc.a(lib_a-vfprintf.o)
                0x01006c58                _vfprintf_r
                0x01008268                vfprintf
 .text          0x01008294       0x38 c:/mgc/embedded201406/readystart-arm/codebench/bin/../lib/gcc/arm-none-eabi/4.8.3/../../../../arm-none-eabi/lib\libc.a(lib_a-vfsprint.o)
                0x01008294                __sprint_r
 .text          0x010082cc       0xf8 c:/mgc/embedded201406/readystart-arm/codebench/bin/../lib/gcc/arm-none-eabi/4.8.3/../../../../arm-none-eabi/lib\libc.a(lib_a-wsetup.o)
                0x010082cc                __swsetup_r
 .text          0x010083c4      0x400 c:/mgc/embedded201406/readystart-arm/codebench/bin/../lib/gcc/arm-none-eabi/4.8.3/../../../../arm-none-eabi/lib\libc.a(lib_a-__fpspecifierhelp.o)
                0x010083c4                __handle_fp_specifiers
 .text          0x010087c4     0x141c c:/mgc/embedded201406/readystart-arm/codebench/bin/../lib/gcc/arm-none-eabi/4.8.3/../../../../arm-none-eabi/lib\libc.a(lib_a-dtoa.o)
                0x01008970                dtoa
 .text          0x01009be0      0x25c c:/mgc/embedded201406/readystart-arm/codebench/bin/../lib/gcc/arm-none-eabi/4.8.3/../../../../arm-none-eabi/lib\libc.a(lib_a-fflush.o)
                0x01009be0                _fflush_r
                0x01009e08                fflush
 .text          0x01009e3c      0x33c c:/mgc/embedded201406/readystart-arm/codebench/bin/../lib/gcc/arm-none-eabi/4.8.3/../../../../arm-none-eabi/lib\libc.a(lib_a-freer.o)
                0x01009e3c                _malloc_trim_r
                0x01009f2c                _free_r
 .text          0x0100a178      0x3c0 c:/mgc/embedded201406/readystart-arm/codebench/bin/../lib/gcc/arm-none-eabi/4.8.3/../../../../arm-none-eabi/lib\libc.a(lib_a-fvwrite.o)
                0x0100a178                __sfvwrite_r
 .text          0x0100a538       0x74 c:/mgc/embedded201406/readystart-arm/codebench/bin/../lib/gcc/arm-none-eabi/4.8.3/../../../../arm-none-eabi/lib\libc.a(lib_a-fwalk.o)
                0x0100a538                _fwalk_nonreent
 .text          0x0100a5ac       0xa8 c:/mgc/embedded201406/readystart-arm/codebench/bin/../lib/gcc/arm-none-eabi/4.8.3/../../../../arm-none-eabi/lib\libc.a(lib_a-locale.o)
                0x0100a5ac                setlocale
                0x0100a618                __locale_charset
                0x0100a624                __locale_mb_cur_max
                0x0100a634                __locale_msgcharset
                0x0100a640                __locale_cjk_lang
                0x0100a648                localeconv
 .text          0x0100a654       0xe8 c:/mgc/embedded201406/readystart-arm/codebench/bin/../lib/gcc/arm-none-eabi/4.8.3/../../../../arm-none-eabi/lib\libc.a(lib_a-makebuf.o)
                0x0100a654                __smakebuf_r
 .text          0x0100a73c      0x114 c:/mgc/embedded201406/readystart-arm/codebench/bin/../lib/gcc/arm-none-eabi/4.8.3/../../../../arm-none-eabi/lib\libc.a(lib_a-memchr.o)
                0x0100a73c                memchr
 .text          0x0100a850      0x134 c:/mgc/embedded201406/readystart-arm/codebench/bin/../lib/gcc/arm-none-eabi/4.8.3/../../../../arm-none-eabi/lib\libc.a(lib_a-memmove.o)
                0x0100a850                memmove
 .text          0x0100a984      0xbc0 c:/mgc/embedded201406/readystart-arm/codebench/bin/../lib/gcc/arm-none-eabi/4.8.3/../../../../arm-none-eabi/lib\libc.a(lib_a-mprec.o)
                0x0100a984                _Balloc
                0x0100aa10                _Bfree
                0x0100aa38                __multadd
                0x0100aaf4                __s2b
                0x0100abc4                __hi0bits
                0x0100ac28                __lo0bits
                0x0100acbc                __i2b
                0x0100ace0                __multiply
                0x0100ae78                __pow5mult
                0x0100af5c                __lshift
                0x0100b044                __mcmp
                0x0100b0a4                __mdiff
                0x0100b1c0                __ulp
                0x0100b21c                __b2d
                0x0100b2d8                __d2b
                0x0100b3d8                __ratio
                0x0100b448                _mprec_log10
                0x0100b498                __copybits
                0x0100b4d8                __any_on
 .text          0x0100b544       0x2c c:/mgc/embedded201406/readystart-arm/codebench/bin/../lib/gcc/arm-none-eabi/4.8.3/../../../../arm-none-eabi/lib\libc.a(lib_a-s_isinf.o)
                0x0100b544                isinf
 .text          0x0100b570       0x20 c:/mgc/embedded201406/readystart-arm/codebench/bin/../lib/gcc/arm-none-eabi/4.8.3/../../../../arm-none-eabi/lib\libc.a(lib_a-s_isnan.o)
                0x0100b570                isnan
 .text          0x0100b590        0x8 c:/mgc/embedded201406/readystart-arm/codebench/bin/../lib/gcc/arm-none-eabi/4.8.3/../../../../arm-none-eabi/lib\libc.a(lib_a-sfplock.o)
                0x0100b590                __sfp_lock_acquire
                0x0100b594                __sfp_lock_release
 .text          0x0100b598       0x50 c:/mgc/embedded201406/readystart-arm/codebench/bin/../lib/gcc/arm-none-eabi/4.8.3/../../../../arm-none-eabi/lib\libc.a(lib_a-sinit.o)
                0x0100b598                __sinit
                0x0100b5e0                __sinit_lock_acquire
                0x0100b5e4                __sinit_lock_release
 .text          0x0100b5e8      0x154 c:/mgc/embedded201406/readystart-arm/codebench/bin/../lib/gcc/arm-none-eabi/4.8.3/../../../../arm-none-eabi/lib\libc.a(lib_a-stdio.o)
                0x0100b5e8                __sread
                0x0100b624                __sseek
                0x0100b660                __swrite
                0x0100b6ac                __sclose
                0x0100b6c0                _cslibc_global_std
 .text          0x0100b73c      0x100 c:/mgc/embedded201406/readystart-arm/codebench/bin/../lib/gcc/arm-none-eabi/4.8.3/../../../../arm-none-eabi/lib\libc.a(lib_a-__stdiobufferinghelp.o)
                0x0100b73c                __init_stdio_buffer
                0x0100b7d4                __alloc_stdio_buffer
                0x0100b828                __free_stdio_buffer
 .text          0x0100b83c       0x1c c:/mgc/embedded201406/readystart-arm/codebench/bin/../lib/gcc/arm-none-eabi/4.8.3/../../../../arm-none-eabi/lib\libc.a(lib_a-_cleanup.o)
                0x0100b83c                _cleanup_r
                0x0100b854                _cleanup
 .text          0x0100b858       0x28 c:/mgc/embedded201406/readystart-arm/codebench/bin/../lib/gcc/arm-none-eabi/4.8.3/../../../../arm-none-eabi/lib\libc.a(lib_a-calloc.o)
                0x0100b858                calloc
 .text          0x0100b880       0x90 c:/mgc/embedded201406/readystart-arm/codebench/bin/../lib/gcc/arm-none-eabi/4.8.3/../../../../arm-none-eabi/lib\libc.a(lib_a-callocr.o)
                0x0100b880                _calloc_r
 .text          0x0100b910       0xc4 c:/mgc/embedded201406/readystart-arm/codebench/bin/../lib/gcc/arm-none-eabi/4.8.3/../../../../arm-none-eabi/lib\libc.a(lib_a-fclose.o)
                0x0100b910                fclose
 .text          0x0100b9d4       0x4c c:/mgc/embedded201406/readystart-arm/codebench/bin/../lib/gcc/arm-none-eabi/4.8.3/../../../../arm-none-eabi/lib\libcs3.a(start_c.o)
                0x0100b9d4                __cs3_premain
 .text          0x0100ba20       0x6c c:/mgc/embedded201406/readystart-arm/codebench/bin/../lib/gcc/arm-none-eabi/4.8.3/../../../../arm-none-eabi/lib\libcs3.a(cycloneV-dk-reset-ram.o)
 .text          0x0100ba8c        0x4 c:/mgc/embedded201406/readystart-arm/codebench/bin/../lib/gcc/arm-none-eabi/4.8.3/../../../../arm-none-eabi/lib\libcs3arm.a(arm_isr_interrupt.o)
                0x0100ba8c                __cs3_isr_reserved
                0x0100ba8c                __cs3_isr_interrupt
 .text          0x0100ba90        0x4 c:/mgc/embedded201406/readystart-arm/codebench/bin/../lib/gcc/arm-none-eabi/4.8.3/../../../../arm-none-eabi/lib\libcs3arm.a(arm_isr_undef.o)
                0x0100ba90                __cs3_isr_undef
 .text          0x0100ba94        0x4 c:/mgc/embedded201406/readystart-arm/codebench/bin/../lib/gcc/arm-none-eabi/4.8.3/../../../../arm-none-eabi/lib\libcs3arm.a(arm_isr_swi.o)
                0x0100ba94                __cs3_isr_swi
 .text          0x0100ba98        0x4 c:/mgc/embedded201406/readystart-arm/codebench/bin/../lib/gcc/arm-none-eabi/4.8.3/../../../../arm-none-eabi/lib\libcs3arm.a(arm_isr_pabort.o)
                0x0100ba98                __cs3_isr_pabort
 .text          0x0100ba9c        0x4 c:/mgc/embedded201406/readystart-arm/codebench/bin/../lib/gcc/arm-none-eabi/4.8.3/../../../../arm-none-eabi/lib\libcs3arm.a(arm_isr_dabort.o)
                0x0100ba9c                __cs3_isr_dabort
 .text          0x0100baa0       0x1c c:/mgc/embedded201406/readystart-arm/codebench/bin/../lib/gcc/arm-none-eabi/4.8.3/../../../../arm-none-eabi/lib\libcs3unhosted.a(unhosted-_close.o)
                0x0100baa0                _close
 .text          0x0100babc       0x1c c:/mgc/embedded201406/readystart-arm/codebench/bin/../lib/gcc/arm-none-eabi/4.8.3/../../../../arm-none-eabi/lib\libcs3unhosted.a(unhosted-_read.o)
                0x0100babc                _read
 .text          0x0100bad8       0x1c c:/mgc/embedded201406/readystart-arm/codebench/bin/../lib/gcc/arm-none-eabi/4.8.3/../../../../arm-none-eabi/lib\libcs3unhosted.a(unhosted-_write.o)
                0x0100bad8                _write
 .text          0x0100baf4       0x70 c:/mgc/embedded201406/readystart-arm/codebench/bin/../lib/gcc/arm-none-eabi/4.8.3/../../../../arm-none-eabi/lib\libcs3unhosted.a(unhosted-sbrk.o)
                0x0100baf4                _sbrk
 .text          0x0100bb64       0x34 c:/mgc/embedded201406/readystart-arm/codebench/bin/../lib/gcc/arm-none-eabi/4.8.3/../../../../arm-none-eabi/lib\libc.a(lib_a-errno.o)
                0x0100bb64                __errno
                0x0100bb70                _get_errno
                0x0100bb80                _set_errno
 .text          0x0100bb98       0x88 c:/mgc/embedded201406/readystart-arm/codebench/bin/../lib/gcc/arm-none-eabi/4.8.3/../../../../arm-none-eabi/lib\libc.a(lib_a-init.o)
                0x0100bb98                __libc_init_array
 .text          0x0100bc20      0x114 c:/mgc/embedded201406/readystart-arm/codebench/bin/../lib/gcc/arm-none-eabi/4.8.3\libgcc.a(_udivsi3.o)
                0x0100bc20                __aeabi_uidiv
                0x0100bc20                __udivsi3
                0x0100bd14                __aeabi_uidivmod
 .text          0x0100bd34      0x148 c:/mgc/embedded201406/readystart-arm/codebench/bin/../lib/gcc/arm-none-eabi/4.8.3\libgcc.a(_divsi3.o)
                0x0100bd34                __divsi3
                0x0100bd34                __aeabi_idiv
                0x0100be5c                __aeabi_idivmod
 .text          0x0100be7c        0x4 c:/mgc/embedded201406/readystart-arm/codebench/bin/../lib/gcc/arm-none-eabi/4.8.3\libgcc.a(_dvmd_tls.o)
                0x0100be7c                __aeabi_idiv0
                0x0100be7c                __aeabi_ldiv0
 .text          0x0100be80      0x41c c:/mgc/embedded201406/readystart-arm/codebench/bin/../lib/gcc/arm-none-eabi/4.8.3\libgcc.a(_arm_addsubdf3.o)
                0x0100be80                __aeabi_drsub
                0x0100be88                __aeabi_dsub
                0x0100be88                __subdf3
                0x0100be8c                __aeabi_dadd
                0x0100be8c                __adddf3
                0x0100c19c                __floatunsidf
                0x0100c19c                __aeabi_ui2d
                0x0100c1c0                __floatsidf
                0x0100c1c0                __aeabi_i2d
                0x0100c1e8                __aeabi_f2d
                0x0100c1e8                __extendsfdf2
                0x0100c228                __floatundidf
                0x0100c228                __aeabi_ul2d
                0x0100c23c                __floatdidf
                0x0100c23c                __aeabi_l2d
 .text          0x0100c29c      0x49c c:/mgc/embedded201406/readystart-arm/codebench/bin/../lib/gcc/arm-none-eabi/4.8.3\libgcc.a(_arm_muldivdf3.o)
                0x0100c29c                __aeabi_dmul
                0x0100c29c                __muldf3
                0x0100c52c                __divdf3
                0x0100c52c                __aeabi_ddiv
 .text          0x0100c738      0x144 c:/mgc/embedded201406/readystart-arm/codebench/bin/../lib/gcc/arm-none-eabi/4.8.3\libgcc.a(_arm_cmpdf2.o)
                0x0100c738                __gtdf2
                0x0100c738                __gedf2
                0x0100c740                __ltdf2
                0x0100c740                __ledf2
                0x0100c748                __nedf2
                0x0100c748                __eqdf2
                0x0100c748                __cmpdf2
                0x0100c7d0                __aeabi_cdrcmple
                0x0100c7ec                __aeabi_cdcmpeq
                0x0100c7ec                __aeabi_cdcmple
                0x0100c804                __aeabi_dcmpeq
                0x0100c81c                __aeabi_dcmplt
                0x0100c834                __aeabi_dcmple
                0x0100c84c                __aeabi_dcmpge
                0x0100c864                __aeabi_dcmpgt
 .text          0x0100c87c       0x5c c:/mgc/embedded201406/readystart-arm/codebench/bin/../lib/gcc/arm-none-eabi/4.8.3\libgcc.a(_arm_fixdfsi.o)
                0x0100c87c                __aeabi_d2iz
                0x0100c87c                __fixdfsi
 .text          0x0100c8d8       0x3c c:/mgc/embedded201406/readystart-arm/codebench/bin/../lib/gcc/arm-none-eabi/4.8.3\libgcc.a(_aeabi_uldivmod.o)
                0x0100c8d8                __aeabi_uldivmod
 .text          0x0100c914       0x84 c:/mgc/embedded201406/readystart-arm/codebench/bin/../lib/gcc/arm-none-eabi/4.8.3\libgcc.a(bpabi.o)
                0x0100c914                __gnu_ldivmod_helper
                0x0100c958                __gnu_uldivmod_helper
 .text          0x0100c998      0x4d0 c:/mgc/embedded201406/readystart-arm/codebench/bin/../lib/gcc/arm-none-eabi/4.8.3\libgcc.a(_divdi3.o)
                0x0100c998                __divdi3
 .text          0x0100ce68      0x470 c:/mgc/embedded201406/readystart-arm/codebench/bin/../lib/gcc/arm-none-eabi/4.8.3\libgcc.a(_udivdi3.o)
                0x0100ce68                __udivdi3
 .text          0x0100d2d8       0x48 c:/mgc/embedded201406/readystart-arm/codebench/bin/../lib/gcc/arm-none-eabi/4.8.3\libgcc.a(_clzsi2.o)
                0x0100d2d8                __clzsi2
 *(.plt)
 *(.gnu.warning)
 *(.glue_7t)
 .glue_7t       0x00000000        0x0 linker stubs
 *(.glue_7)
 .glue_7        0x00000000        0x0 linker stubs
 *(.vfp11_veneer)
 .vfp11_veneer  0x00000000        0x0 linker stubs
 *(.ARM.extab* .gnu.linkonce.armextab.*)
 *(.gcc_except_table)

.v4_bx          0x0100d320        0x0
 .v4_bx         0x00000000        0x0 linker stubs

.iplt           0x0100d320        0x0
 .iplt          0x00000000        0x0 c:/mgc/embedded201406/readystart-arm/codebench/bin/../lib/gcc/arm-none-eabi/4.8.3/crtbegin.o

.eh_frame_hdr
 *(.eh_frame_hdr)
 *(.eh_frame_entry .eh_frame_entry.*)

.eh_frame       0x0100d320        0x4
 *(.eh_frame)
 .eh_frame      0x0100d320        0x0 c:/mgc/embedded201406/readystart-arm/codebench/bin/../lib/gcc/arm-none-eabi/4.8.3/crtbegin.o
 .eh_frame      0x0100d320        0x4 c:/mgc/embedded201406/readystart-arm/codebench/bin/../lib/gcc/arm-none-eabi/4.8.3/crtend.o
 *(.eh_frame.*)
                0x0100d324                PROVIDE (__exidx_start, .)

.ARM.exidx      0x0100d324        0x8
 *(.ARM.exidx* .gnu.linkonce.armexidx.*)
 .ARM.exidx     0x0100d324        0x8 c:/mgc/embedded201406/readystart-arm/codebench/bin/../lib/gcc/arm-none-eabi/4.8.3\libgcc.a(_divdi3.o)
 .ARM.exidx     0x0100d32c        0x0 c:/mgc/embedded201406/readystart-arm/codebench/bin/../lib/gcc/arm-none-eabi/4.8.3\libgcc.a(_udivdi3.o)
                                  0x8 (size before relaxing)
                0x0100d32c                PROVIDE (__exidx_end, .)

.rel.dyn        0x0100d32c        0x0
 .rel.iplt      0x00000000        0x0 c:/mgc/embedded201406/readystart-arm/codebench/bin/../lib/gcc/arm-none-eabi/4.8.3/crtbegin.o

.rodata         0x0100d330      0x310
 *(.rodata .rodata.* .gnu.linkonce.r.*)
 .rodata        0x0100d330       0x10 c:/users/nrasheed/open-amp-master/libs/open_amp\libopen_amp.a(rpmsg_core.o)
 .rodata        0x0100d340       0xc0 c:/users/nrasheed/open-amp-master/libs/open_amp\libopen_amp.a(virtqueue.o)
 .rodata        0x0100d400       0x20 c:/mgc/embedded201406/readystart-arm/codebench/bin/../lib/gcc/arm-none-eabi/4.8.3/../../../../arm-none-eabi/lib\libc.a(lib_a-vfprintf.o)
 .rodata.str1.1
                0x0100d420       0x2a c:/mgc/embedded201406/readystart-arm/codebench/bin/../lib/gcc/arm-none-eabi/4.8.3/../../../../arm-none-eabi/lib\libc.a(lib_a-vfprintf.o)
 .rodata.str1.1
                0x0100d44a       0x10 c:/mgc/embedded201406/readystart-arm/codebench/bin/../lib/gcc/arm-none-eabi/4.8.3/../../../../arm-none-eabi/lib\libc.a(lib_a-__fpspecifierhelp.o)
 .rodata.str1.1
                0x0100d45a        0xd c:/mgc/embedded201406/readystart-arm/codebench/bin/../lib/gcc/arm-none-eabi/4.8.3/../../../../arm-none-eabi/lib\libc.a(lib_a-dtoa.o)
                                  0xf (size before relaxing)
 *fill*         0x0100d467        0x1 
 .rodata        0x0100d468       0x38 c:/mgc/embedded201406/readystart-arm/codebench/bin/../lib/gcc/arm-none-eabi/4.8.3/../../../../arm-none-eabi/lib\libc.a(lib_a-locale.o)
 .rodata.str1.1
                0x0100d4a0       0x10 c:/mgc/embedded201406/readystart-arm/codebench/bin/../lib/gcc/arm-none-eabi/4.8.3/../../../../arm-none-eabi/lib\libc.a(lib_a-locale.o)
                                 0x11 (size before relaxing)
 .rodata        0x0100d4b0      0x128 c:/mgc/embedded201406/readystart-arm/codebench/bin/../lib/gcc/arm-none-eabi/4.8.3/../../../../arm-none-eabi/lib\libc.a(lib_a-mprec.o)
                0x0100d4c0                __mprec_tens
                0x0100d588                __mprec_tinytens
                0x0100d5b0                __mprec_bigtens
                0x0100d5d8                . = ALIGN (0x4)
 *(.init)
 .init          0x0100d5d8        0xc c:/mgc/embedded201406/readystart-arm/codebench/bin/../lib/gcc/arm-none-eabi/4.8.3/crti.o
                0x0100d5d8                _init
 .init          0x0100d5e4        0xc c:/mgc/embedded201406/readystart-arm/codebench/bin/../lib/gcc/arm-none-eabi/4.8.3/crtn.o
                0x0100d5f0                . = ALIGN (0x4)
                0x0100d5f0                __preinit_array_start = .
 *(.preinit_array)
 .preinit_array
                0x0100d5f0        0x4 c:/mgc/embedded201406/readystart-arm/codebench/bin/../lib/gcc/arm-none-eabi/4.8.3/../../../../arm-none-eabi/lib\libcs3.a(cycloneV-dk-reset-ram.o)
                0x0100d5f4                __preinit_array_end = .
                0x0100d5f4                . = ALIGN (0x4)
                0x0100d5f4                __init_array_start = .
 *(SORT(.init_array.*))
 .init_array.00005
                0x0100d5f4        0x4 c:/mgc/embedded201406/readystart-arm/codebench/bin/../lib/gcc/arm-none-eabi/4.8.3/../../../../arm-none-eabi/lib\libc.a(lib_a-stdout.o)
 *(.init_array)
 .init_array    0x0100d5f8        0x4 c:/mgc/embedded201406/readystart-arm/codebench/bin/../lib/gcc/arm-none-eabi/4.8.3/crtbegin.o
                0x0100d5fc                __init_array_end = .
                0x0100d5fc                . = ALIGN (0x4)
 *(.fini)
 .fini          0x0100d5fc        0xc c:/mgc/embedded201406/readystart-arm/codebench/bin/../lib/gcc/arm-none-eabi/4.8.3/crti.o
                0x0100d5fc                _fini
 .fini          0x0100d608        0xc c:/mgc/embedded201406/readystart-arm/codebench/bin/../lib/gcc/arm-none-eabi/4.8.3/crtn.o
                0x0100d614                . = ALIGN (0x4)
                0x0100d614                __fini_array_start = .
 *(.fini_array)
 .fini_array    0x0100d614        0x4 c:/mgc/embedded201406/readystart-arm/codebench/bin/../lib/gcc/arm-none-eabi/4.8.3/crtbegin.o
 *(SORT(.fini_array.*))
                0x0100d618                __fini_array_end = .
                0x0100d618                . = ALIGN (0x4)
 *crtbegin.o(.ctors)
 *(EXCLUDE_FILE(*crtend.o) .ctors)
 *(SORT(.ctors.*))
 *crtend.o(.ctors)
                0x0100d618                . = ALIGN (0x4)
 *crtbegin.o(.dtors)
 *(EXCLUDE_FILE(*crtend.o) .dtors)
 *(SORT(.dtors.*))
 *crtend.o(.dtors)
                0x0100d618                . = ALIGN (0x4)
                0x0100d618                __cs3_regions = .
                0x0100d618        0x4 LONG 0x0
                0x0100d61c        0x4 LONG 0xffff0000 __cs3_region_init_oc_ram
                0x0100d620        0x4 LONG 0xffff0000 __cs3_region_start_oc_ram
                0x0100d624        0x4 LONG 0x0 __cs3_region_init_size_oc_ram
                0x0100d628        0x4 LONG 0x0 __cs3_region_zero_size_oc_ram
                0x0100d62c        0x4 LONG 0x0
                0x0100d630        0x4 LONG 0x1000000 __cs3_region_init_ram
                0x0100d634        0x4 LONG 0x1000000 __cs3_region_start_ram
                0x0100d638        0x4 LONG 0xdcb0 __cs3_region_init_size_ram
                0x0100d63c        0x4 LONG 0x2370 __cs3_region_zero_size_ram
                0x0100d640                __cs3_regions_end = .
                0x0100d640                . = ALIGN (0x8)
                0x0100d640                _etext = .
                0x00000001                ASSERT (! ((__cs3_region_init_oc_ram & 0x7)), __cs3_region_init_oc_ram not aligned)
                0x00000001                ASSERT (! ((__cs3_region_start_oc_ram & 0x7)), __cs3_region_start_oc_ram not aligned)
                0x00000001                ASSERT (! ((__cs3_region_init_size_oc_ram & 0x7)), __cs3_region_init_size_oc_ram not aligned)
                0x00000001                ASSERT (! ((__cs3_region_zero_size_oc_ram & 0x7)), __cs3_region_zero_size_oc_ram not aligned)
                0x00000001                ASSERT (! ((__cs3_region_init_ram & 0x7)), __cs3_region_init_ram not aligned)
                0x00000001                ASSERT (! ((__cs3_region_start_ram & 0x7)), __cs3_region_start_ram not aligned)
                0x00000001                ASSERT (! ((__cs3_region_init_size_ram & 0x7)), __cs3_region_init_size_ram not aligned)
                0x00000001                ASSERT (! ((__cs3_region_zero_size_ram & 0x7)), __cs3_region_zero_size_ram not aligned)

.resource_table
                0x0100d640       0xac
 .resource_table
                0x0100d640       0xac tests/remote/baremetal/func_test_suite/rsc_table.o
                0x0100d640                resources

.cs3.boot_rom   0xfffd0000        0x0
                0xfffd0000                __cs3_region_start_boot_rom = .
 *(.cs3.region-head.boot_rom)
 *(.boot_rom)
                0xfffd0000                . = ALIGN (0x8)

.cs3.boot_rom.bss
                0xfffd0000        0x0
 *(.boot_rom.b .bss.boot_rom)
                0xfffd0000                . = ALIGN (0x8)
                0xfffe0000                __cs3_region_end_boot_rom = (__cs3_region_start_boot_rom + 0x10000)
                0x00010000                __cs3_region_size_boot_rom = 0x10000
                0xfffd0000                __cs3_region_init_boot_rom = LOADADDR (.cs3.boot_rom)
                0x00000000                __cs3_region_init_size_boot_rom = (LOADADDR (.cs3.boot_rom.bss) - LOADADDR (.cs3.boot_rom))
                0x00000000                __cs3_region_zero_size_boot_rom = SIZEOF (.cs3.boot_rom.bss)

.cs3.oc_ram     0xffff0000        0x0
                0xffff0000                __cs3_region_start_oc_ram = .
 *(.cs3.region-head.oc_ram)
 *(.oc_ram)
                0xffff0000                . = ALIGN (0x8)

.cs3.oc_ram.bss
                0xffff0000        0x0
 *(.oc_ram.b .bss.oc_ram)
                0xffff0000                . = ALIGN (0x8)
                0x00000000                __cs3_region_end_oc_ram = (__cs3_region_start_oc_ram + 0x10000)
                0x00010000                __cs3_region_size_oc_ram = 0x10000
                0xffff0000                __cs3_region_init_oc_ram = LOADADDR (.cs3.oc_ram)
                0x00000000                __cs3_region_init_size_oc_ram = (LOADADDR (.cs3.oc_ram.bss) - LOADADDR (.cs3.oc_ram))
                0x00000000                __cs3_region_zero_size_oc_ram = SIZEOF (.cs3.oc_ram.bss)

.data           0x0100d6f0      0x5c0
 *(.jcr)
 .jcr           0x0100d6f0        0x0 c:/mgc/embedded201406/readystart-arm/codebench/bin/../lib/gcc/arm-none-eabi/4.8.3/crtbegin.o
 .jcr           0x0100d6f0        0x4 c:/mgc/embedded201406/readystart-arm/codebench/bin/../lib/gcc/arm-none-eabi/4.8.3/crtend.o
 *(.got.plt)
 *(.got)
 *(.shdata)
 *(.data .data.* .gnu.linkonce.d.*)
 .data.firmware_name
                0x0100d6f4       0x28 tests/remote/baremetal/func_test_suite/func_test_suite.o
 .data.rsc_handler_table
                0x0100d71c       0x14 c:/users/nrasheed/open-amp-master/libs/open_amp\libopen_amp.a(rsc_table_parser.o)
                0x0100d71c                rsc_handler_table
 .data.proc_table
                0x0100d730      0x120 c:/users/nrasheed/open-amp-master/libs/open_amp\libopen_amp.a(platform_info.o)
                0x0100d730                proc_table
 .data.Intr_Enable_Flag
                0x0100d850        0x4 c:/users/nrasheed/open-amp-master/libs/open_amp\libopen_amp.a(bm_env.o)
                0x0100d850                Intr_Enable_Flag
 .data.rpmsg_rdev_config_ops
                0x0100d854       0x24 c:/users/nrasheed/open-amp-master/libs/open_amp\libopen_amp.a(remote_device.o)
                0x0100d854                rpmsg_rdev_config_ops
 .data.proc_ops
                0x0100d878       0x18 c:/users/nrasheed/open-amp-master/libs/open_amp\libopen_amp.a(platform.o)
                0x0100d878                proc_ops
 .data          0x0100d890      0x410 c:/mgc/embedded201406/readystart-arm/codebench/bin/../lib/gcc/arm-none-eabi/4.8.3/../../../../arm-none-eabi/lib\libc.a(lib_a-mallocr.o)
                0x0100d890                __malloc_av_
                0x0100dc98                __malloc_sbrk_base
                0x0100dc9c                __malloc_trim_threshold
 .data          0x0100dca0        0x4 c:/mgc/embedded201406/readystart-arm/codebench/bin/../lib/gcc/arm-none-eabi/4.8.3/../../../../arm-none-eabi/lib\libc.a(lib_a-impure.o)
                0x0100dca0                _csl_impure_ptr
 .data          0x0100dca4        0x4 c:/mgc/embedded201406/readystart-arm/codebench/bin/../lib/gcc/arm-none-eabi/4.8.3/../../../../arm-none-eabi/lib\libc.a(lib_a-locale.o)
                0x0100dca4                __mb_cur_max
 .data          0x0100dca8        0x4 c:/mgc/embedded201406/readystart-arm/codebench/bin/../lib/gcc/arm-none-eabi/4.8.3/../../../../arm-none-eabi/lib\libcs3unhosted.a(unhosted-sbrk.o)
 .data          0x0100dcac        0x4 c:/mgc/embedded201406/readystart-arm/codebench/bin/../lib/gcc/arm-none-eabi/4.8.3/../../../../arm-none-eabi/lib\libcs3.a(heap.o)
                0x0100dcac                __cs3_heap_limit
                0x0100dcb0                . = ALIGN (0x8)
 *(.ram)
                0x0100dcb0                . = ALIGN (0x8)
                0x0100dcb0                _edata = .

.tm_clone_table
                0x0100dcb0        0x0
 .tm_clone_table
                0x0100dcb0        0x0 c:/mgc/embedded201406/readystart-arm/codebench/bin/../lib/gcc/arm-none-eabi/4.8.3/crtbegin.o
 .tm_clone_table
                0x0100dcb0        0x0 c:/mgc/embedded201406/readystart-arm/codebench/bin/../lib/gcc/arm-none-eabi/4.8.3/crtend.o

.igot.plt       0x0100dcb0        0x0
 .igot.plt      0x00000000        0x0 c:/mgc/embedded201406/readystart-arm/codebench/bin/../lib/gcc/arm-none-eabi/4.8.3/crtbegin.o

.bss            0x0100dcb0     0x2370
 *(.shbss)
 *(.bss .bss.* .gnu.linkonce.b.*)
 .bss           0x0100dcb0       0x1c c:/mgc/embedded201406/readystart-arm/codebench/bin/../lib/gcc/arm-none-eabi/4.8.3/crtbegin.o
 .bss.intr_flag
                0x0100dccc        0x4 tests/remote/baremetal/func_test_suite/func_test_suite.o
 .bss.rp_ept    0x0100dcd0        0x4 tests/remote/baremetal/func_test_suite/func_test_suite.o
 .bss.app_rp_chnl
                0x0100dcd4        0x4 tests/remote/baremetal/func_test_suite/func_test_suite.o
 .bss.Src       0x0100dcd8        0x4 tests/remote/baremetal/func_test_suite/func_test_suite.o
 .bss.Len       0x0100dcdc        0x4 tests/remote/baremetal/func_test_suite/func_test_suite.o
 .bss.r_buffer  0x0100dce0      0x200 tests/remote/baremetal/func_test_suite/func_test_suite.o
 .bss.rsc_info  0x0100dee0        0x8 tests/remote/baremetal/func_test_suite/func_test_suite.o
 .bss.procs     0x0100dee8        0x4 c:/users/nrasheed/open-amp-master/libs/open_amp\libopen_amp.a(hil.o)
                0x0100dee8                procs
 .bss.isr_table
                0x0100deec       0x50 c:/users/nrasheed/open-amp-master/libs/open_amp\libopen_amp.a(bm_env.o)
                0x0100deec                isr_table
 .bss.Intr_Count
                0x0100df3c        0x4 c:/users/nrasheed/open-amp-master/libs/open_amp\libopen_amp.a(bm_env.o)
                0x0100df3c                Intr_Count
 .bss.ARM_AR_ISR_IRQ_Data
                0x0100df40      0x800 c:/users/nrasheed/open-amp-master/libs/system/cyclone_v_soc_dk/baremetal\libbaremetal_remote.a(baremetal.o)
                0x0100df40                ARM_AR_ISR_IRQ_Data
 .bss.ARM_AR_ISR_FIQ_Data
                0x0100e740      0x800 c:/users/nrasheed/open-amp-master/libs/system/cyclone_v_soc_dk/baremetal\libbaremetal_remote.a(baremetal.o)
                0x0100e740                ARM_AR_ISR_FIQ_Data
 .bss.ARM_AR_ISR_SUP_Stack
                0x0100ef40      0x800 c:/users/nrasheed/open-amp-master/libs/system/cyclone_v_soc_dk/baremetal\libbaremetal_remote.a(baremetal.o)
                0x0100ef40                ARM_AR_ISR_SUP_Stack
 .bss.ARM_AR_ISR_SYS_Stack
                0x0100f740      0x800 c:/users/nrasheed/open-amp-master/libs/system/cyclone_v_soc_dk/baremetal\libbaremetal_remote.a(baremetal.o)
                0x0100f740                ARM_AR_ISR_SYS_Stack
 .bss.old_value
                0x0100ff40        0x4 c:/users/nrasheed/open-amp-master/libs/system/cyclone_v_soc_dk/baremetal\libbaremetal_remote.a(baremetal.o)
                0x0100ff40                old_value
 .bss           0x0100ff44       0x34 c:/mgc/embedded201406/readystart-arm/codebench/bin/../lib/gcc/arm-none-eabi/4.8.3/../../../../arm-none-eabi/lib\libc.a(lib_a-mallocr.o)
                0x0100ff44                __malloc_top_pad
                0x0100ff48                __malloc_current_mallinfo
                0x0100ff70                __malloc_max_sbrked_mem
                0x0100ff74                __malloc_max_total_mem
 .bss           0x0100ff78       0x7c c:/mgc/embedded201406/readystart-arm/codebench/bin/../lib/gcc/arm-none-eabi/4.8.3/../../../../arm-none-eabi/lib\libc.a(lib_a-stdout.o)
                0x0100ff78                _cslibc_global__stdout
                0x0100ffe4                __stdout
 .bss           0x0100fff4        0x8 c:/mgc/embedded201406/readystart-arm/codebench/bin/../lib/gcc/arm-none-eabi/4.8.3/../../../../arm-none-eabi/lib\libc.a(lib_a-cleanupg.o)
                0x0100fff4                _cslibc_global___cleanup
                0x0100fff8                _cslibc_global___sdidinit
 .bss           0x0100fffc       0x10 c:/mgc/embedded201406/readystart-arm/codebench/bin/../lib/gcc/arm-none-eabi/4.8.3/../../../../arm-none-eabi/lib\libc.a(lib_a-dtoag.o)
                0x0100fffc                _cslibc_global__freelist
                0x01010000                _cslibc_global__p5s
                0x01010004                _cslibc_global__result_k
                0x01010008                _cslibc_global__result
 .bss           0x0101000c        0x4 c:/mgc/embedded201406/readystart-arm/codebench/bin/../lib/gcc/arm-none-eabi/4.8.3/../../../../arm-none-eabi/lib\libc.a(lib_a-errnog.o)
                0x0101000c                _cslibc_global__errno
 .bss           0x01010010        0x0 c:/mgc/embedded201406/readystart-arm/codebench/bin/../lib/gcc/arm-none-eabi/4.8.3/../../../../arm-none-eabi/lib\libc.a(lib_a-impure.o)
 .bss           0x01010010        0xc c:/mgc/embedded201406/readystart-arm/codebench/bin/../lib/gcc/arm-none-eabi/4.8.3/../../../../arm-none-eabi/lib\libc.a(lib_a-sglueg.o)
                0x01010010                _cslibc_global___sglue
 *(COMMON)
                0x01010020                . = ALIGN (0x8)
 *fill*         0x0101001c        0x4 
 *(.ram.b .bss.ram)
                0x01010020                . = ALIGN (0x8)
                0x01010020                _end = .
                0x01010020                __end = .
                0x20000000                __cs3_region_end_ram = (__cs3_region_start_ram + 0x1f000000)
                0x1f000000                __cs3_region_size_ram = 0x1f000000
                0x01000000                __cs3_region_init_ram = LOADADDR (.text)
                0x0000dcb0                __cs3_region_init_size_ram = (_edata - ADDR (.text))
                0x00002370                __cs3_region_zero_size_ram = (_end - _edata)

.stab
 *(.stab)

.stabstr
 *(.stabstr)

.debug
 *(.debug)

.line
 *(.line)

.debug_srcinfo
 *(.debug_srcinfo)

.debug_sfnames
 *(.debug_sfnames)

.debug_aranges  0x00000000      0xb40
 *(.debug_aranges)
 .debug_aranges
                0x00000000       0x68 tests/remote/baremetal/func_test_suite/func_test_suite.o
 .debug_aranges
                0x00000068       0x18 tests/remote/baremetal/func_test_suite/rsc_table.o
 .debug_aranges
                0x00000080       0x48 c:/users/nrasheed/open-amp-master/libs/open_amp\libopen_amp.a(remoteproc.o)
 .debug_aranges
                0x000000c8       0x50 c:/users/nrasheed/open-amp-master/libs/open_amp\libopen_amp.a(remoteproc_loader.o)
 .debug_aranges
                0x00000118       0x50 c:/users/nrasheed/open-amp-master/libs/open_amp\libopen_amp.a(rsc_table_parser.o)
 .debug_aranges
                0x00000168       0x58 c:/users/nrasheed/open-amp-master/libs/open_amp\libopen_amp.a(rpmsg.o)
 .debug_aranges
                0x000001c0       0xb0 c:/users/nrasheed/open-amp-master/libs/open_amp\libopen_amp.a(rpmsg_core.o)
 .debug_aranges
                0x00000270       0xd8 c:/users/nrasheed/open-amp-master/libs/open_amp\libopen_amp.a(virtqueue.o)
 .debug_aranges
                0x00000348       0x98 c:/users/nrasheed/open-amp-master/libs/open_amp\libopen_amp.a(hil.o)
 .debug_aranges
                0x000003e0       0x28 c:/users/nrasheed/open-amp-master/libs/open_amp\libopen_amp.a(llist.o)
 .debug_aranges
                0x00000408       0x40 c:/users/nrasheed/open-amp-master/libs/open_amp\libopen_amp.a(sh_mem.o)
 .debug_aranges
                0x00000448       0x20 c:/users/nrasheed/open-amp-master/libs/open_amp\libopen_amp.a(config.o)
 .debug_aranges
                0x00000468       0x28 c:/users/nrasheed/open-amp-master/libs/open_amp\libopen_amp.a(platform_info.o)
 .debug_aranges
                0x00000490      0x130 c:/users/nrasheed/open-amp-master/libs/open_amp\libopen_amp.a(bm_env.o)
 .debug_aranges
                0x000005c0       0xa0 c:/users/nrasheed/open-amp-master/libs/open_amp\libopen_amp.a(elf_loader.o)
 .debug_aranges
                0x00000660       0xa0 c:/users/nrasheed/open-amp-master/libs/open_amp\libopen_amp.a(remote_device.o)
 .debug_aranges
                0x00000700       0x40 c:/users/nrasheed/open-amp-master/libs/open_amp\libopen_amp.a(platform.o)
 .debug_aranges
                0x00000740       0x20 c:/users/nrasheed/open-amp-master/libs/open_amp\libopen_amp.a(cyclone_trampoline.o)
 .debug_aranges
                0x00000760       0x98 c:/users/nrasheed/open-amp-master/libs/system/cyclone_v_soc_dk/baremetal\libbaremetal_remote.a(baremetal.o)
 .debug_aranges
                0x000007f8       0x28 c:/mgc/embedded201406/readystart-arm/codebench/bin/../lib/gcc/arm-none-eabi/4.8.3/../../../../arm-none-eabi/lib\libcs3.a(start_c.o)
 .debug_aranges
                0x00000820       0x28 c:/mgc/embedded201406/readystart-arm/codebench/bin/../lib/gcc/arm-none-eabi/4.8.3/../../../../arm-none-eabi/lib\libcs3.a(cycloneV-dk-reset-ram.o)
 .debug_aranges
                0x00000848       0x20 c:/mgc/embedded201406/readystart-arm/codebench/bin/../lib/gcc/arm-none-eabi/4.8.3/../../../../arm-none-eabi/lib\libcs3arm.a(arm-vector.o)
 .debug_aranges
                0x00000868       0x20 c:/mgc/embedded201406/readystart-arm/codebench/bin/../lib/gcc/arm-none-eabi/4.8.3/../../../../arm-none-eabi/lib\libcs3arm.a(arm_isr_interrupt.o)
 .debug_aranges
                0x00000888       0x20 c:/mgc/embedded201406/readystart-arm/codebench/bin/../lib/gcc/arm-none-eabi/4.8.3/../../../../arm-none-eabi/lib\libcs3arm.a(arm_isr_undef.o)
 .debug_aranges
                0x000008a8       0x20 c:/mgc/embedded201406/readystart-arm/codebench/bin/../lib/gcc/arm-none-eabi/4.8.3/../../../../arm-none-eabi/lib\libcs3arm.a(arm_isr_swi.o)
 .debug_aranges
                0x000008c8       0x20 c:/mgc/embedded201406/readystart-arm/codebench/bin/../lib/gcc/arm-none-eabi/4.8.3/../../../../arm-none-eabi/lib\libcs3arm.a(arm_isr_pabort.o)
 .debug_aranges
                0x000008e8       0x20 c:/mgc/embedded201406/readystart-arm/codebench/bin/../lib/gcc/arm-none-eabi/4.8.3/../../../../arm-none-eabi/lib\libcs3arm.a(arm_isr_dabort.o)
 .debug_aranges
                0x00000908       0x20 c:/mgc/embedded201406/readystart-arm/codebench/bin/../lib/gcc/arm-none-eabi/4.8.3/../../../../arm-none-eabi/lib\libcs3unhosted.a(unhosted-_close.o)
 .debug_aranges
                0x00000928       0x20 c:/mgc/embedded201406/readystart-arm/codebench/bin/../lib/gcc/arm-none-eabi/4.8.3/../../../../arm-none-eabi/lib\libcs3unhosted.a(unhosted-_read.o)
 .debug_aranges
                0x00000948       0x20 c:/mgc/embedded201406/readystart-arm/codebench/bin/../lib/gcc/arm-none-eabi/4.8.3/../../../../arm-none-eabi/lib\libcs3unhosted.a(unhosted-_write.o)
 .debug_aranges
                0x00000968       0x20 c:/mgc/embedded201406/readystart-arm/codebench/bin/../lib/gcc/arm-none-eabi/4.8.3/../../../../arm-none-eabi/lib\libcs3unhosted.a(unhosted-sbrk.o)
 .debug_aranges
                0x00000988       0x20 c:/mgc/embedded201406/readystart-arm/codebench/bin/../lib/gcc/arm-none-eabi/4.8.3/../../../../arm-none-eabi/lib\libcs3unhosted.a(unhosted-start.o)
 .debug_aranges
                0x000009a8       0x18 c:/mgc/embedded201406/readystart-arm/codebench/bin/../lib/gcc/arm-none-eabi/4.8.3/../../../../arm-none-eabi/lib\libcs3.a(heap.o)
 .debug_aranges
                0x000009c0       0x20 c:/mgc/embedded201406/readystart-arm/codebench/bin/../lib/gcc/arm-none-eabi/4.8.3\libgcc.a(_udivsi3.o)
 .debug_aranges
                0x000009e0       0x20 c:/mgc/embedded201406/readystart-arm/codebench/bin/../lib/gcc/arm-none-eabi/4.8.3\libgcc.a(_divsi3.o)
 .debug_aranges
                0x00000a00       0x20 c:/mgc/embedded201406/readystart-arm/codebench/bin/../lib/gcc/arm-none-eabi/4.8.3\libgcc.a(_dvmd_tls.o)
 .debug_aranges
                0x00000a20       0x20 c:/mgc/embedded201406/readystart-arm/codebench/bin/../lib/gcc/arm-none-eabi/4.8.3\libgcc.a(_arm_addsubdf3.o)
 .debug_aranges
                0x00000a40       0x20 c:/mgc/embedded201406/readystart-arm/codebench/bin/../lib/gcc/arm-none-eabi/4.8.3\libgcc.a(_arm_muldivdf3.o)
 .debug_aranges
                0x00000a60       0x20 c:/mgc/embedded201406/readystart-arm/codebench/bin/../lib/gcc/arm-none-eabi/4.8.3\libgcc.a(_arm_cmpdf2.o)
 .debug_aranges
                0x00000a80       0x20 c:/mgc/embedded201406/readystart-arm/codebench/bin/../lib/gcc/arm-none-eabi/4.8.3\libgcc.a(_arm_fixdfsi.o)
 .debug_aranges
                0x00000aa0       0x20 c:/mgc/embedded201406/readystart-arm/codebench/bin/../lib/gcc/arm-none-eabi/4.8.3\libgcc.a(_aeabi_uldivmod.o)
 .debug_aranges
                0x00000ac0       0x20 c:/mgc/embedded201406/readystart-arm/codebench/bin/../lib/gcc/arm-none-eabi/4.8.3\libgcc.a(bpabi.o)
 .debug_aranges
                0x00000ae0       0x20 c:/mgc/embedded201406/readystart-arm/codebench/bin/../lib/gcc/arm-none-eabi/4.8.3\libgcc.a(_divdi3.o)
 .debug_aranges
                0x00000b00       0x20 c:/mgc/embedded201406/readystart-arm/codebench/bin/../lib/gcc/arm-none-eabi/4.8.3\libgcc.a(_udivdi3.o)
 .debug_aranges
                0x00000b20       0x20 c:/mgc/embedded201406/readystart-arm/codebench/bin/../lib/gcc/arm-none-eabi/4.8.3\libgcc.a(_clzsi2.o)

.debug_pubnames
 *(.debug_pubnames)

.debug_info     0x00000000     0xdca2
 *(.debug_info .gnu.linkonce.wi.*)
 .debug_info    0x00000000     0x12ee tests/remote/baremetal/func_test_suite/func_test_suite.o
 .debug_info    0x000012ee      0x2e9 tests/remote/baremetal/func_test_suite/rsc_table.o
 .debug_info    0x000015d7      0xfd0 c:/users/nrasheed/open-amp-master/libs/open_amp\libopen_amp.a(remoteproc.o)
 .debug_info    0x000025a7      0x319 c:/users/nrasheed/open-amp-master/libs/open_amp\libopen_amp.a(remoteproc_loader.o)
 .debug_info    0x000028c0     0x10c2 c:/users/nrasheed/open-amp-master/libs/open_amp\libopen_amp.a(rsc_table_parser.o)
 .debug_info    0x00003982      0xf30 c:/users/nrasheed/open-amp-master/libs/open_amp\libopen_amp.a(rpmsg.o)
 .debug_info    0x000048b2     0x1481 c:/users/nrasheed/open-amp-master/libs/open_amp\libopen_amp.a(rpmsg_core.o)
 .debug_info    0x00005d33      0xce3 c:/users/nrasheed/open-amp-master/libs/open_amp\libopen_amp.a(virtqueue.o)
 .debug_info    0x00006a16      0xd04 c:/users/nrasheed/open-amp-master/libs/open_amp\libopen_amp.a(hil.o)
 .debug_info    0x0000771a       0xf2 c:/users/nrasheed/open-amp-master/libs/open_amp\libopen_amp.a(llist.o)
 .debug_info    0x0000780c      0x2ed c:/users/nrasheed/open-amp-master/libs/open_amp\libopen_amp.a(sh_mem.o)
 .debug_info    0x00007af9      0x180 c:/users/nrasheed/open-amp-master/libs/open_amp\libopen_amp.a(config.o)
 .debug_info    0x00007c79      0x945 c:/users/nrasheed/open-amp-master/libs/open_amp\libopen_amp.a(platform_info.o)
 .debug_info    0x000085be      0x960 c:/users/nrasheed/open-amp-master/libs/open_amp\libopen_amp.a(bm_env.o)
 .debug_info    0x00008f1e      0xa93 c:/users/nrasheed/open-amp-master/libs/open_amp\libopen_amp.a(elf_loader.o)
 .debug_info    0x000099b1     0x1226 c:/users/nrasheed/open-amp-master/libs/open_amp\libopen_amp.a(remote_device.o)
 .debug_info    0x0000abd7      0x8c1 c:/users/nrasheed/open-amp-master/libs/open_amp\libopen_amp.a(platform.o)
 .debug_info    0x0000b498       0x79 c:/users/nrasheed/open-amp-master/libs/open_amp\libopen_amp.a(cyclone_trampoline.o)
 .debug_info    0x0000b511      0x802 c:/users/nrasheed/open-amp-master/libs/system/cyclone_v_soc_dk/baremetal\libbaremetal_remote.a(baremetal.o)
 .debug_info    0x0000bd13      0x231 c:/mgc/embedded201406/readystart-arm/codebench/bin/../lib/gcc/arm-none-eabi/4.8.3/../../../../arm-none-eabi/lib\libcs3.a(start_c.o)
 .debug_info    0x0000bf44       0xe3 c:/mgc/embedded201406/readystart-arm/codebench/bin/../lib/gcc/arm-none-eabi/4.8.3/../../../../arm-none-eabi/lib\libcs3.a(cycloneV-dk-reset-ram.o)
 .debug_info    0x0000c027       0xdc c:/mgc/embedded201406/readystart-arm/codebench/bin/../lib/gcc/arm-none-eabi/4.8.3/../../../../arm-none-eabi/lib\libcs3arm.a(arm-vector.o)
 .debug_info    0x0000c103       0xda c:/mgc/embedded201406/readystart-arm/codebench/bin/../lib/gcc/arm-none-eabi/4.8.3/../../../../arm-none-eabi/lib\libcs3arm.a(arm_isr_interrupt.o)
 .debug_info    0x0000c1dd       0xda c:/mgc/embedded201406/readystart-arm/codebench/bin/../lib/gcc/arm-none-eabi/4.8.3/../../../../arm-none-eabi/lib\libcs3arm.a(arm_isr_undef.o)
 .debug_info    0x0000c2b7       0xda c:/mgc/embedded201406/readystart-arm/codebench/bin/../lib/gcc/arm-none-eabi/4.8.3/../../../../arm-none-eabi/lib\libcs3arm.a(arm_isr_swi.o)
 .debug_info    0x0000c391       0xda c:/mgc/embedded201406/readystart-arm/codebench/bin/../lib/gcc/arm-none-eabi/4.8.3/../../../../arm-none-eabi/lib\libcs3arm.a(arm_isr_pabort.o)
 .debug_info    0x0000c46b       0xda c:/mgc/embedded201406/readystart-arm/codebench/bin/../lib/gcc/arm-none-eabi/4.8.3/../../../../arm-none-eabi/lib\libcs3arm.a(arm_isr_dabort.o)
 .debug_info    0x0000c545       0xa6 c:/mgc/embedded201406/readystart-arm/codebench/bin/../lib/gcc/arm-none-eabi/4.8.3/../../../../arm-none-eabi/lib\libcs3unhosted.a(unhosted-_close.o)
 .debug_info    0x0000c5eb       0xca c:/mgc/embedded201406/readystart-arm/codebench/bin/../lib/gcc/arm-none-eabi/4.8.3/../../../../arm-none-eabi/lib\libcs3unhosted.a(unhosted-_read.o)
 .debug_info    0x0000c6b5       0xcf c:/mgc/embedded201406/readystart-arm/codebench/bin/../lib/gcc/arm-none-eabi/4.8.3/../../../../arm-none-eabi/lib\libcs3unhosted.a(unhosted-_write.o)
 .debug_info    0x0000c784       0xfb c:/mgc/embedded201406/readystart-arm/codebench/bin/../lib/gcc/arm-none-eabi/4.8.3/../../../../arm-none-eabi/lib\libcs3unhosted.a(unhosted-sbrk.o)
 .debug_info    0x0000c87f       0xd7 c:/mgc/embedded201406/readystart-arm/codebench/bin/../lib/gcc/arm-none-eabi/4.8.3/../../../../arm-none-eabi/lib\libcs3unhosted.a(unhosted-start.o)
 .debug_info    0x0000c956       0x3f c:/mgc/embedded201406/readystart-arm/codebench/bin/../lib/gcc/arm-none-eabi/4.8.3/../../../../arm-none-eabi/lib\libcs3.a(heap.o)
 .debug_info    0x0000c995       0xb6 c:/mgc/embedded201406/readystart-arm/codebench/bin/../lib/gcc/arm-none-eabi/4.8.3\libgcc.a(_udivsi3.o)
 .debug_info    0x0000ca4b       0xb6 c:/mgc/embedded201406/readystart-arm/codebench/bin/../lib/gcc/arm-none-eabi/4.8.3\libgcc.a(_divsi3.o)
 .debug_info    0x0000cb01       0xb6 c:/mgc/embedded201406/readystart-arm/codebench/bin/../lib/gcc/arm-none-eabi/4.8.3\libgcc.a(_dvmd_tls.o)
 .debug_info    0x0000cbb7       0xb7 c:/mgc/embedded201406/readystart-arm/codebench/bin/../lib/gcc/arm-none-eabi/4.8.3\libgcc.a(_arm_addsubdf3.o)
 .debug_info    0x0000cc6e       0xb7 c:/mgc/embedded201406/readystart-arm/codebench/bin/../lib/gcc/arm-none-eabi/4.8.3\libgcc.a(_arm_muldivdf3.o)
 .debug_info    0x0000cd25       0xb7 c:/mgc/embedded201406/readystart-arm/codebench/bin/../lib/gcc/arm-none-eabi/4.8.3\libgcc.a(_arm_cmpdf2.o)
 .debug_info    0x0000cddc       0xb7 c:/mgc/embedded201406/readystart-arm/codebench/bin/../lib/gcc/arm-none-eabi/4.8.3\libgcc.a(_arm_fixdfsi.o)
 .debug_info    0x0000ce93       0xb2 c:/mgc/embedded201406/readystart-arm/codebench/bin/../lib/gcc/arm-none-eabi/4.8.3\libgcc.a(_aeabi_uldivmod.o)
 .debug_info    0x0000cf45      0x160 c:/mgc/embedded201406/readystart-arm/codebench/bin/../lib/gcc/arm-none-eabi/4.8.3\libgcc.a(bpabi.o)
 .debug_info    0x0000d0a5      0x5c4 c:/mgc/embedded201406/readystart-arm/codebench/bin/../lib/gcc/arm-none-eabi/4.8.3\libgcc.a(_divdi3.o)
 .debug_info    0x0000d669      0x583 c:/mgc/embedded201406/readystart-arm/codebench/bin/../lib/gcc/arm-none-eabi/4.8.3\libgcc.a(_udivdi3.o)
 .debug_info    0x0000dbec       0xb6 c:/mgc/embedded201406/readystart-arm/codebench/bin/../lib/gcc/arm-none-eabi/4.8.3\libgcc.a(_clzsi2.o)

.debug_abbrev   0x00000000     0x2615
 *(.debug_abbrev)
 .debug_abbrev  0x00000000      0x1fe tests/remote/baremetal/func_test_suite/func_test_suite.o
 .debug_abbrev  0x000001fe       0xcc tests/remote/baremetal/func_test_suite/rsc_table.o
 .debug_abbrev  0x000002ca      0x18a c:/users/nrasheed/open-amp-master/libs/open_amp\libopen_amp.a(remoteproc.o)
 .debug_abbrev  0x00000454       0xdb c:/users/nrasheed/open-amp-master/libs/open_amp\libopen_amp.a(remoteproc_loader.o)
 .debug_abbrev  0x0000052f      0x19b c:/users/nrasheed/open-amp-master/libs/open_amp\libopen_amp.a(rsc_table_parser.o)
 .debug_abbrev  0x000006ca      0x1e9 c:/users/nrasheed/open-amp-master/libs/open_amp\libopen_amp.a(rpmsg.o)
 .debug_abbrev  0x000008b3      0x239 c:/users/nrasheed/open-amp-master/libs/open_amp\libopen_amp.a(rpmsg_core.o)
 .debug_abbrev  0x00000aec      0x23f c:/users/nrasheed/open-amp-master/libs/open_amp\libopen_amp.a(virtqueue.o)
 .debug_abbrev  0x00000d2b      0x1e2 c:/users/nrasheed/open-amp-master/libs/open_amp\libopen_amp.a(hil.o)
 .debug_abbrev  0x00000f0d       0x93 c:/users/nrasheed/open-amp-master/libs/open_amp\libopen_amp.a(llist.o)
 .debug_abbrev  0x00000fa0       0xf5 c:/users/nrasheed/open-amp-master/libs/open_amp\libopen_amp.a(sh_mem.o)
 .debug_abbrev  0x00001095       0xcb c:/users/nrasheed/open-amp-master/libs/open_amp\libopen_amp.a(config.o)
 .debug_abbrev  0x00001160      0x151 c:/users/nrasheed/open-amp-master/libs/open_amp\libopen_amp.a(platform_info.o)
 .debug_abbrev  0x000012b1      0x2b2 c:/users/nrasheed/open-amp-master/libs/open_amp\libopen_amp.a(bm_env.o)
 .debug_abbrev  0x00001563      0x19a c:/users/nrasheed/open-amp-master/libs/open_amp\libopen_amp.a(elf_loader.o)
 .debug_abbrev  0x000016fd      0x24a c:/users/nrasheed/open-amp-master/libs/open_amp\libopen_amp.a(remote_device.o)
 .debug_abbrev  0x00001947      0x171 c:/users/nrasheed/open-amp-master/libs/open_amp\libopen_amp.a(platform.o)
 .debug_abbrev  0x00001ab8       0x14 c:/users/nrasheed/open-amp-master/libs/open_amp\libopen_amp.a(cyclone_trampoline.o)
 .debug_abbrev  0x00001acc      0x248 c:/users/nrasheed/open-amp-master/libs/system/cyclone_v_soc_dk/baremetal\libbaremetal_remote.a(baremetal.o)
 .debug_abbrev  0x00001d14      0x127 c:/mgc/embedded201406/readystart-arm/codebench/bin/../lib/gcc/arm-none-eabi/4.8.3/../../../../arm-none-eabi/lib\libcs3.a(start_c.o)
 .debug_abbrev  0x00001e3b       0x12 c:/mgc/embedded201406/readystart-arm/codebench/bin/../lib/gcc/arm-none-eabi/4.8.3/../../../../arm-none-eabi/lib\libcs3.a(cycloneV-dk-reset-ram.o)
 .debug_abbrev  0x00001e4d       0x14 c:/mgc/embedded201406/readystart-arm/codebench/bin/../lib/gcc/arm-none-eabi/4.8.3/../../../../arm-none-eabi/lib\libcs3arm.a(arm-vector.o)
 .debug_abbrev  0x00001e61       0x14 c:/mgc/embedded201406/readystart-arm/codebench/bin/../lib/gcc/arm-none-eabi/4.8.3/../../../../arm-none-eabi/lib\libcs3arm.a(arm_isr_interrupt.o)
 .debug_abbrev  0x00001e75       0x14 c:/mgc/embedded201406/readystart-arm/codebench/bin/../lib/gcc/arm-none-eabi/4.8.3/../../../../arm-none-eabi/lib\libcs3arm.a(arm_isr_undef.o)
 .debug_abbrev  0x00001e89       0x14 c:/mgc/embedded201406/readystart-arm/codebench/bin/../lib/gcc/arm-none-eabi/4.8.3/../../../../arm-none-eabi/lib\libcs3arm.a(arm_isr_swi.o)
 .debug_abbrev  0x00001e9d       0x14 c:/mgc/embedded201406/readystart-arm/codebench/bin/../lib/gcc/arm-none-eabi/4.8.3/../../../../arm-none-eabi/lib\libcs3arm.a(arm_isr_pabort.o)
 .debug_abbrev  0x00001eb1       0x14 c:/mgc/embedded201406/readystart-arm/codebench/bin/../lib/gcc/arm-none-eabi/4.8.3/../../../../arm-none-eabi/lib\libcs3arm.a(arm_isr_dabort.o)
 .debug_abbrev  0x00001ec5       0xa2 c:/mgc/embedded201406/readystart-arm/codebench/bin/../lib/gcc/arm-none-eabi/4.8.3/../../../../arm-none-eabi/lib\libcs3unhosted.a(unhosted-_close.o)
 .debug_abbrev  0x00001f67       0xa2 c:/mgc/embedded201406/readystart-arm/codebench/bin/../lib/gcc/arm-none-eabi/4.8.3/../../../../arm-none-eabi/lib\libcs3unhosted.a(unhosted-_read.o)
 .debug_abbrev  0x00002009       0xa2 c:/mgc/embedded201406/readystart-arm/codebench/bin/../lib/gcc/arm-none-eabi/4.8.3/../../../../arm-none-eabi/lib\libcs3unhosted.a(unhosted-_write.o)
 .debug_abbrev  0x000020ab       0xf2 c:/mgc/embedded201406/readystart-arm/codebench/bin/../lib/gcc/arm-none-eabi/4.8.3/../../../../arm-none-eabi/lib\libcs3unhosted.a(unhosted-sbrk.o)
 .debug_abbrev  0x0000219d       0x14 c:/mgc/embedded201406/readystart-arm/codebench/bin/../lib/gcc/arm-none-eabi/4.8.3/../../../../arm-none-eabi/lib\libcs3unhosted.a(unhosted-start.o)
 .debug_abbrev  0x000021b1       0x42 c:/mgc/embedded201406/readystart-arm/codebench/bin/../lib/gcc/arm-none-eabi/4.8.3/../../../../arm-none-eabi/lib\libcs3.a(heap.o)
 .debug_abbrev  0x000021f3       0x14 c:/mgc/embedded201406/readystart-arm/codebench/bin/../lib/gcc/arm-none-eabi/4.8.3\libgcc.a(_udivsi3.o)
 .debug_abbrev  0x00002207       0x14 c:/mgc/embedded201406/readystart-arm/codebench/bin/../lib/gcc/arm-none-eabi/4.8.3\libgcc.a(_divsi3.o)
 .debug_abbrev  0x0000221b       0x14 c:/mgc/embedded201406/readystart-arm/codebench/bin/../lib/gcc/arm-none-eabi/4.8.3\libgcc.a(_dvmd_tls.o)
 .debug_abbrev  0x0000222f       0x14 c:/mgc/embedded201406/readystart-arm/codebench/bin/../lib/gcc/arm-none-eabi/4.8.3\libgcc.a(_arm_addsubdf3.o)
 .debug_abbrev  0x00002243       0x14 c:/mgc/embedded201406/readystart-arm/codebench/bin/../lib/gcc/arm-none-eabi/4.8.3\libgcc.a(_arm_muldivdf3.o)
 .debug_abbrev  0x00002257       0x14 c:/mgc/embedded201406/readystart-arm/codebench/bin/../lib/gcc/arm-none-eabi/4.8.3\libgcc.a(_arm_cmpdf2.o)
 .debug_abbrev  0x0000226b       0x14 c:/mgc/embedded201406/readystart-arm/codebench/bin/../lib/gcc/arm-none-eabi/4.8.3\libgcc.a(_arm_fixdfsi.o)
 .debug_abbrev  0x0000227f       0x14 c:/mgc/embedded201406/readystart-arm/codebench/bin/../lib/gcc/arm-none-eabi/4.8.3\libgcc.a(_aeabi_uldivmod.o)
 .debug_abbrev  0x00002293       0xb5 c:/mgc/embedded201406/readystart-arm/codebench/bin/../lib/gcc/arm-none-eabi/4.8.3\libgcc.a(bpabi.o)
 .debug_abbrev  0x00002348      0x165 c:/mgc/embedded201406/readystart-arm/codebench/bin/../lib/gcc/arm-none-eabi/4.8.3\libgcc.a(_divdi3.o)
 .debug_abbrev  0x000024ad      0x154 c:/mgc/embedded201406/readystart-arm/codebench/bin/../lib/gcc/arm-none-eabi/4.8.3\libgcc.a(_udivdi3.o)
 .debug_abbrev  0x00002601       0x14 c:/mgc/embedded201406/readystart-arm/codebench/bin/../lib/gcc/arm-none-eabi/4.8.3\libgcc.a(_clzsi2.o)

.debug_line     0x00000000     0x7440
 *(.debug_line)
 .debug_line    0x00000000      0x9dd tests/remote/baremetal/func_test_suite/func_test_suite.o
 .debug_line    0x000009dd      0x80f tests/remote/baremetal/func_test_suite/rsc_table.o
 .debug_line    0x000011ec      0x6a7 c:/users/nrasheed/open-amp-master/libs/open_amp\libopen_amp.a(remoteproc.o)
 .debug_line    0x00001893      0x638 c:/users/nrasheed/open-amp-master/libs/open_amp\libopen_amp.a(remoteproc_loader.o)
 .debug_line    0x00001ecb      0x6da c:/users/nrasheed/open-amp-master/libs/open_amp\libopen_amp.a(rsc_table_parser.o)
 .debug_line    0x000025a5      0x578 c:/users/nrasheed/open-amp-master/libs/open_amp\libopen_amp.a(rpmsg.o)
 .debug_line    0x00002b1d      0x6df c:/users/nrasheed/open-amp-master/libs/open_amp\libopen_amp.a(rpmsg_core.o)
 .debug_line    0x000031fc      0x525 c:/users/nrasheed/open-amp-master/libs/open_amp\libopen_amp.a(virtqueue.o)
 .debug_line    0x00003721      0x47b c:/users/nrasheed/open-amp-master/libs/open_amp\libopen_amp.a(hil.o)
 .debug_line    0x00003b9c       0x7a c:/users/nrasheed/open-amp-master/libs/open_amp\libopen_amp.a(llist.o)
 .debug_line    0x00003c16      0x310 c:/users/nrasheed/open-amp-master/libs/open_amp\libopen_amp.a(sh_mem.o)
 .debug_line    0x00003f26      0x255 c:/users/nrasheed/open-amp-master/libs/open_amp\libopen_amp.a(config.o)
 .debug_line    0x0000417b      0x484 c:/users/nrasheed/open-amp-master/libs/open_amp\libopen_amp.a(platform_info.o)
 .debug_line    0x000045ff      0x5e6 c:/users/nrasheed/open-amp-master/libs/open_amp\libopen_amp.a(bm_env.o)
 .debug_line    0x00004be5      0x7a0 c:/users/nrasheed/open-amp-master/libs/open_amp\libopen_amp.a(elf_loader.o)
 .debug_line    0x00005385      0x6ae c:/users/nrasheed/open-amp-master/libs/open_amp\libopen_amp.a(remote_device.o)
 .debug_line    0x00005a33      0x4bb c:/users/nrasheed/open-amp-master/libs/open_amp\libopen_amp.a(platform.o)
 .debug_line    0x00005eee       0x5e c:/users/nrasheed/open-amp-master/libs/open_amp\libopen_amp.a(cyclone_trampoline.o)
 .debug_line    0x00005f4c      0x44a c:/users/nrasheed/open-amp-master/libs/system/cyclone_v_soc_dk/baremetal\libbaremetal_remote.a(baremetal.o)
 .debug_line    0x00006396       0xfd c:/mgc/embedded201406/readystart-arm/codebench/bin/../lib/gcc/arm-none-eabi/4.8.3/../../../../arm-none-eabi/lib\libcs3.a(start_c.o)
 .debug_line    0x00006493       0x9a c:/mgc/embedded201406/readystart-arm/codebench/bin/../lib/gcc/arm-none-eabi/4.8.3/../../../../arm-none-eabi/lib\libcs3.a(cycloneV-dk-reset-ram.o)
 .debug_line    0x0000652d       0x6b c:/mgc/embedded201406/readystart-arm/codebench/bin/../lib/gcc/arm-none-eabi/4.8.3/../../../../arm-none-eabi/lib\libcs3arm.a(arm-vector.o)
 .debug_line    0x00006598       0x62 c:/mgc/embedded201406/readystart-arm/codebench/bin/../lib/gcc/arm-none-eabi/4.8.3/../../../../arm-none-eabi/lib\libcs3arm.a(arm_isr_interrupt.o)
 .debug_line    0x000065fa       0x62 c:/mgc/embedded201406/readystart-arm/codebench/bin/../lib/gcc/arm-none-eabi/4.8.3/../../../../arm-none-eabi/lib\libcs3arm.a(arm_isr_undef.o)
 .debug_line    0x0000665c       0x62 c:/mgc/embedded201406/readystart-arm/codebench/bin/../lib/gcc/arm-none-eabi/4.8.3/../../../../arm-none-eabi/lib\libcs3arm.a(arm_isr_swi.o)
 .debug_line    0x000066be       0x62 c:/mgc/embedded201406/readystart-arm/codebench/bin/../lib/gcc/arm-none-eabi/4.8.3/../../../../arm-none-eabi/lib\libcs3arm.a(arm_isr_pabort.o)
 .debug_line    0x00006720       0x63 c:/mgc/embedded201406/readystart-arm/codebench/bin/../lib/gcc/arm-none-eabi/4.8.3/../../../../arm-none-eabi/lib\libcs3arm.a(arm_isr_dabort.o)
 .debug_line    0x00006783       0xa0 c:/mgc/embedded201406/readystart-arm/codebench/bin/../lib/gcc/arm-none-eabi/4.8.3/../../../../arm-none-eabi/lib\libcs3unhosted.a(unhosted-_close.o)
 .debug_line    0x00006823       0x9f c:/mgc/embedded201406/readystart-arm/codebench/bin/../lib/gcc/arm-none-eabi/4.8.3/../../../../arm-none-eabi/lib\libcs3unhosted.a(unhosted-_read.o)
 .debug_line    0x000068c2       0xa0 c:/mgc/embedded201406/readystart-arm/codebench/bin/../lib/gcc/arm-none-eabi/4.8.3/../../../../arm-none-eabi/lib\libcs3unhosted.a(unhosted-_write.o)
 .debug_line    0x00006962       0xb4 c:/mgc/embedded201406/readystart-arm/codebench/bin/../lib/gcc/arm-none-eabi/4.8.3/../../../../arm-none-eabi/lib\libcs3unhosted.a(unhosted-sbrk.o)
 .debug_line    0x00006a16       0x61 c:/mgc/embedded201406/readystart-arm/codebench/bin/../lib/gcc/arm-none-eabi/4.8.3/../../../../arm-none-eabi/lib\libcs3unhosted.a(unhosted-start.o)
 .debug_line    0x00006a77       0x4f c:/mgc/embedded201406/readystart-arm/codebench/bin/../lib/gcc/arm-none-eabi/4.8.3/../../../../arm-none-eabi/lib\libcs3.a(heap.o)
 .debug_line    0x00006ac6       0x9f c:/mgc/embedded201406/readystart-arm/codebench/bin/../lib/gcc/arm-none-eabi/4.8.3\libgcc.a(_udivsi3.o)
 .debug_line    0x00006b65       0xab c:/mgc/embedded201406/readystart-arm/codebench/bin/../lib/gcc/arm-none-eabi/4.8.3\libgcc.a(_divsi3.o)
 .debug_line    0x00006c10       0x76 c:/mgc/embedded201406/readystart-arm/codebench/bin/../lib/gcc/arm-none-eabi/4.8.3\libgcc.a(_dvmd_tls.o)
 .debug_line    0x00006c86      0x179 c:/mgc/embedded201406/readystart-arm/codebench/bin/../lib/gcc/arm-none-eabi/4.8.3\libgcc.a(_arm_addsubdf3.o)
 .debug_line    0x00006dff      0x195 c:/mgc/embedded201406/readystart-arm/codebench/bin/../lib/gcc/arm-none-eabi/4.8.3\libgcc.a(_arm_muldivdf3.o)